Archive member included to satisfy reference by file (symbol)

c:/progra~2/gnuarm~1/102021~1.10/bin/../lib/gcc/arm-none-eabi/10.3.1/thumb/v6-m/nofp\libgcc.a(_dvmd_tls.o)
                              CMakeFiles/focuser.dir/C_/Users/kd5sn/OneDrive/Documents/Development/pico/pico-sdk/src/rp2_common/pico_divider/divider.S.obj (__aeabi_idiv0)
c:/progra~2/gnuarm~1/102021~1.10/bin/../lib/gcc/arm-none-eabi/10.3.1/../../../../arm-none-eabi/lib/thumb/v6-m/nofp\libg.a(lib_a-calloc.o)
                              CMakeFiles/focuser.dir/C_/Users/kd5sn/OneDrive/Documents/Development/pico/pico-sdk/src/rp2_common/pico_malloc/pico_malloc.c.obj (calloc)
c:/progra~2/gnuarm~1/102021~1.10/bin/../lib/gcc/arm-none-eabi/10.3.1/../../../../arm-none-eabi/lib/thumb/v6-m/nofp\libg.a(lib_a-callocr.o)
                              c:/progra~2/gnuarm~1/102021~1.10/bin/../lib/gcc/arm-none-eabi/10.3.1/../../../../arm-none-eabi/lib/thumb/v6-m/nofp\libg.a(lib_a-calloc.o) (_calloc_r)
c:/progra~2/gnuarm~1/102021~1.10/bin/../lib/gcc/arm-none-eabi/10.3.1/../../../../arm-none-eabi/lib/thumb/v6-m/nofp\libg.a(lib_a-ctype_.o)
                              CMakeFiles/focuser.dir/C_/Users/kd5sn/OneDrive/Documents/Development/pico/pico-sdk/lib/tinyusb/src/tusb.c.obj (_ctype_)
c:/progra~2/gnuarm~1/102021~1.10/bin/../lib/gcc/arm-none-eabi/10.3.1/../../../../arm-none-eabi/lib/thumb/v6-m/nofp\libg.a(lib_a-errno.o)
                              c:/progra~2/gnuarm~1/102021~1.10/bin/../lib/gcc/arm-none-eabi/10.3.1/../../../../arm-none-eabi/lib/thumb/v6-m/nofp\libg.a(lib_a-callocr.o) (__errno)
c:/progra~2/gnuarm~1/102021~1.10/bin/../lib/gcc/arm-none-eabi/10.3.1/../../../../arm-none-eabi/lib/thumb/v6-m/nofp\libg.a(lib_a-impure.o)
                              c:/progra~2/gnuarm~1/102021~1.10/bin/../lib/gcc/arm-none-eabi/10.3.1/../../../../arm-none-eabi/lib/thumb/v6-m/nofp\libg.a(lib_a-calloc.o) (_impure_ptr)
c:/progra~2/gnuarm~1/102021~1.10/bin/../lib/gcc/arm-none-eabi/10.3.1/../../../../arm-none-eabi/lib/thumb/v6-m/nofp\libg.a(lib_a-init.o)
                              c:/progra~2/gnuarm~1/102021~1.10/bin/../lib/gcc/arm-none-eabi/10.3.1/../../../../arm-none-eabi/lib/thumb/v6-m/nofp/crt0.o (__libc_init_array)
c:/progra~2/gnuarm~1/102021~1.10/bin/../lib/gcc/arm-none-eabi/10.3.1/../../../../arm-none-eabi/lib/thumb/v6-m/nofp\libg.a(lib_a-malloc.o)
                              CMakeFiles/focuser.dir/C_/Users/kd5sn/OneDrive/Documents/Development/pico/pico-sdk/src/rp2_common/pico_malloc/pico_malloc.c.obj (malloc)
c:/progra~2/gnuarm~1/102021~1.10/bin/../lib/gcc/arm-none-eabi/10.3.1/../../../../arm-none-eabi/lib/thumb/v6-m/nofp\libg.a(lib_a-mallocr.o)
                              c:/progra~2/gnuarm~1/102021~1.10/bin/../lib/gcc/arm-none-eabi/10.3.1/../../../../arm-none-eabi/lib/thumb/v6-m/nofp\libg.a(lib_a-callocr.o) (_malloc_r)
c:/progra~2/gnuarm~1/102021~1.10/bin/../lib/gcc/arm-none-eabi/10.3.1/../../../../arm-none-eabi/lib/thumb/v6-m/nofp\libg.a(lib_a-mlock.o)
                              c:/progra~2/gnuarm~1/102021~1.10/bin/../lib/gcc/arm-none-eabi/10.3.1/../../../../arm-none-eabi/lib/thumb/v6-m/nofp\libg.a(lib_a-mallocr.o) (__malloc_lock)
c:/progra~2/gnuarm~1/102021~1.10/bin/../lib/gcc/arm-none-eabi/10.3.1/../../../../arm-none-eabi/lib/thumb/v6-m/nofp\libg.a(lib_a-sbrkr.o)
                              c:/progra~2/gnuarm~1/102021~1.10/bin/../lib/gcc/arm-none-eabi/10.3.1/../../../../arm-none-eabi/lib/thumb/v6-m/nofp\libg.a(lib_a-mallocr.o) (_sbrk_r)
c:/progra~2/gnuarm~1/102021~1.10/bin/../lib/gcc/arm-none-eabi/10.3.1/../../../../arm-none-eabi/lib/thumb/v6-m/nofp\libg.a(lib_a-strlen-stub.o)
                              CMakeFiles/focuser.dir/C_/Users/kd5sn/OneDrive/Documents/Development/pico/pico-sdk/src/rp2_common/pico_stdio/stdio.c.obj (strlen)
c:/progra~2/gnuarm~1/102021~1.10/bin/../lib/gcc/arm-none-eabi/10.3.1/../../../../arm-none-eabi/lib/thumb/v6-m/nofp\libg.a(lib_a-freer.o)
                              c:/progra~2/gnuarm~1/102021~1.10/bin/../lib/gcc/arm-none-eabi/10.3.1/../../../../arm-none-eabi/lib/thumb/v6-m/nofp\libg.a(lib_a-malloc.o) (_free_r)
c:/progra~2/gnuarm~1/102021~1.10/bin/../lib/gcc/arm-none-eabi/10.3.1/../../../../arm-none-eabi/lib/thumb/v6-m/nofp\libg.a(lib_a-lock.o)
                              c:/progra~2/gnuarm~1/102021~1.10/bin/../lib/gcc/arm-none-eabi/10.3.1/../../../../arm-none-eabi/lib/thumb/v6-m/nofp\libg.a(lib_a-mlock.o) (__retarget_lock_acquire_recursive)
c:/progra~2/gnuarm~1/102021~1.10/bin/../lib/gcc/arm-none-eabi/10.3.1/../../../../arm-none-eabi/lib/thumb/v6-m/nofp\libg.a(lib_a-reent.o)
                              c:/progra~2/gnuarm~1/102021~1.10/bin/../lib/gcc/arm-none-eabi/10.3.1/../../../../arm-none-eabi/lib/thumb/v6-m/nofp\libg.a(lib_a-sbrkr.o) (errno)

Discarded input sections

 .text          0x00000000        0x0 c:/progra~2/gnuarm~1/102021~1.10/bin/../lib/gcc/arm-none-eabi/10.3.1/thumb/v6-m/nofp/crti.o
[...]
Memory Configuration

Name             Origin             Length             Attributes
FLASH            0x10000000         0x00200000         xr
RAM              0x20000000         0x00040000         xrw
SCRATCH_X        0x20040000         0x00001000         xrw
SCRATCH_Y        0x20041000         0x00001000         xrw
*default*        0x00000000         0xffffffff

Linker script and memory map

LOAD c:/progra~2/gnuarm~1/102021~1.10/bin/../lib/gcc/arm-none-eabi/10.3.1/thumb/v6-m/nofp/crti.o
LOAD c:/progra~2/gnuarm~1/102021~1.10/bin/../lib/gcc/arm-none-eabi/10.3.1/thumb/v6-m/nofp/crtbegin.o
LOAD c:/progra~2/gnuarm~1/102021~1.10/bin/../lib/gcc/arm-none-eabi/10.3.1/../../../../arm-none-eabi/lib/thumb/v6-m/nofp/crt0.o

.flash_begin    0x10000000        0x0
                0x10000000                __flash_binary_start = .

.boot2          0x10000000      0x100
                0x10000000                __boot2_start__ = .
 *(.boot2)
 .boot2         0x10000000      0x100 C:\Users\kd5sn\AppData\Local\Temp\ccCXpHIo.o
                0x10000100                __boot2_end__ = .
                0x00000001                ASSERT (((__boot2_end__ - __boot2_start__) == 0x100), ERROR: Pico second stage bootloader must be 256 bytes in size)

.text           0x10000100     0x6908
                0x10000100                __logical_binary_start = .
 *(.vectors)
 .vectors       0x10000100       0xd4 CMakeFiles/focuser.dir/C_/Users/kd5sn/OneDrive/Documents/Development/pico/pico-sdk/src/rp2_common/pico_standard_link/crt0.S.obj
                0x10000100                __VECTOR_TABLE
                0x10000100                __vectors
                0x100001c0                isr_invalid
                0x100001c0                __default_isrs_start
                0x100001c2                isr_nmi
                0x100001c4                isr_hardfault
                0x100001c6                isr_svcall
                0x100001c8                isr_pendsv
                0x100001ca                isr_systick
                0x100001cc                isr_irq23
                0x100001cc                isr_irq18
                0x100001cc                isr_irq11
                0x100001cc                isr_irq28
                0x100001cc                isr_irq19
                0x100001cc                isr_irq0
                0x100001cc                isr_irq6
                0x100001cc                isr_irq5
                0x100001cc                isr_irq12
                0x100001cc                isr_irq22
                0x100001cc                isr_irq31
                0x100001cc                isr_irq17
                0x100001cc                isr_irq27
                0x100001cc                isr_irq30
                0x100001cc                isr_irq2
                0x100001cc                isr_irq10
                0x100001cc                isr_irq8
                0x100001cc                isr_irq24
                0x100001cc                isr_irq1
                0x100001cc                isr_irq7
                0x100001cc                isr_irq21
                0x100001cc                isr_irq20
                0x100001cc                isr_irq15
                0x100001cc                isr_irq25
                0x100001cc                isr_irq13
                0x100001cc                __unhandled_user_irq
                0x100001cc                isr_irq4
                0x100001cc                isr_irq16
                0x100001cc                isr_irq29
                0x100001cc                isr_irq26
                0x100001cc                __default_isrs_end
                0x100001cc                isr_irq3
                0x100001cc                isr_irq14
                0x100001cc                isr_irq9
                0x100001d2                unhandled_user_irq_num_in_r0
 *(.binary_info_header)
 .binary_info_header
                0x100001d4       0x14 CMakeFiles/focuser.dir/C_/Users/kd5sn/OneDrive/Documents/Development/pico/pico-sdk/src/rp2_common/pico_standard_link/crt0.S.obj
                0x100001e8                __binary_info_header_end = .
 *(.reset)
 .reset         0x100001e8       0xa8 CMakeFiles/focuser.dir/C_/Users/kd5sn/OneDrive/Documents/Development/pico/pico-sdk/src/rp2_common/pico_standard_link/crt0.S.obj
                0x100001e8                _entry_point
                0x10000266                __get_current_exception
 .reset         0x10000290       0x30 CMakeFiles/focuser.dir/C_/Users/kd5sn/OneDrive/Documents/Development/pico/pico-sdk/src/rp2_common/pico_standard_link/binary_info.c.obj
 *(.init)
 .init          0x100002c0        0x4 c:/progra~2/gnuarm~1/102021~1.10/bin/../lib/gcc/arm-none-eabi/10.3.1/thumb/v6-m/nofp/crti.o
                0x100002c0                _init
 *(EXCLUDE_FILE(*libm.a: *libc.a:*lib_a-mem*.o *libgcc.a:) .text*)
 .text          0x100002c4       0x48 c:/progra~2/gnuarm~1/102021~1.10/bin/../lib/gcc/arm-none-eabi/10.3.1/thumb/v6-m/nofp/crtbegin.o
 .text.main     0x1000030c       0x48 CMakeFiles/focuser.dir/focuser.c.obj
                0x1000030c                main
 .text.gpio_set_function
                0x10000354       0x30 CMakeFiles/focuser.dir/C_/Users/kd5sn/OneDrive/Documents/Development/pico/pico-sdk/src/rp2_common/hardware_gpio/gpio.c.obj
                0x10000354                gpio_set_function
 .text.gpio_init
                0x10000384       0x16 CMakeFiles/focuser.dir/C_/Users/kd5sn/OneDrive/Documents/Development/pico/pico-sdk/src/rp2_common/hardware_gpio/gpio.c.obj
                0x10000384                gpio_init
 *fill*         0x1000039a        0x2 
 .text.hw_claim_lock
                0x1000039c       0x18 CMakeFiles/focuser.dir/C_/Users/kd5sn/OneDrive/Documents/Development/pico/pico-sdk/src/rp2_common/hardware_claim/claim.c.obj
                0x1000039c                hw_claim_lock
 .text.hw_claim_unlock
                0x100003b4       0x14 CMakeFiles/focuser.dir/C_/Users/kd5sn/OneDrive/Documents/Development/pico/pico-sdk/src/rp2_common/hardware_claim/claim.c.obj
                0x100003b4                hw_claim_unlock
 .text.hw_claim_or_assert
                0x100003c8       0x32 CMakeFiles/focuser.dir/C_/Users/kd5sn/OneDrive/Documents/Development/pico/pico-sdk/src/rp2_common/hardware_claim/claim.c.obj
                0x100003c8                hw_claim_or_assert
 .text.hw_claim_unused_from_range
                0x100003fa       0x50 CMakeFiles/focuser.dir/C_/Users/kd5sn/OneDrive/Documents/Development/pico/pico-sdk/src/rp2_common/hardware_claim/claim.c.obj
                0x100003fa                hw_claim_unused_from_range
 *fill*         0x1000044a        0x2 
 .text.running_on_fpga
                0x1000044c       0x14 CMakeFiles/focuser.dir/C_/Users/kd5sn/OneDrive/Documents/Development/pico/pico-sdk/src/rp2_common/pico_platform/platform.c.obj
                0x1000044c                running_on_fpga
 .text.spin_locks_reset
                0x10000460       0x20 CMakeFiles/focuser.dir/C_/Users/kd5sn/OneDrive/Documents/Development/pico/pico-sdk/src/rp2_common/hardware_sync/sync.c.obj
                0x10000460                spin_locks_reset
 .text.next_striped_spin_lock_num
                0x10000480       0x1c CMakeFiles/focuser.dir/C_/Users/kd5sn/OneDrive/Documents/Development/pico/pico-sdk/src/rp2_common/hardware_sync/sync.c.obj
                0x10000480                next_striped_spin_lock_num
 .text.spin_lock_claim_unused
                0x1000049c       0x20 CMakeFiles/focuser.dir/C_/Users/kd5sn/OneDrive/Documents/Development/pico/pico-sdk/src/rp2_common/hardware_sync/sync.c.obj
                0x1000049c                spin_lock_claim_unused
 .text.alarm_pool_post_alloc_init
                0x100004bc       0x40 CMakeFiles/focuser.dir/C_/Users/kd5sn/OneDrive/Documents/Development/pico/pico-sdk/src/common/pico_time/time.c.obj
 .text.sleep_until_callback
                0x100004fc       0x30 CMakeFiles/focuser.dir/C_/Users/kd5sn/OneDrive/Documents/Development/pico/pico-sdk/src/common/pico_time/time.c.obj
 .text.timer_pool_entry_comparator
                0x1000052c       0x7c CMakeFiles/focuser.dir/C_/Users/kd5sn/OneDrive/Documents/Development/pico/pico-sdk/src/common/pico_time/time.c.obj
                0x1000052c                timer_pool_entry_comparator
 .text.ph_add_child_node
                0x100005a8       0xa4 CMakeFiles/focuser.dir/C_/Users/kd5sn/OneDrive/Documents/Development/pico/pico-sdk/src/common/pico_time/time.c.obj
 .text.ph_merge_nodes
                0x1000064c       0x3e CMakeFiles/focuser.dir/C_/Users/kd5sn/OneDrive/Documents/Development/pico/pico-sdk/src/common/pico_time/time.c.obj
 *fill*         0x1000068a        0x2 
 .text.add_alarm_under_lock
                0x1000068c      0x174 CMakeFiles/focuser.dir/C_/Users/kd5sn/OneDrive/Documents/Development/pico/pico-sdk/src/common/pico_time/time.c.obj
 .text.alarm_pool_alarm_callback
                0x10000800      0x328 CMakeFiles/focuser.dir/C_/Users/kd5sn/OneDrive/Documents/Development/pico/pico-sdk/src/common/pico_time/time.c.obj
 .text.alarm_pool_init_default
                0x10000b28       0x38 CMakeFiles/focuser.dir/C_/Users/kd5sn/OneDrive/Documents/Development/pico/pico-sdk/src/common/pico_time/time.c.obj
                0x10000b28                alarm_pool_init_default
 .text.alarm_pool_get_default
                0x10000b60       0x2c CMakeFiles/focuser.dir/C_/Users/kd5sn/OneDrive/Documents/Development/pico/pico-sdk/src/common/pico_time/time.c.obj
                0x10000b60                alarm_pool_get_default
 .text.alarm_pool_add_alarm_at
                0x10000b8c      0x170 CMakeFiles/focuser.dir/C_/Users/kd5sn/OneDrive/Documents/Development/pico/pico-sdk/src/common/pico_time/time.c.obj
                0x10000b8c                alarm_pool_add_alarm_at
 .text.alarm_pool_cancel_alarm
                0x10000cfc       0xf0 CMakeFiles/focuser.dir/C_/Users/kd5sn/OneDrive/Documents/Development/pico/pico-sdk/src/common/pico_time/time.c.obj
                0x10000cfc                alarm_pool_cancel_alarm
 .text.sleep_until
                0x10000dec       0xfc CMakeFiles/focuser.dir/C_/Users/kd5sn/OneDrive/Documents/Development/pico/pico-sdk/src/common/pico_time/time.c.obj
                0x10000dec                sleep_until
 .text.sleep_us
                0x10000ee8       0x58 CMakeFiles/focuser.dir/C_/Users/kd5sn/OneDrive/Documents/Development/pico/pico-sdk/src/common/pico_time/time.c.obj
                0x10000ee8                sleep_us
 .text.sleep_ms
                0x10000f40       0x14 CMakeFiles/focuser.dir/C_/Users/kd5sn/OneDrive/Documents/Development/pico/pico-sdk/src/common/pico_time/time.c.obj
                0x10000f40                sleep_ms
 .text.best_effort_wfe_or_timeout
                0x10000f54       0x80 CMakeFiles/focuser.dir/C_/Users/kd5sn/OneDrive/Documents/Development/pico/pico-sdk/src/common/pico_time/time.c.obj
                0x10000f54                best_effort_wfe_or_timeout
 .text.hardware_alarm_irq_handler
                0x10000fd4       0x8c CMakeFiles/focuser.dir/C_/Users/kd5sn/OneDrive/Documents/Development/pico/pico-sdk/src/rp2_common/hardware_timer/timer.c.obj
 .text.hardware_alarm_claim
                0x10001060       0x18 CMakeFiles/focuser.dir/C_/Users/kd5sn/OneDrive/Documents/Development/pico/pico-sdk/src/rp2_common/hardware_timer/timer.c.obj
                0x10001060                hardware_alarm_claim
 .text.time_us_64
                0x10001078       0x18 CMakeFiles/focuser.dir/C_/Users/kd5sn/OneDrive/Documents/Development/pico/pico-sdk/src/rp2_common/hardware_timer/timer.c.obj
                0x10001078                time_us_64
 .text.busy_wait_until
                0x10001090       0x28 CMakeFiles/focuser.dir/C_/Users/kd5sn/OneDrive/Documents/Development/pico/pico-sdk/src/rp2_common/hardware_timer/timer.c.obj
                0x10001090                busy_wait_until
 .text.hardware_alarm_set_callback
                0x100010b8       0x90 CMakeFiles/focuser.dir/C_/Users/kd5sn/OneDrive/Documents/Development/pico/pico-sdk/src/rp2_common/hardware_timer/timer.c.obj
                0x100010b8                hardware_alarm_set_callback
 .text.hardware_alarm_set_target
                0x10001148       0xe8 CMakeFiles/focuser.dir/C_/Users/kd5sn/OneDrive/Documents/Development/pico/pico-sdk/src/rp2_common/hardware_timer/timer.c.obj
                0x10001148                hardware_alarm_set_target
 .text.hardware_alarm_cancel
                0x10001230       0x40 CMakeFiles/focuser.dir/C_/Users/kd5sn/OneDrive/Documents/Development/pico/pico-sdk/src/rp2_common/hardware_timer/timer.c.obj
                0x10001230                hardware_alarm_cancel
 .text.lock_init
                0x10001270       0x10 CMakeFiles/focuser.dir/C_/Users/kd5sn/OneDrive/Documents/Development/pico/pico-sdk/src/common/pico_sync/lock_core.c.obj
                0x10001270                lock_init
 .text.mutex_init
                0x10001280       0x1a CMakeFiles/focuser.dir/C_/Users/kd5sn/OneDrive/Documents/Development/pico/pico-sdk/src/common/pico_sync/mutex.c.obj
                0x10001280                mutex_init
 .text.recursive_mutex_init
                0x1000129a       0x1e CMakeFiles/focuser.dir/C_/Users/kd5sn/OneDrive/Documents/Development/pico/pico-sdk/src/common/pico_sync/mutex.c.obj
                0x1000129a                recursive_mutex_init
 .text.critical_section_init_with_lock_num
                0x100012b8       0x14 CMakeFiles/focuser.dir/C_/Users/kd5sn/OneDrive/Documents/Development/pico/pico-sdk/src/common/pico_sync/critical_section.c.obj
                0x100012b8                critical_section_init_with_lock_num
 .text.critical_section_init
                0x100012cc       0x14 CMakeFiles/focuser.dir/C_/Users/kd5sn/OneDrive/Documents/Development/pico/pico-sdk/src/common/pico_sync/critical_section.c.obj
                0x100012cc                critical_section_init
 .text.ph_add_child_node
                0x100012e0       0xa4 CMakeFiles/focuser.dir/C_/Users/kd5sn/OneDrive/Documents/Development/pico/pico-sdk/src/common/pico_util/pheap.c.obj
 .text.ph_merge_nodes
                0x10001384       0x3e CMakeFiles/focuser.dir/C_/Users/kd5sn/OneDrive/Documents/Development/pico/pico-sdk/src/common/pico_util/pheap.c.obj
 *fill*         0x100013c2        0x2 
 .text.ph_clear
                0x100013c4       0x70 CMakeFiles/focuser.dir/C_/Users/kd5sn/OneDrive/Documents/Development/pico/pico-sdk/src/common/pico_util/pheap.c.obj
                0x100013c4                ph_clear
 .text.ph_post_alloc_init
                0x10001434        0xe CMakeFiles/focuser.dir/C_/Users/kd5sn/OneDrive/Documents/Development/pico/pico-sdk/src/common/pico_util/pheap.c.obj
                0x10001434                ph_post_alloc_init
 *fill*         0x10001442        0x2 
 .text.ph_merge_two_pass
                0x10001444       0xa8 CMakeFiles/focuser.dir/C_/Users/kd5sn/OneDrive/Documents/Development/pico/pico-sdk/src/common/pico_util/pheap.c.obj
                0x10001444                ph_merge_two_pass
 .text.ph_remove_any_head
                0x100014ec      0x108 CMakeFiles/focuser.dir/C_/Users/kd5sn/OneDrive/Documents/Development/pico/pico-sdk/src/common/pico_util/pheap.c.obj
 .text.ph_remove_head
                0x100015f4       0x14 CMakeFiles/focuser.dir/C_/Users/kd5sn/OneDrive/Documents/Development/pico/pico-sdk/src/common/pico_util/pheap.c.obj
                0x100015f4                ph_remove_head
 .text.ph_remove_and_free_node
                0x10001608       0xf8 CMakeFiles/focuser.dir/C_/Users/kd5sn/OneDrive/Documents/Development/pico/pico-sdk/src/common/pico_util/pheap.c.obj
                0x10001608                ph_remove_and_free_node
 .text._exit    0x10001700        0x4 CMakeFiles/focuser.dir/C_/Users/kd5sn/OneDrive/Documents/Development/pico/pico-sdk/src/rp2_common/pico_runtime/runtime.c.obj
                0x10001700                _exit
 .text.exit     0x10001704        0x6 CMakeFiles/focuser.dir/C_/Users/kd5sn/OneDrive/Documents/Development/pico/pico-sdk/src/rp2_common/pico_runtime/runtime.c.obj
                0x10001704                exit
 *fill*         0x1000170a        0x2 
 .text.__assert_func
                0x1000170c       0x3c CMakeFiles/focuser.dir/C_/Users/kd5sn/OneDrive/Documents/Development/pico/pico-sdk/src/rp2_common/pico_runtime/runtime.c.obj
                0x1000170c                __assert_func
 .text.runtime_init
                0x10001748       0xf8 CMakeFiles/focuser.dir/C_/Users/kd5sn/OneDrive/Documents/Development/pico/pico-sdk/src/rp2_common/pico_runtime/runtime.c.obj
                0x10001748                runtime_init
 .text.panic    0x10001840       0x30 CMakeFiles/focuser.dir/C_/Users/kd5sn/OneDrive/Documents/Development/pico/pico-sdk/src/rp2_common/pico_runtime/runtime.c.obj
                0x10001840                panic
 .text.clock_configure
                0x10001870      0x104 CMakeFiles/focuser.dir/C_/Users/kd5sn/OneDrive/Documents/Development/pico/pico-sdk/src/rp2_common/hardware_clocks/clocks.c.obj
                0x10001870                clock_configure
 .text.clocks_init
                0x10001974      0x100 CMakeFiles/focuser.dir/C_/Users/kd5sn/OneDrive/Documents/Development/pico/pico-sdk/src/rp2_common/hardware_clocks/clocks.c.obj
                0x10001974                clocks_init
 .text.set_raw_irq_handler_and_unlock
                0x10001a74       0x28 CMakeFiles/focuser.dir/C_/Users/kd5sn/OneDrive/Documents/Development/pico/pico-sdk/src/rp2_common/hardware_irq/irq.c.obj
 .text.make_branch
                0x10001a9c       0x48 CMakeFiles/focuser.dir/C_/Users/kd5sn/OneDrive/Documents/Development/pico/pico-sdk/src/rp2_common/hardware_irq/irq.c.obj
 .text.insert_branch_and_link
                0x10001ae4       0x40 CMakeFiles/focuser.dir/C_/Users/kd5sn/OneDrive/Documents/Development/pico/pico-sdk/src/rp2_common/hardware_irq/irq.c.obj
 .text.irq_is_enabled
                0x10001b24       0x18 CMakeFiles/focuser.dir/C_/Users/kd5sn/OneDrive/Documents/Development/pico/pico-sdk/src/rp2_common/hardware_irq/irq.c.obj
                0x10001b24                irq_is_enabled
 .text.irq_set_mask_enabled
                0x10001b3c       0x20 CMakeFiles/focuser.dir/C_/Users/kd5sn/OneDrive/Documents/Development/pico/pico-sdk/src/rp2_common/hardware_irq/irq.c.obj
                0x10001b3c                irq_set_mask_enabled
 .text.irq_set_enabled
                0x10001b5c        0xe CMakeFiles/focuser.dir/C_/Users/kd5sn/OneDrive/Documents/Development/pico/pico-sdk/src/rp2_common/hardware_irq/irq.c.obj
                0x10001b5c                irq_set_enabled
 *fill*         0x10001b6a        0x2 
 .text.irq_set_pending
                0x10001b6c       0x10 CMakeFiles/focuser.dir/C_/Users/kd5sn/OneDrive/Documents/Development/pico/pico-sdk/src/rp2_common/hardware_irq/irq.c.obj
                0x10001b6c                irq_set_pending
 .text.irq_get_vtable_handler
                0x10001b7c       0x10 CMakeFiles/focuser.dir/C_/Users/kd5sn/OneDrive/Documents/Development/pico/pico-sdk/src/rp2_common/hardware_irq/irq.c.obj
                0x10001b7c                irq_get_vtable_handler
 .text.irq_set_exclusive_handler
                0x10001b8c       0x54 CMakeFiles/focuser.dir/C_/Users/kd5sn/OneDrive/Documents/Development/pico/pico-sdk/src/rp2_common/hardware_irq/irq.c.obj
                0x10001b8c                irq_set_exclusive_handler
 .text.irq_remove_handler
                0x10001be0      0x1a8 CMakeFiles/focuser.dir/C_/Users/kd5sn/OneDrive/Documents/Development/pico/pico-sdk/src/rp2_common/hardware_irq/irq.c.obj
                0x10001be0                irq_remove_handler
 .text.irq_add_tail_to_free_list
                0x10001d88       0xf0 CMakeFiles/focuser.dir/C_/Users/kd5sn/OneDrive/Documents/Development/pico/pico-sdk/src/rp2_common/hardware_irq/irq.c.obj
                0x10001d88                irq_add_tail_to_free_list
 .text.irq_init_priorities
                0x10001e78       0x1c CMakeFiles/focuser.dir/C_/Users/kd5sn/OneDrive/Documents/Development/pico/pico-sdk/src/rp2_common/hardware_irq/irq.c.obj
                0x10001e78                irq_init_priorities
 .text.pll_init
                0x10001e94      0x120 CMakeFiles/focuser.dir/C_/Users/kd5sn/OneDrive/Documents/Development/pico/pico-sdk/src/rp2_common/hardware_pll/pll.c.obj
                0x10001e94                pll_init
 .text.watchdog_start_tick
                0x10001fb4       0x10 CMakeFiles/focuser.dir/C_/Users/kd5sn/OneDrive/Documents/Development/pico/pico-sdk/src/rp2_common/hardware_watchdog/watchdog.c.obj
                0x10001fb4                watchdog_start_tick
 .text.watchdog_update
                0x10001fc4       0x14 CMakeFiles/focuser.dir/C_/Users/kd5sn/OneDrive/Documents/Development/pico/pico-sdk/src/rp2_common/hardware_watchdog/watchdog.c.obj
                0x10001fc4                watchdog_update
 .text._watchdog_enable
                0x10001fd8       0x78 CMakeFiles/focuser.dir/C_/Users/kd5sn/OneDrive/Documents/Development/pico/pico-sdk/src/rp2_common/hardware_watchdog/watchdog.c.obj
                0x10001fd8                _watchdog_enable
 .text.watchdog_reboot
                0x10002050       0x48 CMakeFiles/focuser.dir/C_/Users/kd5sn/OneDrive/Documents/Development/pico/pico-sdk/src/rp2_common/hardware_watchdog/watchdog.c.obj
                0x10002050                watchdog_reboot
 .text.xosc_init
                0x10002098       0x28 CMakeFiles/focuser.dir/C_/Users/kd5sn/OneDrive/Documents/Development/pico/pico-sdk/src/rp2_common/hardware_xosc/xosc.c.obj
                0x10002098                xosc_init
 .text._out_null
                0x100020c0        0x2 CMakeFiles/focuser.dir/C_/Users/kd5sn/OneDrive/Documents/Development/pico/pico-sdk/src/rp2_common/pico_printf/printf.c.obj
 .text._out_fct
                0x100020c2        0xe CMakeFiles/focuser.dir/C_/Users/kd5sn/OneDrive/Documents/Development/pico/pico-sdk/src/rp2_common/pico_printf/printf.c.obj
 .text._atoi    0x100020d0       0x24 CMakeFiles/focuser.dir/C_/Users/kd5sn/OneDrive/Documents/Development/pico/pico-sdk/src/rp2_common/pico_printf/printf.c.obj
 .text._out_rev
                0x100020f4       0xae CMakeFiles/focuser.dir/C_/Users/kd5sn/OneDrive/Documents/Development/pico/pico-sdk/src/rp2_common/pico_printf/printf.c.obj
 .text._ntoa_format
                0x100021a2      0x112 CMakeFiles/focuser.dir/C_/Users/kd5sn/OneDrive/Documents/Development/pico/pico-sdk/src/rp2_common/pico_printf/printf.c.obj
 .text._ntoa_long
                0x100022b4       0xbc CMakeFiles/focuser.dir/C_/Users/kd5sn/OneDrive/Documents/Development/pico/pico-sdk/src/rp2_common/pico_printf/printf.c.obj
 .text._ntoa_long_long
                0x10002370       0xe2 CMakeFiles/focuser.dir/C_/Users/kd5sn/OneDrive/Documents/Development/pico/pico-sdk/src/rp2_common/pico_printf/printf.c.obj
 *fill*         0x10002452        0x2 
 .text._etoa    0x10002454      0x414 CMakeFiles/focuser.dir/C_/Users/kd5sn/OneDrive/Documents/Development/pico/pico-sdk/src/rp2_common/pico_printf/printf.c.obj
 .text._ftoa    0x10002868      0x354 CMakeFiles/focuser.dir/C_/Users/kd5sn/OneDrive/Documents/Development/pico/pico-sdk/src/rp2_common/pico_printf/printf.c.obj
 .text._vsnprintf
                0x10002bbc      0x624 CMakeFiles/focuser.dir/C_/Users/kd5sn/OneDrive/Documents/Development/pico/pico-sdk/src/rp2_common/pico_printf/printf.c.obj
 .text.vfctprintf
                0x100031e0       0x20 CMakeFiles/focuser.dir/C_/Users/kd5sn/OneDrive/Documents/Development/pico/pico-sdk/src/rp2_common/pico_printf/printf.c.obj
                0x100031e0                vfctprintf
 .text          0x10003200       0x10 CMakeFiles/focuser.dir/C_/Users/kd5sn/OneDrive/Documents/Development/pico/pico-sdk/src/rp2_common/pico_bit_ops/bit_ops_aeabi.S.obj
 .text.rom_func_lookup
                0x10003210       0x10 CMakeFiles/focuser.dir/C_/Users/kd5sn/OneDrive/Documents/Development/pico/pico-sdk/src/rp2_common/pico_bootrom/bootrom.c.obj
                0x10003210                rom_func_lookup
 .text.rom_data_lookup
                0x10003220       0x10 CMakeFiles/focuser.dir/C_/Users/kd5sn/OneDrive/Documents/Development/pico/pico-sdk/src/rp2_common/pico_bootrom/bootrom.c.obj
                0x10003220                rom_data_lookup
 .text.rom_funcs_lookup
                0x10003230       0x36 CMakeFiles/focuser.dir/C_/Users/kd5sn/OneDrive/Documents/Development/pico/pico-sdk/src/rp2_common/pico_bootrom/bootrom.c.obj
                0x10003230                rom_funcs_lookup
 *fill*         0x10003266        0x2 
 .text.__wrap___aeabi_idiv
                0x10003268       0x50 CMakeFiles/focuser.dir/C_/Users/kd5sn/OneDrive/Documents/Development/pico/pico-sdk/src/rp2_common/pico_divider/divider.S.obj
                0x10003268                __wrap___aeabi_idivmod
                0x10003268                divmod_s32s32
                0x10003268                div_s32s32
                0x10003268                __wrap___aeabi_idiv
                0x10003270                divmod_s32s32_unsafe
                0x1000329c                divmod_s32s32_savestate
 .text.__wrap___aeabi_uidiv
                0x100032b8       0x4c CMakeFiles/focuser.dir/C_/Users/kd5sn/OneDrive/Documents/Development/pico/pico-sdk/src/rp2_common/pico_divider/divider.S.obj
                0x100032b8                __wrap___aeabi_uidiv
                0x100032b8                __wrap___aeabi_uidivmod
                0x100032b8                div_u32u32
                0x100032b8                divmod_u32u32
                0x100032c0                divmod_u32u32_unsafe
                0x100032e8                divmod_u32u32_savestate
 .text.__wrap___aeabi_ldiv
                0x10003304      0x434 CMakeFiles/focuser.dir/C_/Users/kd5sn/OneDrive/Documents/Development/pico/pico-sdk/src/rp2_common/pico_divider/divider.S.obj
                0x10003304                div_s64s64
                0x10003304                divmod_s64s64
                0x10003304                __wrap___aeabi_ldivmod
                0x1000333c                divmod_u64u64
                0x1000333c                div_u64u64
                0x1000333c                __wrap___aeabi_uldivmod
                0x1000334c                divmod_u64u64_savestate
                0x10003374                divmod_s64s64_unsafe
                0x100033fc                divmod_u64u64_unsafe
 .text.__wrap___aeabi_darithmetic
                0x10003738       0x60 CMakeFiles/focuser.dir/C_/Users/kd5sn/OneDrive/Documents/Development/pico/pico-sdk/src/rp2_common/pico_double/double_aeabi.S.obj
                0x10003738                __wrap___aeabi_drsub
                0x1000373e                __wrap___aeabi_dsub
                0x10003748                __wrap___aeabi_dadd
                0x10003752                __wrap___aeabi_ddiv
                0x10003786                __wrap___aeabi_dmul
 .text.__wrap___aeabi_cdcmple
                0x10003798       0x6c CMakeFiles/focuser.dir/C_/Users/kd5sn/OneDrive/Documents/Development/pico/pico-sdk/src/rp2_common/pico_double/double_aeabi.S.obj
                0x10003798                __wrap___aeabi_cdrcmple
                0x100037a8                __wrap___aeabi_cdcmpeq
                0x100037a8                __wrap___aeabi_cdcmple
 .text.__wrap___aeabi_dcmplt
                0x10003804        0xc CMakeFiles/focuser.dir/C_/Users/kd5sn/OneDrive/Documents/Development/pico/pico-sdk/src/rp2_common/pico_double/double_aeabi.S.obj
                0x10003804                __wrap___aeabi_dcmplt
 .text.__wrap___aeabi_dcmple
                0x10003810       0x10 CMakeFiles/focuser.dir/C_/Users/kd5sn/OneDrive/Documents/Development/pico/pico-sdk/src/rp2_common/pico_double/double_aeabi.S.obj
                0x10003810                __wrap___aeabi_dcmple
 .text.__wrap___aeabi_dcmpge
                0x10003820       0x10 CMakeFiles/focuser.dir/C_/Users/kd5sn/OneDrive/Documents/Development/pico/pico-sdk/src/rp2_common/pico_double/double_aeabi.S.obj
                0x10003820                __wrap___aeabi_dcmpge
 .text.__wrap___aeabi_dcmpgt
                0x10003830        0xa CMakeFiles/focuser.dir/C_/Users/kd5sn/OneDrive/Documents/Development/pico/pico-sdk/src/rp2_common/pico_double/double_aeabi.S.obj
                0x10003830                __wrap___aeabi_dcmpgt
 .text.__wrap___aeabi_dcmpun
                0x1000383a       0x1c CMakeFiles/focuser.dir/C_/Users/kd5sn/OneDrive/Documents/Development/pico/pico-sdk/src/rp2_common/pico_double/double_aeabi.S.obj
                0x1000383a                __wrap___aeabi_dcmpun
 *fill*         0x10003856        0x2 
 .text.__wrap___aeabi_i2d
                0x10003858       0x38 CMakeFiles/focuser.dir/C_/Users/kd5sn/OneDrive/Documents/Development/pico/pico-sdk/src/rp2_common/pico_double/double_aeabi.S.obj
                0x10003858                __wrap___aeabi_ui2d
                0x10003860                __wrap___aeabi_i2d
 .text.__wrap___aeabi_d2iz
                0x10003890       0x48 CMakeFiles/focuser.dir/C_/Users/kd5sn/OneDrive/Documents/Development/pico/pico-sdk/src/rp2_common/pico_double/double_aeabi.S.obj
                0x10003890                double2int_z
                0x10003890                __wrap___aeabi_d2iz
 .text.__wrap___aeabi_d2uiz
                0x100038d8       0x10 CMakeFiles/focuser.dir/C_/Users/kd5sn/OneDrive/Documents/Development/pico/pico-sdk/src/rp2_common/pico_double/double_aeabi.S.obj
                0x100038d8                __wrap___aeabi_d2uiz
                0x100038d8                double2uint
 .text.missing_double_func_shim
                0x100038e8        0xc CMakeFiles/focuser.dir/C_/Users/kd5sn/OneDrive/Documents/Development/pico/pico-sdk/src/rp2_common/pico_double/double_init_rom.c.obj
 .text.__aeabi_double_init
                0x100038f4       0xcc CMakeFiles/focuser.dir/C_/Users/kd5sn/OneDrive/Documents/Development/pico/pico-sdk/src/rp2_common/pico_double/double_init_rom.c.obj
                0x100038f4                __aeabi_double_init
 .text.double_table_shim_on_use_helper
                0x100039c0       0x34 CMakeFiles/focuser.dir/C_/Users/kd5sn/OneDrive/Documents/Development/pico/pico-sdk/src/rp2_common/pico_double/double_v1_rom_shim.S.obj
                0x100039c0                double_table_shim_on_use_helper
 .text.__aeabi_lmul
                0x100039f4       0x32 CMakeFiles/focuser.dir/C_/Users/kd5sn/OneDrive/Documents/Development/pico/pico-sdk/src/rp2_common/pico_int64_ops/pico_int64_ops_aeabi.S.obj
                0x100039f4                __wrap___aeabi_lmul
 *fill*         0x10003a26        0x2 
 .text.missing_float_func_shim
                0x10003a28        0xc CMakeFiles/focuser.dir/C_/Users/kd5sn/OneDrive/Documents/Development/pico/pico-sdk/src/rp2_common/pico_float/float_init_rom.c.obj
 .text.__aeabi_float_init
                0x10003a34       0x88 CMakeFiles/focuser.dir/C_/Users/kd5sn/OneDrive/Documents/Development/pico/pico-sdk/src/rp2_common/pico_float/float_init_rom.c.obj
                0x10003a34                __aeabi_float_init
 .text          0x10003abc       0x10 CMakeFiles/focuser.dir/C_/Users/kd5sn/OneDrive/Documents/Development/pico/pico-sdk/src/rp2_common/pico_mem_ops/mem_ops_aeabi.S.obj
                0x10003abc                __aeabi_mem_init
 .text.memset   0x10003acc        0xc CMakeFiles/focuser.dir/C_/Users/kd5sn/OneDrive/Documents/Development/pico/pico-sdk/src/rp2_common/pico_mem_ops/mem_ops_aeabi.S.obj
                0x10003acc                __wrap_memset
 .text.memcpy   0x10003ad8        0xc CMakeFiles/focuser.dir/C_/Users/kd5sn/OneDrive/Documents/Development/pico/pico-sdk/src/rp2_common/pico_mem_ops/mem_ops_aeabi.S.obj
                0x10003ad8                __wrap_memcpy
                0x10003ad8                __wrap___aeabi_memcpy
 .text.stdio_out_chars_no_crlf
                0x10003ae4        0xe CMakeFiles/focuser.dir/C_/Users/kd5sn/OneDrive/Documents/Development/pico/pico-sdk/src/rp2_common/pico_stdio/stdio.c.obj
 *fill*         0x10003af2        0x2 
 .text.stdio_out_chars_crlf
                0x10003af4       0x80 CMakeFiles/focuser.dir/C_/Users/kd5sn/OneDrive/Documents/Development/pico/pico-sdk/src/rp2_common/pico_stdio/stdio.c.obj
 .text.stdio_stack_buffer_flush
                0x10003b74       0x44 CMakeFiles/focuser.dir/C_/Users/kd5sn/OneDrive/Documents/Development/pico/pico-sdk/src/rp2_common/pico_stdio/stdio.c.obj
 .text.stdio_buffered_printer
                0x10003bb8       0x20 CMakeFiles/focuser.dir/C_/Users/kd5sn/OneDrive/Documents/Development/pico/pico-sdk/src/rp2_common/pico_stdio/stdio.c.obj
 .text.stdout_serialize_begin
                0x10003bd8       0x30 CMakeFiles/focuser.dir/C_/Users/kd5sn/OneDrive/Documents/Development/pico/pico-sdk/src/rp2_common/pico_stdio/stdio.c.obj
                0x10003bd8                stdout_serialize_begin
 .text.stdout_serialize_end
                0x10003c08       0x10 CMakeFiles/focuser.dir/C_/Users/kd5sn/OneDrive/Documents/Development/pico/pico-sdk/src/rp2_common/pico_stdio/stdio.c.obj
                0x10003c08                stdout_serialize_end
 .text.stdio_put_string
                0x10003c18       0x98 CMakeFiles/focuser.dir/C_/Users/kd5sn/OneDrive/Documents/Development/pico/pico-sdk/src/rp2_common/pico_stdio/stdio.c.obj
 .text.stdio_set_driver_enabled
                0x10003cb0       0x2c CMakeFiles/focuser.dir/C_/Users/kd5sn/OneDrive/Documents/Development/pico/pico-sdk/src/rp2_common/pico_stdio/stdio.c.obj
                0x10003cb0                stdio_set_driver_enabled
 .text.stdio_flush
                0x10003cdc       0x20 CMakeFiles/focuser.dir/C_/Users/kd5sn/OneDrive/Documents/Development/pico/pico-sdk/src/rp2_common/pico_stdio/stdio.c.obj
                0x10003cdc                stdio_flush
 .text.__wrap_puts
                0x10003cfc       0x1e CMakeFiles/focuser.dir/C_/Users/kd5sn/OneDrive/Documents/Development/pico/pico-sdk/src/rp2_common/pico_stdio/stdio.c.obj
                0x10003cfc                __wrap_puts
 *fill*         0x10003d1a        0x2 
 .text.__wrap_vprintf
                0x10003d1c       0x44 CMakeFiles/focuser.dir/C_/Users/kd5sn/OneDrive/Documents/Development/pico/pico-sdk/src/rp2_common/pico_stdio/stdio.c.obj
                0x10003d1c                __wrap_vprintf
 .text.__wrap_printf
                0x10003d60       0x18 CMakeFiles/focuser.dir/C_/Users/kd5sn/OneDrive/Documents/Development/pico/pico-sdk/src/rp2_common/pico_stdio/stdio.c.obj
                0x10003d60                __wrap_printf
 .text.stdio_init_all
                0x10003d78        0x8 CMakeFiles/focuser.dir/C_/Users/kd5sn/OneDrive/Documents/Development/pico/pico-sdk/src/rp2_common/pico_stdio/stdio.c.obj
                0x10003d78                stdio_init_all
 .text.resetd_init
                0x10003d80        0x2 CMakeFiles/focuser.dir/C_/Users/kd5sn/OneDrive/Documents/Development/pico/pico-sdk/src/rp2_common/pico_stdio_usb/reset_interface.c.obj
 *fill*         0x10003d82        0x2 
 .text.resetd_reset
                0x10003d84        0xc CMakeFiles/focuser.dir/C_/Users/kd5sn/OneDrive/Documents/Development/pico/pico-sdk/src/rp2_common/pico_stdio_usb/reset_interface.c.obj
 .text.resetd_open
                0x10003d90       0x34 CMakeFiles/focuser.dir/C_/Users/kd5sn/OneDrive/Documents/Development/pico/pico-sdk/src/rp2_common/pico_stdio_usb/reset_interface.c.obj
 .text.resetd_xfer_cb
                0x10003dc4        0x4 CMakeFiles/focuser.dir/C_/Users/kd5sn/OneDrive/Documents/Development/pico/pico-sdk/src/rp2_common/pico_stdio_usb/reset_interface.c.obj
 .text.reset_usb_boot
                0x10003dc8       0x18 CMakeFiles/focuser.dir/C_/Users/kd5sn/OneDrive/Documents/Development/pico/pico-sdk/src/rp2_common/pico_stdio_usb/reset_interface.c.obj
 .text.resetd_control_xfer_cb
                0x10003de0       0x5c CMakeFiles/focuser.dir/C_/Users/kd5sn/OneDrive/Documents/Development/pico/pico-sdk/src/rp2_common/pico_stdio_usb/reset_interface.c.obj
 .text.usbd_app_driver_get_cb
                0x10003e3c        0xc CMakeFiles/focuser.dir/C_/Users/kd5sn/OneDrive/Documents/Development/pico/pico-sdk/src/rp2_common/pico_stdio_usb/reset_interface.c.obj
                0x10003e3c                usbd_app_driver_get_cb
 .text.tud_cdc_line_coding_cb
                0x10003e48       0x28 CMakeFiles/focuser.dir/C_/Users/kd5sn/OneDrive/Documents/Development/pico/pico-sdk/src/rp2_common/pico_stdio_usb/reset_interface.c.obj
                0x10003e48                tud_cdc_line_coding_cb
 .text.stdio_usb_in_chars
                0x10003e70       0x70 CMakeFiles/focuser.dir/C_/Users/kd5sn/OneDrive/Documents/Development/pico/pico-sdk/src/rp2_common/pico_stdio_usb/stdio_usb.c.obj
                0x10003e70                stdio_usb_in_chars
 .text.low_priority_worker_irq
                0x10003ee0       0x20 CMakeFiles/focuser.dir/C_/Users/kd5sn/OneDrive/Documents/Development/pico/pico-sdk/src/rp2_common/pico_stdio_usb/stdio_usb.c.obj
 .text.stdio_usb_out_chars
                0x10003f00       0xd4 CMakeFiles/focuser.dir/C_/Users/kd5sn/OneDrive/Documents/Development/pico/pico-sdk/src/rp2_common/pico_stdio_usb/stdio_usb.c.obj
 .text.timer_task
                0x10003fd4       0x10 CMakeFiles/focuser.dir/C_/Users/kd5sn/OneDrive/Documents/Development/pico/pico-sdk/src/rp2_common/pico_stdio_usb/stdio_usb.c.obj
 .text.stdio_usb_init
                0x10003fe4       0xb8 CMakeFiles/focuser.dir/C_/Users/kd5sn/OneDrive/Documents/Development/pico/pico-sdk/src/rp2_common/pico_stdio_usb/stdio_usb.c.obj
                0x10003fe4                stdio_usb_init
 .text.tud_descriptor_device_cb
                0x1000409c        0x8 CMakeFiles/focuser.dir/C_/Users/kd5sn/OneDrive/Documents/Development/pico/pico-sdk/src/rp2_common/pico_stdio_usb/stdio_usb_descriptors.c.obj
                0x1000409c                tud_descriptor_device_cb
 .text.tud_descriptor_configuration_cb
                0x100040a4        0x8 CMakeFiles/focuser.dir/C_/Users/kd5sn/OneDrive/Documents/Development/pico/pico-sdk/src/rp2_common/pico_stdio_usb/stdio_usb_descriptors.c.obj
                0x100040a4                tud_descriptor_configuration_cb
 .text.tud_descriptor_string_cb
                0x100040ac       0x6c CMakeFiles/focuser.dir/C_/Users/kd5sn/OneDrive/Documents/Development/pico/pico-sdk/src/rp2_common/pico_stdio_usb/stdio_usb_descriptors.c.obj
                0x100040ac                tud_descriptor_string_cb
 .text.hw_endpoint_get_by_addr
                0x10004118       0x18 CMakeFiles/focuser.dir/C_/Users/kd5sn/OneDrive/Documents/Development/pico/pico-sdk/lib/tinyusb/src/portable/raspberrypi/rp2040/dcd_rp2040.c.obj
 .text.reset_ep0_pid
                0x10004130       0x28 CMakeFiles/focuser.dir/C_/Users/kd5sn/OneDrive/Documents/Development/pico/pico-sdk/lib/tinyusb/src/portable/raspberrypi/rp2040/dcd_rp2040.c.obj
 .text._hw_endpoint_alloc
                0x10004158       0x70 CMakeFiles/focuser.dir/C_/Users/kd5sn/OneDrive/Documents/Development/pico/pico-sdk/lib/tinyusb/src/portable/raspberrypi/rp2040/dcd_rp2040.c.obj
 .text.hw_endpoint_init
                0x100041c8       0x88 CMakeFiles/focuser.dir/C_/Users/kd5sn/OneDrive/Documents/Development/pico/pico-sdk/lib/tinyusb/src/portable/raspberrypi/rp2040/dcd_rp2040.c.obj
 .text.reset_non_control_endpoints
                0x10004250       0x40 CMakeFiles/focuser.dir/C_/Users/kd5sn/OneDrive/Documents/Development/pico/pico-sdk/lib/tinyusb/src/portable/raspberrypi/rp2040/dcd_rp2040.c.obj
 .text.hw_handle_buff_status
                0x10004290       0x8c CMakeFiles/focuser.dir/C_/Users/kd5sn/OneDrive/Documents/Development/pico/pico-sdk/lib/tinyusb/src/portable/raspberrypi/rp2040/dcd_rp2040.c.obj
 .text.dcd_rp2040_irq
                0x1000431c       0xc0 CMakeFiles/focuser.dir/C_/Users/kd5sn/OneDrive/Documents/Development/pico/pico-sdk/lib/tinyusb/src/portable/raspberrypi/rp2040/dcd_rp2040.c.obj
 .text.hw_endpoint_xfer
                0x100043dc       0x14 CMakeFiles/focuser.dir/C_/Users/kd5sn/OneDrive/Documents/Development/pico/pico-sdk/lib/tinyusb/src/portable/raspberrypi/rp2040/dcd_rp2040.c.obj
 .text.dcd_int_enable
                0x100043f0       0x2c CMakeFiles/focuser.dir/C_/Users/kd5sn/OneDrive/Documents/Development/pico/pico-sdk/lib/tinyusb/src/portable/raspberrypi/rp2040/dcd_rp2040.c.obj
                0x100043f0                dcd_int_enable
 .text.dcd_set_address
                0x1000441c       0x2c CMakeFiles/focuser.dir/C_/Users/kd5sn/OneDrive/Documents/Development/pico/pico-sdk/lib/tinyusb/src/portable/raspberrypi/rp2040/dcd_rp2040.c.obj
                0x1000441c                dcd_set_address
 .text.dcd_connect
                0x10004448       0x10 CMakeFiles/focuser.dir/C_/Users/kd5sn/OneDrive/Documents/Development/pico/pico-sdk/lib/tinyusb/src/portable/raspberrypi/rp2040/dcd_rp2040.c.obj
                0x10004448                dcd_connect
 .text.dcd_init
                0x10004458       0x7c CMakeFiles/focuser.dir/C_/Users/kd5sn/OneDrive/Documents/Development/pico/pico-sdk/lib/tinyusb/src/portable/raspberrypi/rp2040/dcd_rp2040.c.obj
                0x10004458                dcd_init
 .text.dcd_edpt0_status_complete
                0x100044d4       0x1c CMakeFiles/focuser.dir/C_/Users/kd5sn/OneDrive/Documents/Development/pico/pico-sdk/lib/tinyusb/src/portable/raspberrypi/rp2040/dcd_rp2040.c.obj
                0x100044d4                dcd_edpt0_status_complete
 .text.dcd_edpt_open
                0x100044f0       0x40 CMakeFiles/focuser.dir/C_/Users/kd5sn/OneDrive/Documents/Development/pico/pico-sdk/lib/tinyusb/src/portable/raspberrypi/rp2040/dcd_rp2040.c.obj
                0x100044f0                dcd_edpt_open
 .text.dcd_edpt_close_all
                0x10004530        0x8 CMakeFiles/focuser.dir/C_/Users/kd5sn/OneDrive/Documents/Development/pico/pico-sdk/lib/tinyusb/src/portable/raspberrypi/rp2040/dcd_rp2040.c.obj
                0x10004530                dcd_edpt_close_all
 .text.dcd_edpt_xfer
                0x10004538       0x30 CMakeFiles/focuser.dir/C_/Users/kd5sn/OneDrive/Documents/Development/pico/pico-sdk/lib/tinyusb/src/portable/raspberrypi/rp2040/dcd_rp2040.c.obj
                0x10004538                dcd_edpt_xfer
 .text.dcd_edpt_stall
                0x10004568       0x2c CMakeFiles/focuser.dir/C_/Users/kd5sn/OneDrive/Documents/Development/pico/pico-sdk/lib/tinyusb/src/portable/raspberrypi/rp2040/dcd_rp2040.c.obj
                0x10004568                dcd_edpt_stall
 .text.dcd_edpt_clear_stall
                0x10004594       0x20 CMakeFiles/focuser.dir/C_/Users/kd5sn/OneDrive/Documents/Development/pico/pico-sdk/lib/tinyusb/src/portable/raspberrypi/rp2040/dcd_rp2040.c.obj
                0x10004594                dcd_edpt_clear_stall
 .text.prepare_ep_buffer
                0x100045b4       0x70 CMakeFiles/focuser.dir/C_/Users/kd5sn/OneDrive/Documents/Development/pico/pico-sdk/lib/tinyusb/src/portable/raspberrypi/rp2040/rp2040_usb.c.obj
 .text.sync_ep_buffer
                0x10004624       0x7c CMakeFiles/focuser.dir/C_/Users/kd5sn/OneDrive/Documents/Development/pico/pico-sdk/lib/tinyusb/src/portable/raspberrypi/rp2040/rp2040_usb.c.obj
 .text._hw_endpoint_xfer_sync
                0x100046a0       0x28 CMakeFiles/focuser.dir/C_/Users/kd5sn/OneDrive/Documents/Development/pico/pico-sdk/lib/tinyusb/src/portable/raspberrypi/rp2040/rp2040_usb.c.obj
 .text.rp2040_usb_init
                0x100046c8       0x4c CMakeFiles/focuser.dir/C_/Users/kd5sn/OneDrive/Documents/Development/pico/pico-sdk/lib/tinyusb/src/portable/raspberrypi/rp2040/rp2040_usb.c.obj
                0x100046c8                rp2040_usb_init
 .text.hw_endpoint_reset_transfer
                0x10004714        0xc CMakeFiles/focuser.dir/C_/Users/kd5sn/OneDrive/Documents/Development/pico/pico-sdk/lib/tinyusb/src/portable/raspberrypi/rp2040/rp2040_usb.c.obj
                0x10004714                hw_endpoint_reset_transfer
 .text._hw_endpoint_buffer_control_update32
                0x10004720       0x58 CMakeFiles/focuser.dir/C_/Users/kd5sn/OneDrive/Documents/Development/pico/pico-sdk/lib/tinyusb/src/portable/raspberrypi/rp2040/rp2040_usb.c.obj
                0x10004720                _hw_endpoint_buffer_control_update32
 .text._hw_endpoint_start_next_buffer
                0x10004778       0x74 CMakeFiles/focuser.dir/C_/Users/kd5sn/OneDrive/Documents/Development/pico/pico-sdk/lib/tinyusb/src/portable/raspberrypi/rp2040/rp2040_usb.c.obj
 .text.hw_endpoint_xfer_start
                0x100047ec       0x48 CMakeFiles/focuser.dir/C_/Users/kd5sn/OneDrive/Documents/Development/pico/pico-sdk/lib/tinyusb/src/portable/raspberrypi/rp2040/rp2040_usb.c.obj
                0x100047ec                hw_endpoint_xfer_start
 .text.hw_endpoint_xfer_continue
                0x10004834       0x38 CMakeFiles/focuser.dir/C_/Users/kd5sn/OneDrive/Documents/Development/pico/pico-sdk/lib/tinyusb/src/portable/raspberrypi/rp2040/rp2040_usb.c.obj
                0x10004834                hw_endpoint_xfer_continue
 .text.configuration_reset
                0x1000486c       0x84 CMakeFiles/focuser.dir/C_/Users/kd5sn/OneDrive/Documents/Development/pico/pico-sdk/lib/tinyusb/src/device/usbd.c.obj
 .text.usbd_reset
                0x100048f0        0xc CMakeFiles/focuser.dir/C_/Users/kd5sn/OneDrive/Documents/Development/pico/pico-sdk/lib/tinyusb/src/device/usbd.c.obj
 .text.invoke_class_control
                0x100048fc       0x1a CMakeFiles/focuser.dir/C_/Users/kd5sn/OneDrive/Documents/Development/pico/pico-sdk/lib/tinyusb/src/device/usbd.c.obj
 *fill*         0x10004916        0x2 
 .text.process_set_config
                0x10004918      0x1b0 CMakeFiles/focuser.dir/C_/Users/kd5sn/OneDrive/Documents/Development/pico/pico-sdk/lib/tinyusb/src/device/usbd.c.obj
 .text.process_get_descriptor
                0x10004ac8       0xec CMakeFiles/focuser.dir/C_/Users/kd5sn/OneDrive/Documents/Development/pico/pico-sdk/lib/tinyusb/src/device/usbd.c.obj
 .text.tud_mounted
                0x10004bb4       0x10 CMakeFiles/focuser.dir/C_/Users/kd5sn/OneDrive/Documents/Development/pico/pico-sdk/lib/tinyusb/src/device/usbd.c.obj
                0x10004bb4                tud_mounted
 .text.tud_suspended
                0x10004bc4       0x10 CMakeFiles/focuser.dir/C_/Users/kd5sn/OneDrive/Documents/Development/pico/pico-sdk/lib/tinyusb/src/device/usbd.c.obj
                0x10004bc4                tud_suspended
 .text.tud_inited
                0x10004bd4        0xc CMakeFiles/focuser.dir/C_/Users/kd5sn/OneDrive/Documents/Development/pico/pico-sdk/lib/tinyusb/src/device/usbd.c.obj
                0x10004bd4                tud_inited
 .text.tud_init
                0x10004be0       0xcc CMakeFiles/focuser.dir/C_/Users/kd5sn/OneDrive/Documents/Development/pico/pico-sdk/lib/tinyusb/src/device/usbd.c.obj
                0x10004be0                tud_init
 .text.dcd_event_handler
                0x10004cac      0x1e0 CMakeFiles/focuser.dir/C_/Users/kd5sn/OneDrive/Documents/Development/pico/pico-sdk/lib/tinyusb/src/device/usbd.c.obj
                0x10004cac                dcd_event_handler
 .text.dcd_event_bus_signal
                0x10004e8c       0x26 CMakeFiles/focuser.dir/C_/Users/kd5sn/OneDrive/Documents/Development/pico/pico-sdk/lib/tinyusb/src/device/usbd.c.obj
                0x10004e8c                dcd_event_bus_signal
 .text.dcd_event_bus_reset
                0x10004eb2       0x2a CMakeFiles/focuser.dir/C_/Users/kd5sn/OneDrive/Documents/Development/pico/pico-sdk/lib/tinyusb/src/device/usbd.c.obj
                0x10004eb2                dcd_event_bus_reset
 .text.dcd_event_setup_received
                0x10004edc       0x34 CMakeFiles/focuser.dir/C_/Users/kd5sn/OneDrive/Documents/Development/pico/pico-sdk/lib/tinyusb/src/device/usbd.c.obj
                0x10004edc                dcd_event_setup_received
 .text.dcd_event_xfer_complete
                0x10004f10       0x44 CMakeFiles/focuser.dir/C_/Users/kd5sn/OneDrive/Documents/Development/pico/pico-sdk/lib/tinyusb/src/device/usbd.c.obj
                0x10004f10                dcd_event_xfer_complete
 .text.usbd_edpt_open
                0x10004f54       0x58 CMakeFiles/focuser.dir/C_/Users/kd5sn/OneDrive/Documents/Development/pico/pico-sdk/lib/tinyusb/src/device/usbd.c.obj
                0x10004f54                usbd_edpt_open
 .text.usbd_open_edpt_pair
                0x10004fac       0x8c CMakeFiles/focuser.dir/C_/Users/kd5sn/OneDrive/Documents/Development/pico/pico-sdk/lib/tinyusb/src/device/usbd.c.obj
                0x10004fac                usbd_open_edpt_pair
 .text.usbd_edpt_claim
                0x10005038       0x8c CMakeFiles/focuser.dir/C_/Users/kd5sn/OneDrive/Documents/Development/pico/pico-sdk/lib/tinyusb/src/device/usbd.c.obj
                0x10005038                usbd_edpt_claim
 .text.usbd_edpt_release
                0x100050c4       0x68 CMakeFiles/focuser.dir/C_/Users/kd5sn/OneDrive/Documents/Development/pico/pico-sdk/lib/tinyusb/src/device/usbd.c.obj
                0x100050c4                usbd_edpt_release
 .text.usbd_edpt_xfer
                0x1000512c       0x80 CMakeFiles/focuser.dir/C_/Users/kd5sn/OneDrive/Documents/Development/pico/pico-sdk/lib/tinyusb/src/device/usbd.c.obj
                0x1000512c                usbd_edpt_xfer
 .text.usbd_edpt_stall
                0x100051ac       0x40 CMakeFiles/focuser.dir/C_/Users/kd5sn/OneDrive/Documents/Development/pico/pico-sdk/lib/tinyusb/src/device/usbd.c.obj
                0x100051ac                usbd_edpt_stall
 .text.usbd_edpt_clear_stall
                0x100051ec       0x40 CMakeFiles/focuser.dir/C_/Users/kd5sn/OneDrive/Documents/Development/pico/pico-sdk/lib/tinyusb/src/device/usbd.c.obj
                0x100051ec                usbd_edpt_clear_stall
 .text.usbd_edpt_stalled
                0x1000522c       0x1c CMakeFiles/focuser.dir/C_/Users/kd5sn/OneDrive/Documents/Development/pico/pico-sdk/lib/tinyusb/src/device/usbd.c.obj
                0x1000522c                usbd_edpt_stalled
 .text.process_control_request
                0x10005248      0x3b8 CMakeFiles/focuser.dir/C_/Users/kd5sn/OneDrive/Documents/Development/pico/pico-sdk/lib/tinyusb/src/device/usbd.c.obj
 .text.tud_task
                0x10005600      0x218 CMakeFiles/focuser.dir/C_/Users/kd5sn/OneDrive/Documents/Development/pico/pico-sdk/lib/tinyusb/src/device/usbd.c.obj
                0x10005600                tud_task
 .text._data_stage_xact
                0x10005818       0x58 CMakeFiles/focuser.dir/C_/Users/kd5sn/OneDrive/Documents/Development/pico/pico-sdk/lib/tinyusb/src/device/usbd_control.c.obj
 .text.tud_control_status
                0x10005870       0x38 CMakeFiles/focuser.dir/C_/Users/kd5sn/OneDrive/Documents/Development/pico/pico-sdk/lib/tinyusb/src/device/usbd_control.c.obj
                0x10005870                tud_control_status
 .text.tud_control_xfer
                0x100058a8       0xa8 CMakeFiles/focuser.dir/C_/Users/kd5sn/OneDrive/Documents/Development/pico/pico-sdk/lib/tinyusb/src/device/usbd_control.c.obj
                0x100058a8                tud_control_xfer
 .text.usbd_control_reset
                0x10005950       0x14 CMakeFiles/focuser.dir/C_/Users/kd5sn/OneDrive/Documents/Development/pico/pico-sdk/lib/tinyusb/src/device/usbd_control.c.obj
                0x10005950                usbd_control_reset
 .text.usbd_control_set_complete_callback
                0x10005964        0xc CMakeFiles/focuser.dir/C_/Users/kd5sn/OneDrive/Documents/Development/pico/pico-sdk/lib/tinyusb/src/device/usbd_control.c.obj
                0x10005964                usbd_control_set_complete_callback
 .text.usbd_control_set_request
                0x10005970       0x1c CMakeFiles/focuser.dir/C_/Users/kd5sn/OneDrive/Documents/Development/pico/pico-sdk/lib/tinyusb/src/device/usbd_control.c.obj
                0x10005970                usbd_control_set_request
 .text.usbd_control_xfer_cb
                0x1000598c       0xfc CMakeFiles/focuser.dir/C_/Users/kd5sn/OneDrive/Documents/Development/pico/pico-sdk/lib/tinyusb/src/device/usbd_control.c.obj
                0x1000598c                usbd_control_xfer_cb
 .text._prep_out_transaction
                0x10005a88       0x46 CMakeFiles/focuser.dir/C_/Users/kd5sn/OneDrive/Documents/Development/pico/pico-sdk/lib/tinyusb/src/class/cdc/cdc_device.c.obj
 *fill*         0x10005ace        0x2 
 .text.tud_cdc_n_connected
                0x10005ad0       0x44 CMakeFiles/focuser.dir/C_/Users/kd5sn/OneDrive/Documents/Development/pico/pico-sdk/lib/tinyusb/src/class/cdc/cdc_device.c.obj
                0x10005ad0                tud_cdc_n_connected
 .text.tud_cdc_n_available
                0x10005b14       0x18 CMakeFiles/focuser.dir/C_/Users/kd5sn/OneDrive/Documents/Development/pico/pico-sdk/lib/tinyusb/src/class/cdc/cdc_device.c.obj
                0x10005b14                tud_cdc_n_available
 .text.tud_cdc_n_read
                0x10005b2c       0x28 CMakeFiles/focuser.dir/C_/Users/kd5sn/OneDrive/Documents/Development/pico/pico-sdk/lib/tinyusb/src/class/cdc/cdc_device.c.obj
                0x10005b2c                tud_cdc_n_read
 .text.tud_cdc_n_write_flush
                0x10005b54       0xcc CMakeFiles/focuser.dir/C_/Users/kd5sn/OneDrive/Documents/Development/pico/pico-sdk/lib/tinyusb/src/class/cdc/cdc_device.c.obj
                0x10005b54                tud_cdc_n_write_flush
 .text.tud_cdc_n_write
                0x10005c20       0x38 CMakeFiles/focuser.dir/C_/Users/kd5sn/OneDrive/Documents/Development/pico/pico-sdk/lib/tinyusb/src/class/cdc/cdc_device.c.obj
                0x10005c20                tud_cdc_n_write
 .text.tud_cdc_n_write_available
                0x10005c58       0x1c CMakeFiles/focuser.dir/C_/Users/kd5sn/OneDrive/Documents/Development/pico/pico-sdk/lib/tinyusb/src/class/cdc/cdc_device.c.obj
                0x10005c58                tud_cdc_n_write_available
 .text.cdcd_init
                0x10005c74       0xbc CMakeFiles/focuser.dir/C_/Users/kd5sn/OneDrive/Documents/Development/pico/pico-sdk/lib/tinyusb/src/class/cdc/cdc_device.c.obj
                0x10005c74                cdcd_init
 .text.cdcd_reset
                0x10005d30       0x44 CMakeFiles/focuser.dir/C_/Users/kd5sn/OneDrive/Documents/Development/pico/pico-sdk/lib/tinyusb/src/class/cdc/cdc_device.c.obj
                0x10005d30                cdcd_reset
 .text.cdcd_open
                0x10005d74       0xf8 CMakeFiles/focuser.dir/C_/Users/kd5sn/OneDrive/Documents/Development/pico/pico-sdk/lib/tinyusb/src/class/cdc/cdc_device.c.obj
                0x10005d74                cdcd_open
 .text.cdcd_control_xfer_cb
                0x10005e6c      0x134 CMakeFiles/focuser.dir/C_/Users/kd5sn/OneDrive/Documents/Development/pico/pico-sdk/lib/tinyusb/src/class/cdc/cdc_device.c.obj
                0x10005e6c                cdcd_control_xfer_cb
 .text.cdcd_xfer_cb
                0x10005fa0      0x144 CMakeFiles/focuser.dir/C_/Users/kd5sn/OneDrive/Documents/Development/pico/pico-sdk/lib/tinyusb/src/class/cdc/cdc_device.c.obj
                0x10005fa0                cdcd_xfer_cb
 .text.tusb_init
                0x100060e4       0x24 CMakeFiles/focuser.dir/C_/Users/kd5sn/OneDrive/Documents/Development/pico/pico-sdk/lib/tinyusb/src/tusb.c.obj
                0x100060e4                tusb_init
 .text.tusb_inited
                0x10006108        0xe CMakeFiles/focuser.dir/C_/Users/kd5sn/OneDrive/Documents/Development/pico/pico-sdk/lib/tinyusb/src/tusb.c.obj
                0x10006108                tusb_inited
 *fill*         0x10006116        0x2 
 .text.tu_edpt_validate
                0x10006118       0xa8 CMakeFiles/focuser.dir/C_/Users/kd5sn/OneDrive/Documents/Development/pico/pico-sdk/lib/tinyusb/src/tusb.c.obj
                0x10006118                tu_edpt_validate
 .text.tu_edpt_bind_driver
                0x100061c0       0x2a CMakeFiles/focuser.dir/C_/Users/kd5sn/OneDrive/Documents/Development/pico/pico-sdk/lib/tinyusb/src/tusb.c.obj
                0x100061c0                tu_edpt_bind_driver
 .text.advance_pointer
                0x100061ea       0x18 CMakeFiles/focuser.dir/C_/Users/kd5sn/OneDrive/Documents/Development/pico/pico-sdk/lib/tinyusb/src/common/tusb_fifo.c.obj
 .text.backward_pointer
                0x10006202       0x1e CMakeFiles/focuser.dir/C_/Users/kd5sn/OneDrive/Documents/Development/pico/pico-sdk/lib/tinyusb/src/common/tusb_fifo.c.obj
 .text.get_relative_pointer
                0x10006220       0x10 CMakeFiles/focuser.dir/C_/Users/kd5sn/OneDrive/Documents/Development/pico/pico-sdk/lib/tinyusb/src/common/tusb_fifo.c.obj
 .text._tu_fifo_peek
                0x10006230       0x50 CMakeFiles/focuser.dir/C_/Users/kd5sn/OneDrive/Documents/Development/pico/pico-sdk/lib/tinyusb/src/common/tusb_fifo.c.obj
 .text._ff_pull_const_addr
                0x10006280       0x4c CMakeFiles/focuser.dir/C_/Users/kd5sn/OneDrive/Documents/Development/pico/pico-sdk/lib/tinyusb/src/common/tusb_fifo.c.obj
 .text._ff_pull_n
                0x100062cc      0x10c CMakeFiles/focuser.dir/C_/Users/kd5sn/OneDrive/Documents/Development/pico/pico-sdk/lib/tinyusb/src/common/tusb_fifo.c.obj
 .text._tu_fifo_peek_n
                0x100063d8       0x5e CMakeFiles/focuser.dir/C_/Users/kd5sn/OneDrive/Documents/Development/pico/pico-sdk/lib/tinyusb/src/common/tusb_fifo.c.obj
 .text._tu_fifo_read_n
                0x10006436       0x4e CMakeFiles/focuser.dir/C_/Users/kd5sn/OneDrive/Documents/Development/pico/pico-sdk/lib/tinyusb/src/common/tusb_fifo.c.obj
 .text._ff_push_const_addr
                0x10006484       0x40 CMakeFiles/focuser.dir/C_/Users/kd5sn/OneDrive/Documents/Development/pico/pico-sdk/lib/tinyusb/src/common/tusb_fifo.c.obj
 .text._ff_push_n
                0x100064c4      0x108 CMakeFiles/focuser.dir/C_/Users/kd5sn/OneDrive/Documents/Development/pico/pico-sdk/lib/tinyusb/src/common/tusb_fifo.c.obj
 .text._tu_fifo_write_n
                0x100065cc       0x9e CMakeFiles/focuser.dir/C_/Users/kd5sn/OneDrive/Documents/Development/pico/pico-sdk/lib/tinyusb/src/common/tusb_fifo.c.obj
 .text.tu_fifo_config
                0x1000666a       0x72 CMakeFiles/focuser.dir/C_/Users/kd5sn/OneDrive/Documents/Development/pico/pico-sdk/lib/tinyusb/src/common/tusb_fifo.c.obj
                0x1000666a                tu_fifo_config
 .text.tu_fifo_count
                0x100066dc       0x26 CMakeFiles/focuser.dir/C_/Users/kd5sn/OneDrive/Documents/Development/pico/pico-sdk/lib/tinyusb/src/common/tusb_fifo.c.obj
                0x100066dc                tu_fifo_count
 .text.tu_fifo_empty
                0x10006702       0x10 CMakeFiles/focuser.dir/C_/Users/kd5sn/OneDrive/Documents/Development/pico/pico-sdk/lib/tinyusb/src/common/tusb_fifo.c.obj
                0x10006702                tu_fifo_empty
 .text.tu_fifo_remaining
                0x10006712       0x20 CMakeFiles/focuser.dir/C_/Users/kd5sn/OneDrive/Documents/Development/pico/pico-sdk/lib/tinyusb/src/common/tusb_fifo.c.obj
                0x10006712                tu_fifo_remaining
 .text.tu_fifo_read
                0x10006732       0x42 CMakeFiles/focuser.dir/C_/Users/kd5sn/OneDrive/Documents/Development/pico/pico-sdk/lib/tinyusb/src/common/tusb_fifo.c.obj
                0x10006732                tu_fifo_read
 .text.tu_fifo_read_n
                0x10006774        0xa CMakeFiles/focuser.dir/C_/Users/kd5sn/OneDrive/Documents/Development/pico/pico-sdk/lib/tinyusb/src/common/tusb_fifo.c.obj
                0x10006774                tu_fifo_read_n
 .text.tu_fifo_write
                0x1000677e       0x6c CMakeFiles/focuser.dir/C_/Users/kd5sn/OneDrive/Documents/Development/pico/pico-sdk/lib/tinyusb/src/common/tusb_fifo.c.obj
                0x1000677e                tu_fifo_write
 .text.tu_fifo_write_n
                0x100067ea        0xa CMakeFiles/focuser.dir/C_/Users/kd5sn/OneDrive/Documents/Development/pico/pico-sdk/lib/tinyusb/src/common/tusb_fifo.c.obj
                0x100067ea                tu_fifo_write_n
 .text.tu_fifo_clear
                0x100067f4       0x4c CMakeFiles/focuser.dir/C_/Users/kd5sn/OneDrive/Documents/Development/pico/pico-sdk/lib/tinyusb/src/common/tusb_fifo.c.obj
                0x100067f4                tu_fifo_clear
 .text.tu_fifo_set_overwritable
                0x10006840       0x3c CMakeFiles/focuser.dir/C_/Users/kd5sn/OneDrive/Documents/Development/pico/pico-sdk/lib/tinyusb/src/common/tusb_fifo.c.obj
                0x10006840                tu_fifo_set_overwritable
 .text._retrieve_unique_id_on_boot
                0x1000687c       0x10 CMakeFiles/focuser.dir/C_/Users/kd5sn/OneDrive/Documents/Development/pico/pico-sdk/src/rp2_common/pico_unique_id/unique_id.c.obj
 .text.pico_get_unique_board_id_string
                0x1000688c       0x60 CMakeFiles/focuser.dir/C_/Users/kd5sn/OneDrive/Documents/Development/pico/pico-sdk/src/rp2_common/pico_unique_id/unique_id.c.obj
                0x1000688c                pico_get_unique_board_id_string
 .text.flash_get_unique_id
                0x100068ec       0x46 CMakeFiles/focuser.dir/C_/Users/kd5sn/OneDrive/Documents/Development/pico/pico-sdk/src/rp2_common/hardware_flash/flash.c.obj
                0x100068ec                flash_get_unique_id
 *fill*         0x10006932        0x2 
 .text.strlen   0x10006934       0x5c c:/progra~2/gnuarm~1/102021~1.10/bin/../lib/gcc/arm-none-eabi/10.3.1/../../../../arm-none-eabi/lib/thumb/v6-m/nofp\libg.a(lib_a-strlen-stub.o)
                0x10006934                strlen
 *(.fini)
 .fini          0x10006990        0x4 c:/progra~2/gnuarm~1/102021~1.10/bin/../lib/gcc/arm-none-eabi/10.3.1/thumb/v6-m/nofp/crti.o
                0x10006990                _fini
 *fill*         0x10006994        0x4 
 .fini.__stub   0x10006998       0x70 linker stubs
 *crtbegin.o(.ctors)
 *crtbegin?.o(.ctors)
 *(EXCLUDE_FILE(*crtend.o *crtend?.o) .ctors)
 *(SORT_BY_NAME(.ctors.*))
 *(.ctors)
 *crtbegin.o(.dtors)
 *crtbegin?.o(.dtors)
 *(EXCLUDE_FILE(*crtend.o *crtend?.o) .dtors)
 *(SORT_BY_NAME(.dtors.*))
 *(.dtors)
 *(.eh_frame*)
 .eh_frame      0x10006a08        0x0 c:/progra~2/gnuarm~1/102021~1.10/bin/../lib/gcc/arm-none-eabi/10.3.1/thumb/v6-m/nofp/crtbegin.o
                0x10006a08                . = ALIGN (0x4)

.glue_7         0x10006a08        0x0
 .glue_7        0x10006a08        0x0 linker stubs

.glue_7t        0x10006a08        0x0
 .glue_7t       0x10006a08        0x0 linker stubs

.vfp11_veneer   0x10006a08        0x0
 .vfp11_veneer  0x10006a08        0x0 linker stubs

.v4_bx          0x10006a08        0x0
 .v4_bx         0x10006a08        0x0 linker stubs

.iplt           0x10006a08        0x0
 .iplt          0x10006a08        0x0 c:/progra~2/gnuarm~1/102021~1.10/bin/../lib/gcc/arm-none-eabi/10.3.1/thumb/v6-m/nofp/crtbegin.o

.rodata         0x10006a08     0x1810
 *(EXCLUDE_FILE(*libm.a: *libc.a:*lib_a-mem*.o *libgcc.a:) .rodata*)
 .rodata.main.str1.4
                0x10006a08       0x11 CMakeFiles/focuser.dir/focuser.c.obj
 *fill*         0x10006a19        0x3 
 .rodata.spin_lock_claim_unused.str1.4
                0x10006a1c       0x1b CMakeFiles/focuser.dir/C_/Users/kd5sn/OneDrive/Documents/Development/pico/pico-sdk/src/rp2_common/hardware_sync/sync.c.obj
 *fill*         0x10006a37        0x1 
 .rodata.repeating_timer_callback.str1.4
                0x10006a38       0x6c CMakeFiles/focuser.dir/C_/Users/kd5sn/OneDrive/Documents/Development/pico/pico-sdk/src/common/pico_time/time.c.obj
 .rodata.alarm_pool_dump_key.str1.4
                0x10006aa4       0x33 CMakeFiles/focuser.dir/C_/Users/kd5sn/OneDrive/Documents/Development/pico/pico-sdk/src/common/pico_time/time.c.obj
 *fill*         0x10006ad7        0x1 
 .rodata.ph_add_child_node.str1.4
                0x10006ad8       0xb6 CMakeFiles/focuser.dir/C_/Users/kd5sn/OneDrive/Documents/Development/pico/pico-sdk/src/common/pico_time/time.c.obj
 *fill*         0x10006b8e        0x2 
 .rodata.add_alarm_under_lock.str1.4
                0x10006b90       0x28 CMakeFiles/focuser.dir/C_/Users/kd5sn/OneDrive/Documents/Development/pico/pico-sdk/src/common/pico_time/time.c.obj
                                 0x2b (size before relaxing)
 .rodata.alarm_pool_alarm_callback.str1.4
                0x10006bb8      0x106 CMakeFiles/focuser.dir/C_/Users/kd5sn/OneDrive/Documents/Development/pico/pico-sdk/src/common/pico_time/time.c.obj
 *fill*         0x10006cbe        0x2 
 .rodata.alarm_pool_get_default.str1.4
                0x10006cc0       0x21 CMakeFiles/focuser.dir/C_/Users/kd5sn/OneDrive/Documents/Development/pico/pico-sdk/src/common/pico_time/time.c.obj
 *fill*         0x10006ce1        0x3 
 .rodata.alarm_pool_cancel_alarm.str1.4
                0x10006ce4       0x27 CMakeFiles/focuser.dir/C_/Users/kd5sn/OneDrive/Documents/Development/pico/pico-sdk/src/common/pico_time/time.c.obj
 *fill*         0x10006d0b        0x1 
 .rodata.sleep_until.str1.4
                0x10006d0c       0x4d CMakeFiles/focuser.dir/C_/Users/kd5sn/OneDrive/Documents/Development/pico/pico-sdk/src/common/pico_time/time.c.obj
 *fill*         0x10006d59        0x3 
 .rodata.__func__.1
                0x10006d5c       0x18 CMakeFiles/focuser.dir/C_/Users/kd5sn/OneDrive/Documents/Development/pico/pico-sdk/src/common/pico_time/time.c.obj
 .rodata.__func__.10
                0x10006d74       0x15 CMakeFiles/focuser.dir/C_/Users/kd5sn/OneDrive/Documents/Development/pico/pico-sdk/src/common/pico_time/time.c.obj
 *fill*         0x10006d89        0x3 
 .rodata.__func__.11
                0x10006d8c       0x1a CMakeFiles/focuser.dir/C_/Users/kd5sn/OneDrive/Documents/Development/pico/pico-sdk/src/common/pico_time/time.c.obj
 *fill*         0x10006da6        0x2 
 .rodata.__func__.12
                0x10006da8        0xa CMakeFiles/focuser.dir/C_/Users/kd5sn/OneDrive/Documents/Development/pico/pico-sdk/src/common/pico_time/time.c.obj
 *fill*         0x10006db2        0x2 
 .rodata.__func__.3
                0x10006db4       0x17 CMakeFiles/focuser.dir/C_/Users/kd5sn/OneDrive/Documents/Development/pico/pico-sdk/src/common/pico_time/time.c.obj
 *fill*         0x10006dcb        0x1 
 .rodata.__func__.4
                0x10006dcc       0x12 CMakeFiles/focuser.dir/C_/Users/kd5sn/OneDrive/Documents/Development/pico/pico-sdk/src/common/pico_time/time.c.obj
 *fill*         0x10006dde        0x2 
 .rodata.__func__.5
                0x10006de0        0xd CMakeFiles/focuser.dir/C_/Users/kd5sn/OneDrive/Documents/Development/pico/pico-sdk/src/common/pico_time/time.c.obj
 *fill*         0x10006ded        0x3 
 .rodata.__func__.6
                0x10006df0       0x12 CMakeFiles/focuser.dir/C_/Users/kd5sn/OneDrive/Documents/Development/pico/pico-sdk/src/common/pico_time/time.c.obj
 *fill*         0x10006e02        0x2 
 .rodata.__func__.7
                0x10006e04        0xf CMakeFiles/focuser.dir/C_/Users/kd5sn/OneDrive/Documents/Development/pico/pico-sdk/src/common/pico_time/time.c.obj
 *fill*         0x10006e13        0x1 
 .rodata.__func__.8
                0x10006e14        0xc CMakeFiles/focuser.dir/C_/Users/kd5sn/OneDrive/Documents/Development/pico/pico-sdk/src/common/pico_time/time.c.obj
 .rodata.__func__.9
                0x10006e20       0x15 CMakeFiles/focuser.dir/C_/Users/kd5sn/OneDrive/Documents/Development/pico/pico-sdk/src/common/pico_time/time.c.obj
 *fill*         0x10006e35        0x3 
 .rodata.hardware_alarm_claim.str1.4
                0x10006e38       0x22 CMakeFiles/focuser.dir/C_/Users/kd5sn/OneDrive/Documents/Development/pico/pico-sdk/src/rp2_common/hardware_timer/timer.c.obj
 *fill*         0x10006e5a        0x2 
 .rodata.hardware_alarm_set_target.str1.4
                0x10006e5c       0x86 CMakeFiles/focuser.dir/C_/Users/kd5sn/OneDrive/Documents/Development/pico/pico-sdk/src/rp2_common/hardware_timer/timer.c.obj
 *fill*         0x10006ee2        0x2 
 .rodata.__func__.0
                0x10006ee4       0x1a CMakeFiles/focuser.dir/C_/Users/kd5sn/OneDrive/Documents/Development/pico/pico-sdk/src/rp2_common/hardware_timer/timer.c.obj
 *fill*         0x10006efe        0x2 
 .rodata.str1.4
                0x10006f00       0xad CMakeFiles/focuser.dir/C_/Users/kd5sn/OneDrive/Documents/Development/pico/pico-sdk/src/common/pico_sync/mutex.c.obj
                                0x131 (size before relaxing)
 *fill*         0x10006fad        0x3 
 .rodata.__func__.1
                0x10006fb0        0xb CMakeFiles/focuser.dir/C_/Users/kd5sn/OneDrive/Documents/Development/pico/pico-sdk/src/common/pico_sync/mutex.c.obj
 *fill*         0x10006fbb        0x1 
 .rodata.__func__.3
                0x10006fbc       0x18 CMakeFiles/focuser.dir/C_/Users/kd5sn/OneDrive/Documents/Development/pico/pico-sdk/src/common/pico_sync/mutex.c.obj
 .rodata.__func__.4
                0x10006fd4       0x15 CMakeFiles/focuser.dir/C_/Users/kd5sn/OneDrive/Documents/Development/pico/pico-sdk/src/common/pico_sync/mutex.c.obj
 .rodata.ph_add_child_node.str1.4
                0x10006fe9       0xb6 CMakeFiles/focuser.dir/C_/Users/kd5sn/OneDrive/Documents/Development/pico/pico-sdk/src/common/pico_util/pheap.c.obj
 *fill*         0x10006fe9        0x3 
 .rodata.ph_remove_any_head.str1.4
                0x10006fec       0xb0 CMakeFiles/focuser.dir/C_/Users/kd5sn/OneDrive/Documents/Development/pico/pico-sdk/src/common/pico_util/pheap.c.obj
 .rodata.ph_remove_and_free_node.str1.4
                0x1000709c       0x26 CMakeFiles/focuser.dir/C_/Users/kd5sn/OneDrive/Documents/Development/pico/pico-sdk/src/common/pico_util/pheap.c.obj
 *fill*         0x100070c2        0x2 
 .rodata.__func__.0
                0x100070c4       0x18 CMakeFiles/focuser.dir/C_/Users/kd5sn/OneDrive/Documents/Development/pico/pico-sdk/src/common/pico_util/pheap.c.obj
 .rodata.__func__.1
                0x100070dc       0x13 CMakeFiles/focuser.dir/C_/Users/kd5sn/OneDrive/Documents/Development/pico/pico-sdk/src/common/pico_util/pheap.c.obj
 *fill*         0x100070ef        0x1 
 .rodata.__func__.2
                0x100070f0       0x12 CMakeFiles/focuser.dir/C_/Users/kd5sn/OneDrive/Documents/Development/pico/pico-sdk/src/common/pico_util/pheap.c.obj
 *fill*         0x10007102        0x2 
 .rodata.__func__.3
                0x10007104        0xc CMakeFiles/focuser.dir/C_/Users/kd5sn/OneDrive/Documents/Development/pico/pico-sdk/src/common/pico_util/pheap.c.obj
 .rodata.__assert_func.str1.4
                0x10007110       0x3f CMakeFiles/focuser.dir/C_/Users/kd5sn/OneDrive/Documents/Development/pico/pico-sdk/src/rp2_common/pico_runtime/runtime.c.obj
                                 0x43 (size before relaxing)
 *fill*         0x1000714f        0x1 
 .rodata.runtime_init.str1.4
                0x10007150       0x82 CMakeFiles/focuser.dir/C_/Users/kd5sn/OneDrive/Documents/Development/pico/pico-sdk/src/rp2_common/pico_runtime/runtime.c.obj
 *fill*         0x100071d2        0x2 
 .rodata.panic.str1.4
                0x100071d4       0x12 CMakeFiles/focuser.dir/C_/Users/kd5sn/OneDrive/Documents/Development/pico/pico-sdk/src/rp2_common/pico_runtime/runtime.c.obj
 *fill*         0x100071e6        0x2 
 .rodata.__func__.1
                0x100071e8        0xd CMakeFiles/focuser.dir/C_/Users/kd5sn/OneDrive/Documents/Development/pico/pico-sdk/src/rp2_common/pico_runtime/runtime.c.obj
 *fill*         0x100071f5        0x3 
 .rodata.clock_configure.str1.4
                0x100071f8       0x78 CMakeFiles/focuser.dir/C_/Users/kd5sn/OneDrive/Documents/Development/pico/pico-sdk/src/rp2_common/hardware_clocks/clocks.c.obj
 .rodata.__func__.1
                0x10007270       0x10 CMakeFiles/focuser.dir/C_/Users/kd5sn/OneDrive/Documents/Development/pico/pico-sdk/src/rp2_common/hardware_clocks/clocks.c.obj
 .rodata.make_branch.str1.4
                0x10007280       0x8e CMakeFiles/focuser.dir/C_/Users/kd5sn/OneDrive/Documents/Development/pico/pico-sdk/src/rp2_common/hardware_irq/irq.c.obj
 *fill*         0x1000730e        0x2 
 .rodata.insert_branch_and_link.str1.4
                0x10007310       0x10 CMakeFiles/focuser.dir/C_/Users/kd5sn/OneDrive/Documents/Development/pico/pico-sdk/src/rp2_common/hardware_irq/irq.c.obj
 .rodata.irq_set_exclusive_handler.str1.4
                0x10007320       0x36 CMakeFiles/focuser.dir/C_/Users/kd5sn/OneDrive/Documents/Development/pico/pico-sdk/src/rp2_common/hardware_irq/irq.c.obj
 *fill*         0x10007356        0x2 
 .rodata.irq_add_shared_handler.str1.4
                0x10007358       0xd9 CMakeFiles/focuser.dir/C_/Users/kd5sn/OneDrive/Documents/Development/pico/pico-sdk/src/rp2_common/hardware_irq/irq.c.obj
 *fill*         0x10007431        0x3 
 .rodata.irq_remove_handler.str1.4
                0x10007434       0x2a CMakeFiles/focuser.dir/C_/Users/kd5sn/OneDrive/Documents/Development/pico/pico-sdk/src/rp2_common/hardware_irq/irq.c.obj
 *fill*         0x1000745e        0x2 
 .rodata.irq_add_tail_to_free_list.str1.4
                0x10007460       0x32 CMakeFiles/focuser.dir/C_/Users/kd5sn/OneDrive/Documents/Development/pico/pico-sdk/src/rp2_common/hardware_irq/irq.c.obj
                                 0x3a (size before relaxing)
 *fill*         0x10007492        0x2 
 .rodata.__func__.0
                0x10007494       0x1a CMakeFiles/focuser.dir/C_/Users/kd5sn/OneDrive/Documents/Development/pico/pico-sdk/src/rp2_common/hardware_irq/irq.c.obj
 *fill*         0x100074ae        0x2 
 .rodata.__func__.1
                0x100074b0       0x17 CMakeFiles/focuser.dir/C_/Users/kd5sn/OneDrive/Documents/Development/pico/pico-sdk/src/rp2_common/hardware_irq/irq.c.obj
 *fill*         0x100074c7        0x1 
 .rodata.__func__.2
                0x100074c8       0x13 CMakeFiles/focuser.dir/C_/Users/kd5sn/OneDrive/Documents/Development/pico/pico-sdk/src/rp2_common/hardware_irq/irq.c.obj
 *fill*         0x100074db        0x1 
 .rodata.__func__.3
                0x100074dc        0xc CMakeFiles/focuser.dir/C_/Users/kd5sn/OneDrive/Documents/Development/pico/pico-sdk/src/rp2_common/hardware_irq/irq.c.obj
 .rodata.__func__.4
                0x100074e8        0xf CMakeFiles/focuser.dir/C_/Users/kd5sn/OneDrive/Documents/Development/pico/pico-sdk/src/rp2_common/hardware_irq/irq.c.obj
 *fill*         0x100074f7        0x1 
 .rodata.__func__.6
                0x100074f8       0x1a CMakeFiles/focuser.dir/C_/Users/kd5sn/OneDrive/Documents/Development/pico/pico-sdk/src/rp2_common/hardware_irq/irq.c.obj
 *fill*         0x10007512        0x2 
 .rodata.pll_init.str1.4
                0x10007514       0xfb CMakeFiles/focuser.dir/C_/Users/kd5sn/OneDrive/Documents/Development/pico/pico-sdk/src/rp2_common/hardware_pll/pll.c.obj
 *fill*         0x1000760f        0x1 
 .rodata.__func__.0
                0x10007610        0x9 CMakeFiles/focuser.dir/C_/Users/kd5sn/OneDrive/Documents/Development/pico/pico-sdk/src/rp2_common/hardware_pll/pll.c.obj
 *fill*         0x10007619        0x3 
 .rodata._ftoa.str1.4
                0x1000761c       0x15 CMakeFiles/focuser.dir/C_/Users/kd5sn/OneDrive/Documents/Development/pico/pico-sdk/src/rp2_common/pico_printf/printf.c.obj
 *fill*         0x10007631        0x3 
 .rodata._vsnprintf
                0x10007634      0x1e0 CMakeFiles/focuser.dir/C_/Users/kd5sn/OneDrive/Documents/Development/pico/pico-sdk/src/rp2_common/pico_printf/printf.c.obj
 *fill*         0x10007814        0x4 
 .rodata.pow10.0
                0x10007818       0x50 CMakeFiles/focuser.dir/C_/Users/kd5sn/OneDrive/Documents/Development/pico/pico-sdk/src/rp2_common/pico_printf/printf.c.obj
 .rodata.missing_double_func_shim.str1.4
                0x10007868       0x18 CMakeFiles/focuser.dir/C_/Users/kd5sn/OneDrive/Documents/Development/pico/pico-sdk/src/rp2_common/pico_double/double_init_rom.c.obj
 .rodata.__aeabi_double_init.str1.4
                0x10007880       0xc9 CMakeFiles/focuser.dir/C_/Users/kd5sn/OneDrive/Documents/Development/pico/pico-sdk/src/rp2_common/pico_double/double_init_rom.c.obj
 *fill*         0x10007949        0x3 
 .rodata.__func__.0
                0x1000794c       0x14 CMakeFiles/focuser.dir/C_/Users/kd5sn/OneDrive/Documents/Development/pico/pico-sdk/src/rp2_common/pico_double/double_init_rom.c.obj
 .rodata.missing_float_func_shim.str1.4
                0x10007960        0x1 CMakeFiles/focuser.dir/C_/Users/kd5sn/OneDrive/Documents/Development/pico/pico-sdk/src/rp2_common/pico_float/float_init_rom.c.obj
 .rodata.__aeabi_float_init.str1.4
                0x10007960       0x9b CMakeFiles/focuser.dir/C_/Users/kd5sn/OneDrive/Documents/Development/pico/pico-sdk/src/rp2_common/pico_float/float_init_rom.c.obj
 *fill*         0x100079fb        0x1 
 .rodata.__func__.0
                0x100079fc       0x13 CMakeFiles/focuser.dir/C_/Users/kd5sn/OneDrive/Documents/Development/pico/pico-sdk/src/rp2_common/pico_float/float_init_rom.c.obj
 *fill*         0x10007a0f        0x1 
 .rodata.str1.4
                0x10007a10       0x48 CMakeFiles/focuser.dir/C_/Users/kd5sn/OneDrive/Documents/Development/pico/pico-sdk/src/rp2_common/pico_standard_link/binary_info.c.obj
 .rodata.__bi_44
                0x10007a58        0xc CMakeFiles/focuser.dir/C_/Users/kd5sn/OneDrive/Documents/Development/pico/pico-sdk/src/rp2_common/pico_standard_link/binary_info.c.obj
 .rodata.__bi_75
                0x10007a64        0xc CMakeFiles/focuser.dir/C_/Users/kd5sn/OneDrive/Documents/Development/pico/pico-sdk/src/rp2_common/pico_standard_link/binary_info.c.obj
 .rodata.__bi_81
                0x10007a70        0xc CMakeFiles/focuser.dir/C_/Users/kd5sn/OneDrive/Documents/Development/pico/pico-sdk/src/rp2_common/pico_standard_link/binary_info.c.obj
 .rodata.crlf_str.3
                0x10007a7c        0x2 CMakeFiles/focuser.dir/C_/Users/kd5sn/OneDrive/Documents/Development/pico/pico-sdk/src/rp2_common/pico_stdio/stdio.c.obj
 *fill*         0x10007a7e        0x2 
 .rodata._resetd_driver
                0x10007a80       0x18 CMakeFiles/focuser.dir/C_/Users/kd5sn/OneDrive/Documents/Development/pico/pico-sdk/src/rp2_common/pico_stdio_usb/reset_interface.c.obj
 .rodata.stdio_usb_init.str1.4
                0x10007a98       0x82 CMakeFiles/focuser.dir/C_/Users/kd5sn/OneDrive/Documents/Development/pico/pico-sdk/src/rp2_common/pico_stdio_usb/stdio_usb.c.obj
 .rodata.str1.4
                0x10007a98       0x13 CMakeFiles/focuser.dir/C_/Users/kd5sn/OneDrive/Documents/Development/pico/pico-sdk/src/rp2_common/pico_stdio_usb/stdio_usb.c.obj
 *fill*         0x10007aab        0x1 
 .rodata.__bi_93.1
                0x10007aac        0xc CMakeFiles/focuser.dir/C_/Users/kd5sn/OneDrive/Documents/Development/pico/pico-sdk/src/rp2_common/pico_stdio_usb/stdio_usb.c.obj
 .rodata.__func__.0
                0x10007ab8       0x15 CMakeFiles/focuser.dir/C_/Users/kd5sn/OneDrive/Documents/Development/pico/pico-sdk/src/rp2_common/pico_stdio_usb/stdio_usb.c.obj
 *fill*         0x10007acd        0x3 
 .rodata.str1.4
                0x10007ad0       0x2a CMakeFiles/focuser.dir/C_/Users/kd5sn/OneDrive/Documents/Development/pico/pico-sdk/src/rp2_common/pico_stdio_usb/stdio_usb_descriptors.c.obj
 *fill*         0x10007afa        0x2 
 .rodata.usbd_desc_cfg
                0x10007afc       0x54 CMakeFiles/focuser.dir/C_/Users/kd5sn/OneDrive/Documents/Development/pico/pico-sdk/src/rp2_common/pico_stdio_usb/stdio_usb_descriptors.c.obj
 .rodata.usbd_desc_device
                0x10007b50       0x12 CMakeFiles/focuser.dir/C_/Users/kd5sn/OneDrive/Documents/Development/pico/pico-sdk/src/rp2_common/pico_stdio_usb/stdio_usb_descriptors.c.obj
 *fill*         0x10007b62        0x2 
 .rodata.usbd_desc_str
                0x10007b64       0x18 CMakeFiles/focuser.dir/C_/Users/kd5sn/OneDrive/Documents/Development/pico/pico-sdk/src/rp2_common/pico_stdio_usb/stdio_usb_descriptors.c.obj
 .rodata._hw_endpoint_alloc.str1.4
                0x10007b7c       0xd9 CMakeFiles/focuser.dir/C_/Users/kd5sn/OneDrive/Documents/Development/pico/pico-sdk/lib/tinyusb/src/portable/raspberrypi/rp2040/dcd_rp2040.c.obj
 *fill*         0x10007c55        0x3 
 .rodata.dcd_rp2040_irq.str1.4
                0x10007c58       0x14 CMakeFiles/focuser.dir/C_/Users/kd5sn/OneDrive/Documents/Development/pico/pico-sdk/lib/tinyusb/src/portable/raspberrypi/rp2040/dcd_rp2040.c.obj
 .rodata.dcd_int_enable.str1.4
                0x10007c6c        0xc CMakeFiles/focuser.dir/C_/Users/kd5sn/OneDrive/Documents/Development/pico/pico-sdk/lib/tinyusb/src/portable/raspberrypi/rp2040/dcd_rp2040.c.obj
 .rodata.__func__.0
                0x10007c78        0xe CMakeFiles/focuser.dir/C_/Users/kd5sn/OneDrive/Documents/Development/pico/pico-sdk/lib/tinyusb/src/portable/raspberrypi/rp2040/dcd_rp2040.c.obj
 *fill*         0x10007c86        0x2 
 .rodata.__func__.1
                0x10007c88        0xe CMakeFiles/focuser.dir/C_/Users/kd5sn/OneDrive/Documents/Development/pico/pico-sdk/lib/tinyusb/src/portable/raspberrypi/rp2040/dcd_rp2040.c.obj
 *fill*         0x10007c96        0x2 
 .rodata.__func__.3
                0x10007c98       0x10 CMakeFiles/focuser.dir/C_/Users/kd5sn/OneDrive/Documents/Development/pico/pico-sdk/lib/tinyusb/src/portable/raspberrypi/rp2040/dcd_rp2040.c.obj
 .rodata.__func__.5
                0x10007ca8        0xf CMakeFiles/focuser.dir/C_/Users/kd5sn/OneDrive/Documents/Development/pico/pico-sdk/lib/tinyusb/src/portable/raspberrypi/rp2040/dcd_rp2040.c.obj
 *fill*         0x10007cb7        0x1 
 .rodata.__func__.6
                0x10007cb8       0x13 CMakeFiles/focuser.dir/C_/Users/kd5sn/OneDrive/Documents/Development/pico/pico-sdk/lib/tinyusb/src/portable/raspberrypi/rp2040/dcd_rp2040.c.obj
 *fill*         0x10007ccb        0x1 
 .rodata.__func__.7
                0x10007ccc        0x9 CMakeFiles/focuser.dir/C_/Users/kd5sn/OneDrive/Documents/Development/pico/pico-sdk/lib/tinyusb/src/portable/raspberrypi/rp2040/dcd_rp2040.c.obj
 *fill*         0x10007cd5        0x3 
 .rodata.sync_ep_buffer.str1.4
                0x10007cd8       0xb5 CMakeFiles/focuser.dir/C_/Users/kd5sn/OneDrive/Documents/Development/pico/pico-sdk/lib/tinyusb/src/portable/raspberrypi/rp2040/rp2040_usb.c.obj
 *fill*         0x10007d8d        0x3 
 .rodata._hw_endpoint_buffer_control_update32.str1.4
                0x10007d90       0x1f CMakeFiles/focuser.dir/C_/Users/kd5sn/OneDrive/Documents/Development/pico/pico-sdk/lib/tinyusb/src/portable/raspberrypi/rp2040/rp2040_usb.c.obj
 *fill*         0x10007daf        0x1 
 .rodata.hw_endpoint_xfer_start.str1.4
                0x10007db0       0x38 CMakeFiles/focuser.dir/C_/Users/kd5sn/OneDrive/Documents/Development/pico/pico-sdk/lib/tinyusb/src/portable/raspberrypi/rp2040/rp2040_usb.c.obj
 .rodata.hw_endpoint_xfer_continue.str1.4
                0x10007de8       0x29 CMakeFiles/focuser.dir/C_/Users/kd5sn/OneDrive/Documents/Development/pico/pico-sdk/lib/tinyusb/src/portable/raspberrypi/rp2040/rp2040_usb.c.obj
 *fill*         0x10007e11        0x3 
 .rodata.str1.4
                0x10007e14        0x7 CMakeFiles/focuser.dir/C_/Users/kd5sn/OneDrive/Documents/Development/pico/pico-sdk/lib/tinyusb/src/portable/raspberrypi/rp2040/rp2040_usb.c.obj
 *fill*         0x10007e1b        0x1 
 .rodata.__func__.0
                0x10007e1c        0xf CMakeFiles/focuser.dir/C_/Users/kd5sn/OneDrive/Documents/Development/pico/pico-sdk/lib/tinyusb/src/portable/raspberrypi/rp2040/rp2040_usb.c.obj
 *fill*         0x10007e2b        0x1 
 .rodata.process_set_config.str1.4
                0x10007e2c       0x17 CMakeFiles/focuser.dir/C_/Users/kd5sn/OneDrive/Documents/Development/pico/pico-sdk/lib/tinyusb/src/device/usbd.c.obj
 *fill*         0x10007e43        0x1 
 .rodata.process_get_descriptor
                0x10007e44       0x40 CMakeFiles/focuser.dir/C_/Users/kd5sn/OneDrive/Documents/Development/pico/pico-sdk/lib/tinyusb/src/device/usbd.c.obj
 .rodata.process_control_request
                0x10007e84       0x28 CMakeFiles/focuser.dir/C_/Users/kd5sn/OneDrive/Documents/Development/pico/pico-sdk/lib/tinyusb/src/device/usbd.c.obj
 .rodata.tud_task
                0x10007eac       0x24 CMakeFiles/focuser.dir/C_/Users/kd5sn/OneDrive/Documents/Development/pico/pico-sdk/lib/tinyusb/src/device/usbd.c.obj
 .rodata.__func__.2
                0x10007ed0        0xf CMakeFiles/focuser.dir/C_/Users/kd5sn/OneDrive/Documents/Development/pico/pico-sdk/lib/tinyusb/src/device/usbd.c.obj
 *fill*         0x10007edf        0x1 
 .rodata.__func__.3
                0x10007ee0        0xf CMakeFiles/focuser.dir/C_/Users/kd5sn/OneDrive/Documents/Development/pico/pico-sdk/lib/tinyusb/src/device/usbd.c.obj
 *fill*         0x10007eef        0x1 
 .rodata.__func__.4
                0x10007ef0       0x14 CMakeFiles/focuser.dir/C_/Users/kd5sn/OneDrive/Documents/Development/pico/pico-sdk/lib/tinyusb/src/device/usbd.c.obj
 .rodata.__func__.5
                0x10007f04       0x10 CMakeFiles/focuser.dir/C_/Users/kd5sn/OneDrive/Documents/Development/pico/pico-sdk/lib/tinyusb/src/device/usbd.c.obj
 .rodata.__func__.6
                0x10007f14       0x17 CMakeFiles/focuser.dir/C_/Users/kd5sn/OneDrive/Documents/Development/pico/pico-sdk/lib/tinyusb/src/device/usbd.c.obj
 *fill*         0x10007f2b        0x1 
 .rodata.__func__.7
                0x10007f2c       0x13 CMakeFiles/focuser.dir/C_/Users/kd5sn/OneDrive/Documents/Development/pico/pico-sdk/lib/tinyusb/src/device/usbd.c.obj
 *fill*         0x10007f3f        0x1 
 .rodata.__func__.8
                0x10007f40       0x18 CMakeFiles/focuser.dir/C_/Users/kd5sn/OneDrive/Documents/Development/pico/pico-sdk/lib/tinyusb/src/device/usbd.c.obj
 .rodata.__func__.9
                0x10007f58        0x9 CMakeFiles/focuser.dir/C_/Users/kd5sn/OneDrive/Documents/Development/pico/pico-sdk/lib/tinyusb/src/device/usbd.c.obj
 *fill*         0x10007f61        0x3 
 .rodata._usbd_driver
                0x10007f64       0x18 CMakeFiles/focuser.dir/C_/Users/kd5sn/OneDrive/Documents/Development/pico/pico-sdk/lib/tinyusb/src/device/usbd.c.obj
 .rodata.tud_control_xfer.str1.4
                0x10007f7c       0x17 CMakeFiles/focuser.dir/C_/Users/kd5sn/OneDrive/Documents/Development/pico/pico-sdk/lib/tinyusb/src/device/usbd_control.c.obj
 .rodata.__func__.0
                0x10007f7c       0x15 CMakeFiles/focuser.dir/C_/Users/kd5sn/OneDrive/Documents/Development/pico/pico-sdk/lib/tinyusb/src/device/usbd_control.c.obj
 *fill*         0x10007f91        0x3 
 .rodata.__func__.1
                0x10007f94       0x11 CMakeFiles/focuser.dir/C_/Users/kd5sn/OneDrive/Documents/Development/pico/pico-sdk/lib/tinyusb/src/device/usbd_control.c.obj
 .rodata.tud_cdc_n_write_flush.str1.4
                0x10007fa5       0x17 CMakeFiles/focuser.dir/C_/Users/kd5sn/OneDrive/Documents/Development/pico/pico-sdk/lib/tinyusb/src/class/cdc/cdc_device.c.obj
 *fill*         0x10007fa5        0x3 
 .rodata.__func__.0
                0x10007fa8        0xd CMakeFiles/focuser.dir/C_/Users/kd5sn/OneDrive/Documents/Development/pico/pico-sdk/lib/tinyusb/src/class/cdc/cdc_device.c.obj
 *fill*         0x10007fb5        0x3 
 .rodata.__func__.1
                0x10007fb8        0xa CMakeFiles/focuser.dir/C_/Users/kd5sn/OneDrive/Documents/Development/pico/pico-sdk/lib/tinyusb/src/class/cdc/cdc_device.c.obj
 *fill*         0x10007fc2        0x2 
 .rodata.__func__.2
                0x10007fc4       0x16 CMakeFiles/focuser.dir/C_/Users/kd5sn/OneDrive/Documents/Development/pico/pico-sdk/lib/tinyusb/src/class/cdc/cdc_device.c.obj
 .rodata.tusb_init.str1.4
                0x10007fda       0x17 CMakeFiles/focuser.dir/C_/Users/kd5sn/OneDrive/Documents/Development/pico/pico-sdk/lib/tinyusb/src/tusb.c.obj
 *fill*         0x10007fda        0x2 
 .rodata.__func__.0
                0x10007fdc       0x11 CMakeFiles/focuser.dir/C_/Users/kd5sn/OneDrive/Documents/Development/pico/pico-sdk/lib/tinyusb/src/tusb.c.obj
 *fill*         0x10007fed        0x3 
 .rodata.__func__.1
                0x10007ff0        0xa CMakeFiles/focuser.dir/C_/Users/kd5sn/OneDrive/Documents/Development/pico/pico-sdk/lib/tinyusb/src/tusb.c.obj
 *fill*         0x10007ffa        0x2 
 .rodata.pico_get_unique_board_id_string.str1.4
                0x10007ffc       0x6e CMakeFiles/focuser.dir/C_/Users/kd5sn/OneDrive/Documents/Development/pico/pico-sdk/src/rp2_common/pico_unique_id/unique_id.c.obj
 *fill*         0x1000806a        0x2 
 .rodata.__func__.0
                0x1000806c       0x20 CMakeFiles/focuser.dir/C_/Users/kd5sn/OneDrive/Documents/Development/pico/pico-sdk/src/rp2_common/pico_unique_id/unique_id.c.obj
 .rodata.str1.4
                0x1000808c      0x17a CMakeFiles/focuser.dir/C_/Users/kd5sn/OneDrive/Documents/Development/pico/pico-sdk/src/rp2_common/hardware_flash/flash.c.obj
 *fill*         0x10008206        0x2 
 .rodata.__func__.0
                0x10008208        0xd CMakeFiles/focuser.dir/C_/Users/kd5sn/OneDrive/Documents/Development/pico/pico-sdk/src/rp2_common/hardware_flash/flash.c.obj
                0x10008218                . = ALIGN (0x4)
 *fill*         0x10008215        0x3 
 *(SORT_BY_ALIGNMENT(SORT_BY_NAME(.flashdata*)))
                0x10008218                . = ALIGN (0x4)

.rel.dyn        0x10008218        0x0
 .rel.iplt      0x10008218        0x0 c:/progra~2/gnuarm~1/102021~1.10/bin/../lib/gcc/arm-none-eabi/10.3.1/thumb/v6-m/nofp/crtbegin.o

.ARM.extab
 *(.ARM.extab* .gnu.linkonce.armextab.*)
                0x10008218                __exidx_start = .

.ARM.exidx
 *(.ARM.exidx* .gnu.linkonce.armexidx.*)
                0x10008218                __exidx_end = .
                0x10008218                . = ALIGN (0x4)
                0x10008218                __binary_info_start = .

.binary_info    0x10008218       0x20
 *(.binary_info.keep.*)
 .binary_info.keep.__bi_ptr22
                0x10008218        0x4 CMakeFiles/focuser.dir/C_/Users/kd5sn/OneDrive/Documents/Development/pico/pico-sdk/src/rp2_common/pico_standard_link/binary_info.c.obj
 .binary_info.keep.__bi_ptr30
                0x1000821c        0x4 CMakeFiles/focuser.dir/C_/Users/kd5sn/OneDrive/Documents/Development/pico/pico-sdk/src/rp2_common/pico_standard_link/binary_info.c.obj
 .binary_info.keep.__bi_ptr38
                0x10008220        0x4 CMakeFiles/focuser.dir/C_/Users/kd5sn/OneDrive/Documents/Development/pico/pico-sdk/src/rp2_common/pico_standard_link/binary_info.c.obj
 .binary_info.keep.__bi_ptr44
                0x10008224        0x4 CMakeFiles/focuser.dir/C_/Users/kd5sn/OneDrive/Documents/Development/pico/pico-sdk/src/rp2_common/pico_standard_link/binary_info.c.obj
 .binary_info.keep.__bi_ptr50
                0x10008228        0x4 CMakeFiles/focuser.dir/C_/Users/kd5sn/OneDrive/Documents/Development/pico/pico-sdk/src/rp2_common/pico_standard_link/binary_info.c.obj
 .binary_info.keep.__bi_ptr75
                0x1000822c        0x4 CMakeFiles/focuser.dir/C_/Users/kd5sn/OneDrive/Documents/Development/pico/pico-sdk/src/rp2_common/pico_standard_link/binary_info.c.obj
 .binary_info.keep.__bi_ptr81
                0x10008230        0x4 CMakeFiles/focuser.dir/C_/Users/kd5sn/OneDrive/Documents/Development/pico/pico-sdk/src/rp2_common/pico_standard_link/binary_info.c.obj
 *(.binary_info.*)
 .binary_info.__bi_ptr93
                0x10008234        0x4 CMakeFiles/focuser.dir/C_/Users/kd5sn/OneDrive/Documents/Development/pico/pico-sdk/src/rp2_common/pico_stdio_usb/stdio_usb.c.obj
                0x10008238                __binary_info_end = .
                0x10008238                . = ALIGN (0x4)
                0x10008238                __etext = .

.ram_vector_table
                0x20000000       0xc0
 *(.ram_vector_table)
 .ram_vector_table
                0x20000000       0xc0 CMakeFiles/focuser.dir/C_/Users/kd5sn/OneDrive/Documents/Development/pico/pico-sdk/src/rp2_common/pico_runtime/runtime.c.obj
                0x20000000                ram_vector_table

.data           0x200000c0      0x460 load address 0x10008238
                0x200000c0                __data_start__ = .
 *(vtable)
 *(.time_critical*)
 .time_critical.mutex_enter_blocking
                0x200000c0       0x48 CMakeFiles/focuser.dir/C_/Users/kd5sn/OneDrive/Documents/Development/pico/pico-sdk/src/common/pico_sync/mutex.c.obj
                0x200000c0                mutex_enter_blocking
 .time_critical.mutex_try_enter
                0x20000108       0x46 CMakeFiles/focuser.dir/C_/Users/kd5sn/OneDrive/Documents/Development/pico/pico-sdk/src/common/pico_sync/mutex.c.obj
                0x20000108                mutex_try_enter
 *fill*         0x2000014e        0x2 
 .time_critical.mutex_enter_block_until
                0x20000150       0x8c CMakeFiles/focuser.dir/C_/Users/kd5sn/OneDrive/Documents/Development/pico/pico-sdk/src/common/pico_sync/mutex.c.obj
                0x20000150                mutex_enter_block_until
 .time_critical.mutex_enter_timeout_ms
                0x200001dc       0x74 CMakeFiles/focuser.dir/C_/Users/kd5sn/OneDrive/Documents/Development/pico/pico-sdk/src/common/pico_sync/mutex.c.obj
                0x200001dc                mutex_enter_timeout_ms
 .time_critical.mutex_exit
                0x20000250       0x4c CMakeFiles/focuser.dir/C_/Users/kd5sn/OneDrive/Documents/Development/pico/pico-sdk/src/common/pico_sync/mutex.c.obj
                0x20000250                mutex_exit
 .time_critical.flash_init_boot2_copyout
                0x2000029c       0x30 CMakeFiles/focuser.dir/C_/Users/kd5sn/OneDrive/Documents/Development/pico/pico-sdk/src/rp2_common/hardware_flash/flash.c.obj
 .time_critical.flash_enable_xip_via_boot2
                0x200002cc       0x10 CMakeFiles/focuser.dir/C_/Users/kd5sn/OneDrive/Documents/Development/pico/pico-sdk/src/rp2_common/hardware_flash/flash.c.obj
 .time_critical.flash_cs_force
                0x200002dc       0x28 CMakeFiles/focuser.dir/C_/Users/kd5sn/OneDrive/Documents/Development/pico/pico-sdk/src/rp2_common/hardware_flash/flash.c.obj
 .time_critical.flash_do_cmd