Archive member included to satisfy reference by file (symbol)

pico-ssd1306\libpico_ssd1306.a(ssd1306.cpp.obj)
                              CMakeFiles/focuser.dir/focuser.cpp.obj (pico_ssd1306::SSD1306::sendBuffer())
pico-ssd1306\libpico_ssd1306.a(FrameBuffer.cpp.obj)
                              pico-ssd1306\libpico_ssd1306.a(ssd1306.cpp.obj) (FrameBuffer::FrameBuffer())
pico-ssd1306\textRenderer\libssd1306_textRenderer.a(TextRenderer.cpp.obj)
                              CMakeFiles/focuser.dir/focuser.cpp.obj (pico_ssd1306::drawText(pico_ssd1306::SSD1306*, unsigned char const*, char const*, unsigned char, unsigned char, pico_ssd1306::WriteMode, pico_ssd1306::Rotation))
c:/progra~2/gnuarm~1/102021~1.10/bin/../lib/gcc/arm-none-eabi/10.3.1/thumb/v6-m/nofp\libgcc.a(_dvmd_tls.o)
                              CMakeFiles/focuser.dir/C_/Users/kd5sn/OneDrive/Documents/Development/pico/pico-sdk/src/rp2_common/pico_divider/divider.S.obj (__aeabi_idiv0)
c:/progra~2/gnuarm~1/102021~1.10/bin/../lib/gcc/arm-none-eabi/10.3.1/../../../../arm-none-eabi/lib/thumb/v6-m/nofp\libg.a(lib_a-calloc.o)
                              CMakeFiles/focuser.dir/C_/Users/kd5sn/OneDrive/Documents/Development/pico/pico-sdk/src/rp2_common/pico_malloc/pico_malloc.c.obj (calloc)
c:/progra~2/gnuarm~1/102021~1.10/bin/../lib/gcc/arm-none-eabi/10.3.1/../../../../arm-none-eabi/lib/thumb/v6-m/nofp\libg.a(lib_a-callocr.o)
                              c:/progra~2/gnuarm~1/102021~1.10/bin/../lib/gcc/arm-none-eabi/10.3.1/../../../../arm-none-eabi/lib/thumb/v6-m/nofp\libg.a(lib_a-calloc.o) (_calloc_r)
c:/progra~2/gnuarm~1/102021~1.10/bin/../lib/gcc/arm-none-eabi/10.3.1/../../../../arm-none-eabi/lib/thumb/v6-m/nofp\libg.a(lib_a-ctype_.o)
                              CMakeFiles/focuser.dir/C_/Users/kd5sn/OneDrive/Documents/Development/pico/pico-sdk/lib/tinyusb/src/tusb.c.obj (_ctype_)
c:/progra~2/gnuarm~1/102021~1.10/bin/../lib/gcc/arm-none-eabi/10.3.1/../../../../arm-none-eabi/lib/thumb/v6-m/nofp\libg.a(lib_a-errno.o)
                              c:/progra~2/gnuarm~1/102021~1.10/bin/../lib/gcc/arm-none-eabi/10.3.1/../../../../arm-none-eabi/lib/thumb/v6-m/nofp\libg.a(lib_a-callocr.o) (__errno)
c:/progra~2/gnuarm~1/102021~1.10/bin/../lib/gcc/arm-none-eabi/10.3.1/../../../../arm-none-eabi/lib/thumb/v6-m/nofp\libg.a(lib_a-impure.o)
                              c:/progra~2/gnuarm~1/102021~1.10/bin/../lib/gcc/arm-none-eabi/10.3.1/../../../../arm-none-eabi/lib/thumb/v6-m/nofp\libg.a(lib_a-calloc.o) (_impure_ptr)
c:/progra~2/gnuarm~1/102021~1.10/bin/../lib/gcc/arm-none-eabi/10.3.1/../../../../arm-none-eabi/lib/thumb/v6-m/nofp\libg.a(lib_a-init.o)
                              c:/progra~2/gnuarm~1/102021~1.10/bin/../lib/gcc/arm-none-eabi/10.3.1/../../../../arm-none-eabi/lib/thumb/v6-m/nofp/crt0.o (__libc_init_array)
c:/progra~2/gnuarm~1/102021~1.10/bin/../lib/gcc/arm-none-eabi/10.3.1/../../../../arm-none-eabi/lib/thumb/v6-m/nofp\libg.a(lib_a-malloc.o)
                              CMakeFiles/focuser.dir/C_/Users/kd5sn/OneDrive/Documents/Development/pico/pico-sdk/src/rp2_common/pico_malloc/pico_malloc.c.obj (malloc)
c:/progra~2/gnuarm~1/102021~1.10/bin/../lib/gcc/arm-none-eabi/10.3.1/../../../../arm-none-eabi/lib/thumb/v6-m/nofp\libg.a(lib_a-mallocr.o)
                              c:/progra~2/gnuarm~1/102021~1.10/bin/../lib/gcc/arm-none-eabi/10.3.1/../../../../arm-none-eabi/lib/thumb/v6-m/nofp\libg.a(lib_a-callocr.o) (_malloc_r)
c:/progra~2/gnuarm~1/102021~1.10/bin/../lib/gcc/arm-none-eabi/10.3.1/../../../../arm-none-eabi/lib/thumb/v6-m/nofp\libg.a(lib_a-mlock.o)
                              c:/progra~2/gnuarm~1/102021~1.10/bin/../lib/gcc/arm-none-eabi/10.3.1/../../../../arm-none-eabi/lib/thumb/v6-m/nofp\libg.a(lib_a-mallocr.o) (__malloc_lock)
c:/progra~2/gnuarm~1/102021~1.10/bin/../lib/gcc/arm-none-eabi/10.3.1/../../../../arm-none-eabi/lib/thumb/v6-m/nofp\libg.a(lib_a-sbrkr.o)
                              c:/progra~2/gnuarm~1/102021~1.10/bin/../lib/gcc/arm-none-eabi/10.3.1/../../../../arm-none-eabi/lib/thumb/v6-m/nofp\libg.a(lib_a-mallocr.o) (_sbrk_r)
c:/progra~2/gnuarm~1/102021~1.10/bin/../lib/gcc/arm-none-eabi/10.3.1/../../../../arm-none-eabi/lib/thumb/v6-m/nofp\libg.a(lib_a-strlen-stub.o)
                              CMakeFiles/focuser.dir/C_/Users/kd5sn/OneDrive/Documents/Development/pico/pico-sdk/src/rp2_common/pico_stdio/stdio.c.obj (strlen)
c:/progra~2/gnuarm~1/102021~1.10/bin/../lib/gcc/arm-none-eabi/10.3.1/../../../../arm-none-eabi/lib/thumb/v6-m/nofp\libg.a(lib_a-freer.o)
                              c:/progra~2/gnuarm~1/102021~1.10/bin/../lib/gcc/arm-none-eabi/10.3.1/../../../../arm-none-eabi/lib/thumb/v6-m/nofp\libg.a(lib_a-malloc.o) (_free_r)
c:/progra~2/gnuarm~1/102021~1.10/bin/../lib/gcc/arm-none-eabi/10.3.1/../../../../arm-none-eabi/lib/thumb/v6-m/nofp\libg.a(lib_a-lock.o)
[...]
Memory Configuration

Name             Origin             Length             Attributes
FLASH            0x10000000         0x00200000         xr
RAM              0x20000000         0x00040000         xrw
SCRATCH_X        0x20040000         0x00001000         xrw
SCRATCH_Y        0x20041000         0x00001000         xrw
*default*        0x00000000         0xffffffff

Linker script and memory map

LOAD c:/progra~2/gnuarm~1/102021~1.10/bin/../lib/gcc/arm-none-eabi/10.3.1/thumb/v6-m/nofp/crti.o
LOAD c:/progra~2/gnuarm~1/102021~1.10/bin/../lib/gcc/arm-none-eabi/10.3.1/thumb/v6-m/nofp/crtbegin.o
LOAD c:/progra~2/gnuarm~1/102021~1.10/bin/../lib/gcc/arm-none-eabi/10.3.1/../../../../arm-none-eabi/lib/thumb/v6-m/nofp/crt0.o

.flash_begin    0x10000000        0x0
                0x10000000                __flash_binary_start = .

.boot2          0x10000000      0x100
                0x10000000                __boot2_start__ = .
 *(.boot2)
 .boot2         0x10000000      0x100 C:\Users\kd5sn\AppData\Local\Temp\cc4skDJK.o
                0x10000100                __boot2_end__ = .
                0x00000001                ASSERT (((__boot2_end__ - __boot2_start__) == 0x100), ERROR: Pico second stage bootloader must be 256 bytes in size)

.text           0x10000100     0x78f8
                0x10000100                __logical_binary_start = .
 *(.vectors)
 .vectors       0x10000100       0xd4 CMakeFiles/focuser.dir/C_/Users/kd5sn/OneDrive/Documents/Development/pico/pico-sdk/src/rp2_common/pico_standard_link/crt0.S.obj
                0x10000100                __VECTOR_TABLE
                0x10000100                __vectors
                0x100001c0                isr_invalid
                0x100001c0                __default_isrs_start
                0x100001c2                isr_nmi
                0x100001c4                isr_hardfault
                0x100001c6                isr_svcall
                0x100001c8                isr_pendsv
                0x100001ca                isr_systick
                0x100001cc                isr_irq23
                0x100001cc                isr_irq18
                0x100001cc                isr_irq11
                0x100001cc                isr_irq28
                0x100001cc                isr_irq19
                0x100001cc                isr_irq0
                0x100001cc                isr_irq6
                0x100001cc                isr_irq5
                0x100001cc                isr_irq12
                0x100001cc                isr_irq22
                0x100001cc                isr_irq31
                0x100001cc                isr_irq17
                0x100001cc                isr_irq27
                0x100001cc                isr_irq30
                0x100001cc                isr_irq2
                0x100001cc                isr_irq10
                0x100001cc                isr_irq8
                0x100001cc                isr_irq24
                0x100001cc                isr_irq1
                0x100001cc                isr_irq7
                0x100001cc                isr_irq21
                0x100001cc                isr_irq20
                0x100001cc                isr_irq15
                0x100001cc                isr_irq25
                0x100001cc                isr_irq13
                0x100001cc                __unhandled_user_irq
                0x100001cc                isr_irq4
                0x100001cc                isr_irq16
                0x100001cc                isr_irq29
                0x100001cc                isr_irq26
                0x100001cc                __default_isrs_end
                0x100001cc                isr_irq3
                0x100001cc                isr_irq14
                0x100001cc                isr_irq9
                0x100001d2                unhandled_user_irq_num_in_r0
 *(.binary_info_header)
 .binary_info_header
                0x100001d4       0x14 CMakeFiles/focuser.dir/C_/Users/kd5sn/OneDrive/Documents/Development/pico/pico-sdk/src/rp2_common/pico_standard_link/crt0.S.obj
                0x100001e8                __binary_info_header_end = .
 *(.reset)
 .reset         0x100001e8       0xa8 CMakeFiles/focuser.dir/C_/Users/kd5sn/OneDrive/Documents/Development/pico/pico-sdk/src/rp2_common/pico_standard_link/crt0.S.obj
                0x100001e8                _entry_point
                0x10000266                __get_current_exception
 .reset         0x10000290       0x30 CMakeFiles/focuser.dir/C_/Users/kd5sn/OneDrive/Documents/Development/pico/pico-sdk/src/rp2_common/pico_standard_link/binary_info.c.obj
 *(.init)
 .init          0x100002c0        0x4 c:/progra~2/gnuarm~1/102021~1.10/bin/../lib/gcc/arm-none-eabi/10.3.1/thumb/v6-m/nofp/crti.o
                0x100002c0                _init
 *(EXCLUDE_FILE(*libm.a: *libc.a:*lib_a-mem*.o *libgcc.a:) .text*)
 .text          0x100002c4       0x48 c:/progra~2/gnuarm~1/102021~1.10/bin/../lib/gcc/arm-none-eabi/10.3.1/thumb/v6-m/nofp/crtbegin.o
 .text.main     0x1000030c      0x12c CMakeFiles/focuser.dir/focuser.cpp.obj
                0x1000030c                main
 .text.gpio_set_function
                0x10000438       0x30 CMakeFiles/focuser.dir/C_/Users/kd5sn/OneDrive/Documents/Development/pico/pico-sdk/src/rp2_common/hardware_gpio/gpio.c.obj
                0x10000438                gpio_set_function
 .text.gpio_set_pulls
                0x10000468       0x34 CMakeFiles/focuser.dir/C_/Users/kd5sn/OneDrive/Documents/Development/pico/pico-sdk/src/rp2_common/hardware_gpio/gpio.c.obj
                0x10000468                gpio_set_pulls
 .text.gpio_init
                0x1000049c       0x16 CMakeFiles/focuser.dir/C_/Users/kd5sn/OneDrive/Documents/Development/pico/pico-sdk/src/rp2_common/hardware_gpio/gpio.c.obj
                0x1000049c                gpio_init
 *fill*         0x100004b2        0x2 
 .text.hw_claim_lock
                0x100004b4       0x18 CMakeFiles/focuser.dir/C_/Users/kd5sn/OneDrive/Documents/Development/pico/pico-sdk/src/rp2_common/hardware_claim/claim.c.obj
                0x100004b4                hw_claim_lock
 .text.hw_claim_unlock
                0x100004cc       0x14 CMakeFiles/focuser.dir/C_/Users/kd5sn/OneDrive/Documents/Development/pico/pico-sdk/src/rp2_common/hardware_claim/claim.c.obj
                0x100004cc                hw_claim_unlock
 .text.hw_claim_or_assert
                0x100004e0       0x32 CMakeFiles/focuser.dir/C_/Users/kd5sn/OneDrive/Documents/Development/pico/pico-sdk/src/rp2_common/hardware_claim/claim.c.obj
                0x100004e0                hw_claim_or_assert
 .text.hw_claim_unused_from_range
                0x10000512       0x50 CMakeFiles/focuser.dir/C_/Users/kd5sn/OneDrive/Documents/Development/pico/pico-sdk/src/rp2_common/hardware_claim/claim.c.obj
                0x10000512                hw_claim_unused_from_range
 *fill*         0x10000562        0x2 
 .text.running_on_fpga
                0x10000564       0x14 CMakeFiles/focuser.dir/C_/Users/kd5sn/OneDrive/Documents/Development/pico/pico-sdk/src/rp2_common/pico_platform/platform.c.obj
                0x10000564                running_on_fpga
 .text.spin_locks_reset
                0x10000578       0x20 CMakeFiles/focuser.dir/C_/Users/kd5sn/OneDrive/Documents/Development/pico/pico-sdk/src/rp2_common/hardware_sync/sync.c.obj
                0x10000578                spin_locks_reset
 .text.next_striped_spin_lock_num
                0x10000598       0x1c CMakeFiles/focuser.dir/C_/Users/kd5sn/OneDrive/Documents/Development/pico/pico-sdk/src/rp2_common/hardware_sync/sync.c.obj
                0x10000598                next_striped_spin_lock_num
 .text.spin_lock_claim_unused
                0x100005b4       0x20 CMakeFiles/focuser.dir/C_/Users/kd5sn/OneDrive/Documents/Development/pico/pico-sdk/src/rp2_common/hardware_sync/sync.c.obj
                0x100005b4                spin_lock_claim_unused
 .text.alarm_pool_post_alloc_init
                0x100005d4       0x40 CMakeFiles/focuser.dir/C_/Users/kd5sn/OneDrive/Documents/Development/pico/pico-sdk/src/common/pico_time/time.c.obj
 .text.sleep_until_callback
                0x10000614       0x30 CMakeFiles/focuser.dir/C_/Users/kd5sn/OneDrive/Documents/Development/pico/pico-sdk/src/common/pico_time/time.c.obj
 .text.timer_pool_entry_comparator
                0x10000644       0x7c CMakeFiles/focuser.dir/C_/Users/kd5sn/OneDrive/Documents/Development/pico/pico-sdk/src/common/pico_time/time.c.obj
                0x10000644                timer_pool_entry_comparator
 .text.ph_add_child_node
                0x100006c0       0xa4 CMakeFiles/focuser.dir/C_/Users/kd5sn/OneDrive/Documents/Development/pico/pico-sdk/src/common/pico_time/time.c.obj
 .text.ph_merge_nodes
                0x10000764       0x3e CMakeFiles/focuser.dir/C_/Users/kd5sn/OneDrive/Documents/Development/pico/pico-sdk/src/common/pico_time/time.c.obj
 *fill*         0x100007a2        0x2 
 .text.add_alarm_under_lock
                0x100007a4      0x174 CMakeFiles/focuser.dir/C_/Users/kd5sn/OneDrive/Documents/Development/pico/pico-sdk/src/common/pico_time/time.c.obj
 .text.alarm_pool_alarm_callback
                0x10000918      0x328 CMakeFiles/focuser.dir/C_/Users/kd5sn/OneDrive/Documents/Development/pico/pico-sdk/src/common/pico_time/time.c.obj
 .text.alarm_pool_init_default
                0x10000c40       0x38 CMakeFiles/focuser.dir/C_/Users/kd5sn/OneDrive/Documents/Development/pico/pico-sdk/src/common/pico_time/time.c.obj
                0x10000c40                alarm_pool_init_default
 .text.alarm_pool_get_default
                0x10000c78       0x2c CMakeFiles/focuser.dir/C_/Users/kd5sn/OneDrive/Documents/Development/pico/pico-sdk/src/common/pico_time/time.c.obj
                0x10000c78                alarm_pool_get_default
 .text.alarm_pool_add_alarm_at
                0x10000ca4      0x170 CMakeFiles/focuser.dir/C_/Users/kd5sn/OneDrive/Documents/Development/pico/pico-sdk/src/common/pico_time/time.c.obj
                0x10000ca4                alarm_pool_add_alarm_at
 .text.alarm_pool_cancel_alarm
                0x10000e14       0xf0 CMakeFiles/focuser.dir/C_/Users/kd5sn/OneDrive/Documents/Development/pico/pico-sdk/src/common/pico_time/time.c.obj
                0x10000e14                alarm_pool_cancel_alarm
 .text.sleep_until
                0x10000f04       0xfc CMakeFiles/focuser.dir/C_/Users/kd5sn/OneDrive/Documents/Development/pico/pico-sdk/src/common/pico_time/time.c.obj
                0x10000f04                sleep_until
 .text.sleep_us
                0x10001000       0x58 CMakeFiles/focuser.dir/C_/Users/kd5sn/OneDrive/Documents/Development/pico/pico-sdk/src/common/pico_time/time.c.obj
                0x10001000                sleep_us
 .text.sleep_ms
                0x10001058       0x14 CMakeFiles/focuser.dir/C_/Users/kd5sn/OneDrive/Documents/Development/pico/pico-sdk/src/common/pico_time/time.c.obj
                0x10001058                sleep_ms
 .text.best_effort_wfe_or_timeout
                0x1000106c       0x80 CMakeFiles/focuser.dir/C_/Users/kd5sn/OneDrive/Documents/Development/pico/pico-sdk/src/common/pico_time/time.c.obj
                0x1000106c                best_effort_wfe_or_timeout
 .text.hardware_alarm_irq_handler
                0x100010ec       0x8c CMakeFiles/focuser.dir/C_/Users/kd5sn/OneDrive/Documents/Development/pico/pico-sdk/src/rp2_common/hardware_timer/timer.c.obj
 .text.hardware_alarm_claim
                0x10001178       0x18 CMakeFiles/focuser.dir/C_/Users/kd5sn/OneDrive/Documents/Development/pico/pico-sdk/src/rp2_common/hardware_timer/timer.c.obj
                0x10001178                hardware_alarm_claim
 .text.time_us_64
                0x10001190       0x18 CMakeFiles/focuser.dir/C_/Users/kd5sn/OneDrive/Documents/Development/pico/pico-sdk/src/rp2_common/hardware_timer/timer.c.obj
                0x10001190                time_us_64
 .text.busy_wait_until
                0x100011a8       0x28 CMakeFiles/focuser.dir/C_/Users/kd5sn/OneDrive/Documents/Development/pico/pico-sdk/src/rp2_common/hardware_timer/timer.c.obj
                0x100011a8                busy_wait_until
 .text.hardware_alarm_set_callback
                0x100011d0       0x90 CMakeFiles/focuser.dir/C_/Users/kd5sn/OneDrive/Documents/Development/pico/pico-sdk/src/rp2_common/hardware_timer/timer.c.obj
                0x100011d0                hardware_alarm_set_callback
 .text.hardware_alarm_set_target
                0x10001260       0xe8 CMakeFiles/focuser.dir/C_/Users/kd5sn/OneDrive/Documents/Development/pico/pico-sdk/src/rp2_common/hardware_timer/timer.c.obj
                0x10001260                hardware_alarm_set_target
 .text.hardware_alarm_cancel
                0x10001348       0x40 CMakeFiles/focuser.dir/C_/Users/kd5sn/OneDrive/Documents/Development/pico/pico-sdk/src/rp2_common/hardware_timer/timer.c.obj
                0x10001348                hardware_alarm_cancel
 .text.lock_init
                0x10001388       0x10 CMakeFiles/focuser.dir/C_/Users/kd5sn/OneDrive/Documents/Development/pico/pico-sdk/src/common/pico_sync/lock_core.c.obj
                0x10001388                lock_init
 .text.mutex_init
                0x10001398       0x1a CMakeFiles/focuser.dir/C_/Users/kd5sn/OneDrive/Documents/Development/pico/pico-sdk/src/common/pico_sync/mutex.c.obj
                0x10001398                mutex_init
 .text.recursive_mutex_init
                0x100013b2       0x1e CMakeFiles/focuser.dir/C_/Users/kd5sn/OneDrive/Documents/Development/pico/pico-sdk/src/common/pico_sync/mutex.c.obj
                0x100013b2                recursive_mutex_init
 .text.critical_section_init_with_lock_num
                0x100013d0       0x14 CMakeFiles/focuser.dir/C_/Users/kd5sn/OneDrive/Documents/Development/pico/pico-sdk/src/common/pico_sync/critical_section.c.obj
                0x100013d0                critical_section_init_with_lock_num
 .text.critical_section_init
                0x100013e4       0x14 CMakeFiles/focuser.dir/C_/Users/kd5sn/OneDrive/Documents/Development/pico/pico-sdk/src/common/pico_sync/critical_section.c.obj
                0x100013e4                critical_section_init
 .text.ph_add_child_node
                0x100013f8       0xa4 CMakeFiles/focuser.dir/C_/Users/kd5sn/OneDrive/Documents/Development/pico/pico-sdk/src/common/pico_util/pheap.c.obj
 .text.ph_merge_nodes
                0x1000149c       0x3e CMakeFiles/focuser.dir/C_/Users/kd5sn/OneDrive/Documents/Development/pico/pico-sdk/src/common/pico_util/pheap.c.obj
 *fill*         0x100014da        0x2 
 .text.ph_clear
                0x100014dc       0x70 CMakeFiles/focuser.dir/C_/Users/kd5sn/OneDrive/Documents/Development/pico/pico-sdk/src/common/pico_util/pheap.c.obj
                0x100014dc                ph_clear
 .text.ph_post_alloc_init
                0x1000154c        0xe CMakeFiles/focuser.dir/C_/Users/kd5sn/OneDrive/Documents/Development/pico/pico-sdk/src/common/pico_util/pheap.c.obj
                0x1000154c                ph_post_alloc_init
 *fill*         0x1000155a        0x2 
 .text.ph_merge_two_pass
                0x1000155c       0xa8 CMakeFiles/focuser.dir/C_/Users/kd5sn/OneDrive/Documents/Development/pico/pico-sdk/src/common/pico_util/pheap.c.obj
                0x1000155c                ph_merge_two_pass
 .text.ph_remove_any_head
                0x10001604      0x108 CMakeFiles/focuser.dir/C_/Users/kd5sn/OneDrive/Documents/Development/pico/pico-sdk/src/common/pico_util/pheap.c.obj
 .text.ph_remove_head
                0x1000170c       0x14 CMakeFiles/focuser.dir/C_/Users/kd5sn/OneDrive/Documents/Development/pico/pico-sdk/src/common/pico_util/pheap.c.obj
                0x1000170c                ph_remove_head
 .text.ph_remove_and_free_node
                0x10001720       0xf8 CMakeFiles/focuser.dir/C_/Users/kd5sn/OneDrive/Documents/Development/pico/pico-sdk/src/common/pico_util/pheap.c.obj
                0x10001720                ph_remove_and_free_node
 .text._exit    0x10001818        0x4 CMakeFiles/focuser.dir/C_/Users/kd5sn/OneDrive/Documents/Development/pico/pico-sdk/src/rp2_common/pico_runtime/runtime.c.obj
                0x10001818                _exit
 .text._sbrk    0x1000181c       0x38 CMakeFiles/focuser.dir/C_/Users/kd5sn/OneDrive/Documents/Development/pico/pico-sdk/src/rp2_common/pico_runtime/runtime.c.obj
                0x1000181c                _sbrk
 .text.exit     0x10001854        0x6 CMakeFiles/focuser.dir/C_/Users/kd5sn/OneDrive/Documents/Development/pico/pico-sdk/src/rp2_common/pico_runtime/runtime.c.obj
                0x10001854                exit
 *fill*         0x1000185a        0x2 
 .text.__assert_func
                0x1000185c       0x3c CMakeFiles/focuser.dir/C_/Users/kd5sn/OneDrive/Documents/Development/pico/pico-sdk/src/rp2_common/pico_runtime/runtime.c.obj
                0x1000185c                __assert_func
 .text.runtime_init
                0x10001898       0xf8 CMakeFiles/focuser.dir/C_/Users/kd5sn/OneDrive/Documents/Development/pico/pico-sdk/src/rp2_common/pico_runtime/runtime.c.obj
                0x10001898                runtime_init
 .text.panic    0x10001990       0x30 CMakeFiles/focuser.dir/C_/Users/kd5sn/OneDrive/Documents/Development/pico/pico-sdk/src/rp2_common/pico_runtime/runtime.c.obj
                0x10001990                panic
 .text.clock_configure
                0x100019c0      0x104 CMakeFiles/focuser.dir/C_/Users/kd5sn/OneDrive/Documents/Development/pico/pico-sdk/src/rp2_common/hardware_clocks/clocks.c.obj
                0x100019c0                clock_configure
 .text.clocks_init
                0x10001ac4      0x100 CMakeFiles/focuser.dir/C_/Users/kd5sn/OneDrive/Documents/Development/pico/pico-sdk/src/rp2_common/hardware_clocks/clocks.c.obj
                0x10001ac4                clocks_init
 .text.clock_get_hz
                0x10001bc4        0xc CMakeFiles/focuser.dir/C_/Users/kd5sn/OneDrive/Documents/Development/pico/pico-sdk/src/rp2_common/hardware_clocks/clocks.c.obj
                0x10001bc4                clock_get_hz
 .text.set_raw_irq_handler_and_unlock
                0x10001bd0       0x28 CMakeFiles/focuser.dir/C_/Users/kd5sn/OneDrive/Documents/Development/pico/pico-sdk/src/rp2_common/hardware_irq/irq.c.obj
 .text.make_branch
                0x10001bf8       0x48 CMakeFiles/focuser.dir/C_/Users/kd5sn/OneDrive/Documents/Development/pico/pico-sdk/src/rp2_common/hardware_irq/irq.c.obj
 .text.insert_branch_and_link
                0x10001c40       0x40 CMakeFiles/focuser.dir/C_/Users/kd5sn/OneDrive/Documents/Development/pico/pico-sdk/src/rp2_common/hardware_irq/irq.c.obj
 .text.irq_is_enabled
                0x10001c80       0x18 CMakeFiles/focuser.dir/C_/Users/kd5sn/OneDrive/Documents/Development/pico/pico-sdk/src/rp2_common/hardware_irq/irq.c.obj
                0x10001c80                irq_is_enabled
 .text.irq_set_mask_enabled
                0x10001c98       0x20 CMakeFiles/focuser.dir/C_/Users/kd5sn/OneDrive/Documents/Development/pico/pico-sdk/src/rp2_common/hardware_irq/irq.c.obj
                0x10001c98                irq_set_mask_enabled
 .text.irq_set_enabled
                0x10001cb8        0xe CMakeFiles/focuser.dir/C_/Users/kd5sn/OneDrive/Documents/Development/pico/pico-sdk/src/rp2_common/hardware_irq/irq.c.obj
                0x10001cb8                irq_set_enabled
 *fill*         0x10001cc6        0x2 
 .text.irq_set_pending
                0x10001cc8       0x10 CMakeFiles/focuser.dir/C_/Users/kd5sn/OneDrive/Documents/Development/pico/pico-sdk/src/rp2_common/hardware_irq/irq.c.obj
                0x10001cc8                irq_set_pending
 .text.irq_get_vtable_handler
                0x10001cd8       0x10 CMakeFiles/focuser.dir/C_/Users/kd5sn/OneDrive/Documents/Development/pico/pico-sdk/src/rp2_common/hardware_irq/irq.c.obj
                0x10001cd8                irq_get_vtable_handler
 .text.irq_set_exclusive_handler
                0x10001ce8       0x54 CMakeFiles/focuser.dir/C_/Users/kd5sn/OneDrive/Documents/Development/pico/pico-sdk/src/rp2_common/hardware_irq/irq.c.obj
                0x10001ce8                irq_set_exclusive_handler
 .text.irq_remove_handler
                0x10001d3c      0x1a8 CMakeFiles/focuser.dir/C_/Users/kd5sn/OneDrive/Documents/Development/pico/pico-sdk/src/rp2_common/hardware_irq/irq.c.obj
                0x10001d3c                irq_remove_handler
 .text.irq_add_tail_to_free_list
                0x10001ee4       0xf0 CMakeFiles/focuser.dir/C_/Users/kd5sn/OneDrive/Documents/Development/pico/pico-sdk/src/rp2_common/hardware_irq/irq.c.obj
                0x10001ee4                irq_add_tail_to_free_list
 .text.irq_init_priorities
                0x10001fd4       0x1c CMakeFiles/focuser.dir/C_/Users/kd5sn/OneDrive/Documents/Development/pico/pico-sdk/src/rp2_common/hardware_irq/irq.c.obj
                0x10001fd4                irq_init_priorities
 .text.pll_init
                0x10001ff0      0x120 CMakeFiles/focuser.dir/C_/Users/kd5sn/OneDrive/Documents/Development/pico/pico-sdk/src/rp2_common/hardware_pll/pll.c.obj
                0x10001ff0                pll_init
 .text.watchdog_start_tick
                0x10002110       0x10 CMakeFiles/focuser.dir/C_/Users/kd5sn/OneDrive/Documents/Development/pico/pico-sdk/src/rp2_common/hardware_watchdog/watchdog.c.obj
                0x10002110                watchdog_start_tick
 .text.watchdog_update
                0x10002120       0x14 CMakeFiles/focuser.dir/C_/Users/kd5sn/OneDrive/Documents/Development/pico/pico-sdk/src/rp2_common/hardware_watchdog/watchdog.c.obj
                0x10002120                watchdog_update
 .text._watchdog_enable
                0x10002134       0x78 CMakeFiles/focuser.dir/C_/Users/kd5sn/OneDrive/Documents/Development/pico/pico-sdk/src/rp2_common/hardware_watchdog/watchdog.c.obj
                0x10002134                _watchdog_enable
 .text.watchdog_reboot
                0x100021ac       0x48 CMakeFiles/focuser.dir/C_/Users/kd5sn/OneDrive/Documents/Development/pico/pico-sdk/src/rp2_common/hardware_watchdog/watchdog.c.obj
                0x100021ac                watchdog_reboot
 .text.xosc_init
                0x100021f4       0x28 CMakeFiles/focuser.dir/C_/Users/kd5sn/OneDrive/Documents/Development/pico/pico-sdk/src/rp2_common/hardware_xosc/xosc.c.obj
                0x100021f4                xosc_init
 .text._out_null
                0x1000221c        0x2 CMakeFiles/focuser.dir/C_/Users/kd5sn/OneDrive/Documents/Development/pico/pico-sdk/src/rp2_common/pico_printf/printf.c.obj
 .text._out_fct
                0x1000221e        0xe CMakeFiles/focuser.dir/C_/Users/kd5sn/OneDrive/Documents/Development/pico/pico-sdk/src/rp2_common/pico_printf/printf.c.obj
 .text._atoi    0x1000222c       0x24 CMakeFiles/focuser.dir/C_/Users/kd5sn/OneDrive/Documents/Development/pico/pico-sdk/src/rp2_common/pico_printf/printf.c.obj
 .text._out_rev
                0x10002250       0xae CMakeFiles/focuser.dir/C_/Users/kd5sn/OneDrive/Documents/Development/pico/pico-sdk/src/rp2_common/pico_printf/printf.c.obj
 .text._ntoa_format
                0x100022fe      0x112 CMakeFiles/focuser.dir/C_/Users/kd5sn/OneDrive/Documents/Development/pico/pico-sdk/src/rp2_common/pico_printf/printf.c.obj
 .text._ntoa_long
                0x10002410       0xbc CMakeFiles/focuser.dir/C_/Users/kd5sn/OneDrive/Documents/Development/pico/pico-sdk/src/rp2_common/pico_printf/printf.c.obj
 .text._ntoa_long_long
                0x100024cc       0xe2 CMakeFiles/focuser.dir/C_/Users/kd5sn/OneDrive/Documents/Development/pico/pico-sdk/src/rp2_common/pico_printf/printf.c.obj
 *fill*         0x100025ae        0x2 
 .text._etoa    0x100025b0      0x414 CMakeFiles/focuser.dir/C_/Users/kd5sn/OneDrive/Documents/Development/pico/pico-sdk/src/rp2_common/pico_printf/printf.c.obj
 .text._ftoa    0x100029c4      0x354 CMakeFiles/focuser.dir/C_/Users/kd5sn/OneDrive/Documents/Development/pico/pico-sdk/src/rp2_common/pico_printf/printf.c.obj
 .text._vsnprintf
                0x10002d18      0x624 CMakeFiles/focuser.dir/C_/Users/kd5sn/OneDrive/Documents/Development/pico/pico-sdk/src/rp2_common/pico_printf/printf.c.obj
 .text.vfctprintf
                0x1000333c       0x20 CMakeFiles/focuser.dir/C_/Users/kd5sn/OneDrive/Documents/Development/pico/pico-sdk/src/rp2_common/pico_printf/printf.c.obj
                0x1000333c                vfctprintf
 .text          0x1000335c       0x10 CMakeFiles/focuser.dir/C_/Users/kd5sn/OneDrive/Documents/Development/pico/pico-sdk/src/rp2_common/pico_bit_ops/bit_ops_aeabi.S.obj
 .text.rom_func_lookup
                0x1000336c       0x10 CMakeFiles/focuser.dir/C_/Users/kd5sn/OneDrive/Documents/Development/pico/pico-sdk/src/rp2_common/pico_bootrom/bootrom.c.obj
                0x1000336c                rom_func_lookup
 .text.rom_data_lookup
                0x1000337c       0x10 CMakeFiles/focuser.dir/C_/Users/kd5sn/OneDrive/Documents/Development/pico/pico-sdk/src/rp2_common/pico_bootrom/bootrom.c.obj
                0x1000337c                rom_data_lookup
 .text.rom_funcs_lookup
                0x1000338c       0x36 CMakeFiles/focuser.dir/C_/Users/kd5sn/OneDrive/Documents/Development/pico/pico-sdk/src/rp2_common/pico_bootrom/bootrom.c.obj
                0x1000338c                rom_funcs_lookup
 *fill*         0x100033c2        0x2 
 .text.__wrap___aeabi_idiv
                0x100033c4       0x50 CMakeFiles/focuser.dir/C_/Users/kd5sn/OneDrive/Documents/Development/pico/pico-sdk/src/rp2_common/pico_divider/divider.S.obj
                0x100033c4                __wrap___aeabi_idivmod
                0x100033c4                divmod_s32s32
                0x100033c4                div_s32s32
                0x100033c4                __wrap___aeabi_idiv
                0x100033cc                divmod_s32s32_unsafe
                0x100033f8                divmod_s32s32_savestate
 .text.__wrap___aeabi_uidiv
                0x10003414       0x4c CMakeFiles/focuser.dir/C_/Users/kd5sn/OneDrive/Documents/Development/pico/pico-sdk/src/rp2_common/pico_divider/divider.S.obj
                0x10003414                __wrap___aeabi_uidiv
                0x10003414                __wrap___aeabi_uidivmod
                0x10003414                div_u32u32
                0x10003414                divmod_u32u32
                0x1000341c                divmod_u32u32_unsafe
                0x10003444                divmod_u32u32_savestate
 .text.__wrap___aeabi_ldiv
                0x10003460      0x434 CMakeFiles/focuser.dir/C_/Users/kd5sn/OneDrive/Documents/Development/pico/pico-sdk/src/rp2_common/pico_divider/divider.S.obj
                0x10003460                div_s64s64
                0x10003460                divmod_s64s64
                0x10003460                __wrap___aeabi_ldivmod
                0x10003498                divmod_u64u64
                0x10003498                div_u64u64
                0x10003498                __wrap___aeabi_uldivmod
                0x100034a8                divmod_u64u64_savestate
                0x100034d0                divmod_s64s64_unsafe
                0x10003558                divmod_u64u64_unsafe
 .text.__wrap___aeabi_darithmetic
                0x10003894       0x60 CMakeFiles/focuser.dir/C_/Users/kd5sn/OneDrive/Documents/Development/pico/pico-sdk/src/rp2_common/pico_double/double_aeabi.S.obj
                0x10003894                __wrap___aeabi_drsub
                0x1000389a                __wrap___aeabi_dsub
                0x100038a4                __wrap___aeabi_dadd
                0x100038ae                __wrap___aeabi_ddiv
                0x100038e2                __wrap___aeabi_dmul
 .text.__wrap___aeabi_cdcmple
                0x100038f4       0x6c CMakeFiles/focuser.dir/C_/Users/kd5sn/OneDrive/Documents/Development/pico/pico-sdk/src/rp2_common/pico_double/double_aeabi.S.obj
                0x100038f4                __wrap___aeabi_cdrcmple
                0x10003904                __wrap___aeabi_cdcmpeq
                0x10003904                __wrap___aeabi_cdcmple
 .text.__wrap___aeabi_dcmplt
                0x10003960        0xc CMakeFiles/focuser.dir/C_/Users/kd5sn/OneDrive/Documents/Development/pico/pico-sdk/src/rp2_common/pico_double/double_aeabi.S.obj
                0x10003960                __wrap___aeabi_dcmplt
 .text.__wrap___aeabi_dcmple
                0x1000396c       0x10 CMakeFiles/focuser.dir/C_/Users/kd5sn/OneDrive/Documents/Development/pico/pico-sdk/src/rp2_common/pico_double/double_aeabi.S.obj
                0x1000396c                __wrap___aeabi_dcmple
 .text.__wrap___aeabi_dcmpge
                0x1000397c       0x10 CMakeFiles/focuser.dir/C_/Users/kd5sn/OneDrive/Documents/Development/pico/pico-sdk/src/rp2_common/pico_double/double_aeabi.S.obj
                0x1000397c                __wrap___aeabi_dcmpge
 .text.__wrap___aeabi_dcmpgt
                0x1000398c        0xa CMakeFiles/focuser.dir/C_/Users/kd5sn/OneDrive/Documents/Development/pico/pico-sdk/src/rp2_common/pico_double/double_aeabi.S.obj
                0x1000398c                __wrap___aeabi_dcmpgt
 .text.__wrap___aeabi_dcmpun
                0x10003996       0x1c CMakeFiles/focuser.dir/C_/Users/kd5sn/OneDrive/Documents/Development/pico/pico-sdk/src/rp2_common/pico_double/double_aeabi.S.obj
                0x10003996                __wrap___aeabi_dcmpun
 *fill*         0x100039b2        0x2 
 .text.__wrap___aeabi_i2d
                0x100039b4       0x38 CMakeFiles/focuser.dir/C_/Users/kd5sn/OneDrive/Documents/Development/pico/pico-sdk/src/rp2_common/pico_double/double_aeabi.S.obj
                0x100039b4                __wrap___aeabi_ui2d
                0x100039bc                __wrap___aeabi_i2d
 .text.__wrap___aeabi_d2iz
                0x100039ec       0x48 CMakeFiles/focuser.dir/C_/Users/kd5sn/OneDrive/Documents/Development/pico/pico-sdk/src/rp2_common/pico_double/double_aeabi.S.obj
                0x100039ec                double2int_z
                0x100039ec                __wrap___aeabi_d2iz
 .text.__wrap___aeabi_d2uiz
                0x10003a34       0x10 CMakeFiles/focuser.dir/C_/Users/kd5sn/OneDrive/Documents/Development/pico/pico-sdk/src/rp2_common/pico_double/double_aeabi.S.obj
                0x10003a34                __wrap___aeabi_d2uiz
                0x10003a34                double2uint
 .text.missing_double_func_shim
                0x10003a44        0xc CMakeFiles/focuser.dir/C_/Users/kd5sn/OneDrive/Documents/Development/pico/pico-sdk/src/rp2_common/pico_double/double_init_rom.c.obj
 .text.__aeabi_double_init
                0x10003a50       0xcc CMakeFiles/focuser.dir/C_/Users/kd5sn/OneDrive/Documents/Development/pico/pico-sdk/src/rp2_common/pico_double/double_init_rom.c.obj
                0x10003a50                __aeabi_double_init
 .text.double_table_shim_on_use_helper
                0x10003b1c       0x34 CMakeFiles/focuser.dir/C_/Users/kd5sn/OneDrive/Documents/Development/pico/pico-sdk/src/rp2_common/pico_double/double_v1_rom_shim.S.obj
                0x10003b1c                double_table_shim_on_use_helper
 .text.__aeabi_lmul
                0x10003b50       0x32 CMakeFiles/focuser.dir/C_/Users/kd5sn/OneDrive/Documents/Development/pico/pico-sdk/src/rp2_common/pico_int64_ops/pico_int64_ops_aeabi.S.obj
                0x10003b50                __wrap___aeabi_lmul
 *fill*         0x10003b82        0x2 
 .text.missing_float_func_shim
                0x10003b84        0xc CMakeFiles/focuser.dir/C_/Users/kd5sn/OneDrive/Documents/Development/pico/pico-sdk/src/rp2_common/pico_float/float_init_rom.c.obj
 .text.__aeabi_float_init
                0x10003b90       0x88 CMakeFiles/focuser.dir/C_/Users/kd5sn/OneDrive/Documents/Development/pico/pico-sdk/src/rp2_common/pico_float/float_init_rom.c.obj
                0x10003b90                __aeabi_float_init
 .text.__wrap_malloc
                0x10003c18       0x24 CMakeFiles/focuser.dir/C_/Users/kd5sn/OneDrive/Documents/Development/pico/pico-sdk/src/rp2_common/pico_malloc/pico_malloc.c.obj
                0x10003c18                __wrap_malloc
 .text          0x10003c3c       0x10 CMakeFiles/focuser.dir/C_/Users/kd5sn/OneDrive/Documents/Development/pico/pico-sdk/src/rp2_common/pico_mem_ops/mem_ops_aeabi.S.obj
                0x10003c3c                __aeabi_mem_init
 .text.memset   0x10003c4c        0xc CMakeFiles/focuser.dir/C_/Users/kd5sn/OneDrive/Documents/Development/pico/pico-sdk/src/rp2_common/pico_mem_ops/mem_ops_aeabi.S.obj
                0x10003c4c                __wrap_memset
 .text.memcpy   0x10003c58        0xc CMakeFiles/focuser.dir/C_/Users/kd5sn/OneDrive/Documents/Development/pico/pico-sdk/src/rp2_common/pico_mem_ops/mem_ops_aeabi.S.obj
                0x10003c58                __wrap_memcpy
                0x10003c58                __wrap___aeabi_memcpy
 .text._Znaj    0x10003c64        0x8 CMakeFiles/focuser.dir/C_/Users/kd5sn/OneDrive/Documents/Development/pico/pico-sdk/src/rp2_common/pico_standard_link/new_delete.cpp.obj
                0x10003c64                operator new[](unsigned int)
 .text.stdio_out_chars_no_crlf
                0x10003c6c        0xe CMakeFiles/focuser.dir/C_/Users/kd5sn/OneDrive/Documents/Development/pico/pico-sdk/src/rp2_common/pico_stdio/stdio.c.obj
 *fill*         0x10003c7a        0x2 
 .text.stdio_out_chars_crlf
                0x10003c7c       0x80 CMakeFiles/focuser.dir/C_/Users/kd5sn/OneDrive/Documents/Development/pico/pico-sdk/src/rp2_common/pico_stdio/stdio.c.obj
 .text.stdio_stack_buffer_flush
                0x10003cfc       0x44 CMakeFiles/focuser.dir/C_/Users/kd5sn/OneDrive/Documents/Development/pico/pico-sdk/src/rp2_common/pico_stdio/stdio.c.obj
 .text.stdio_buffered_printer
                0x10003d40       0x20 CMakeFiles/focuser.dir/C_/Users/kd5sn/OneDrive/Documents/Development/pico/pico-sdk/src/rp2_common/pico_stdio/stdio.c.obj
 .text.stdout_serialize_begin
                0x10003d60       0x30 CMakeFiles/focuser.dir/C_/Users/kd5sn/OneDrive/Documents/Development/pico/pico-sdk/src/rp2_common/pico_stdio/stdio.c.obj
                0x10003d60                stdout_serialize_begin
 .text.stdout_serialize_end
                0x10003d90       0x10 CMakeFiles/focuser.dir/C_/Users/kd5sn/OneDrive/Documents/Development/pico/pico-sdk/src/rp2_common/pico_stdio/stdio.c.obj
                0x10003d90                stdout_serialize_end
 .text.stdio_put_string
                0x10003da0       0x98 CMakeFiles/focuser.dir/C_/Users/kd5sn/OneDrive/Documents/Development/pico/pico-sdk/src/rp2_common/pico_stdio/stdio.c.obj
 .text.stdio_set_driver_enabled
                0x10003e38       0x2c CMakeFiles/focuser.dir/C_/Users/kd5sn/OneDrive/Documents/Development/pico/pico-sdk/src/rp2_common/pico_stdio/stdio.c.obj
                0x10003e38                stdio_set_driver_enabled
 .text.stdio_flush
                0x10003e64       0x20 CMakeFiles/focuser.dir/C_/Users/kd5sn/OneDrive/Documents/Development/pico/pico-sdk/src/rp2_common/pico_stdio/stdio.c.obj
                0x10003e64                stdio_flush
 .text.__wrap_puts
                0x10003e84       0x1e CMakeFiles/focuser.dir/C_/Users/kd5sn/OneDrive/Documents/Development/pico/pico-sdk/src/rp2_common/pico_stdio/stdio.c.obj
                0x10003e84                __wrap_puts
 *fill*         0x10003ea2        0x2 
 .text.__wrap_vprintf
                0x10003ea4       0x44 CMakeFiles/focuser.dir/C_/Users/kd5sn/OneDrive/Documents/Development/pico/pico-sdk/src/rp2_common/pico_stdio/stdio.c.obj
                0x10003ea4                __wrap_vprintf
 .text.__wrap_printf
                0x10003ee8       0x18 CMakeFiles/focuser.dir/C_/Users/kd5sn/OneDrive/Documents/Development/pico/pico-sdk/src/rp2_common/pico_stdio/stdio.c.obj
                0x10003ee8                __wrap_printf
 .text.stdio_init_all
                0x10003f00        0x8 CMakeFiles/focuser.dir/C_/Users/kd5sn/OneDrive/Documents/Development/pico/pico-sdk/src/rp2_common/pico_stdio/stdio.c.obj
                0x10003f00                stdio_init_all
 .text.resetd_init
                0x10003f08        0x2 CMakeFiles/focuser.dir/C_/Users/kd5sn/OneDrive/Documents/Development/pico/pico-sdk/src/rp2_common/pico_stdio_usb/reset_interface.c.obj
 *fill*         0x10003f0a        0x2 
 .text.resetd_reset
                0x10003f0c        0xc CMakeFiles/focuser.dir/C_/Users/kd5sn/OneDrive/Documents/Development/pico/pico-sdk/src/rp2_common/pico_stdio_usb/reset_interface.c.obj
 .text.resetd_open
                0x10003f18       0x34 CMakeFiles/focuser.dir/C_/Users/kd5sn/OneDrive/Documents/Development/pico/pico-sdk/src/rp2_common/pico_stdio_usb/reset_interface.c.obj
 .text.resetd_xfer_cb
                0x10003f4c        0x4 CMakeFiles/focuser.dir/C_/Users/kd5sn/OneDrive/Documents/Development/pico/pico-sdk/src/rp2_common/pico_stdio_usb/reset_interface.c.obj
 .text.reset_usb_boot
                0x10003f50       0x18 CMakeFiles/focuser.dir/C_/Users/kd5sn/OneDrive/Documents/Development/pico/pico-sdk/src/rp2_common/pico_stdio_usb/reset_interface.c.obj
 .text.resetd_control_xfer_cb
                0x10003f68       0x5c CMakeFiles/focuser.dir/C_/Users/kd5sn/OneDrive/Documents/Development/pico/pico-sdk/src/rp2_common/pico_stdio_usb/reset_interface.c.obj
 .text.usbd_app_driver_get_cb
                0x10003fc4        0xc CMakeFiles/focuser.dir/C_/Users/kd5sn/OneDrive/Documents/Development/pico/pico-sdk/src/rp2_common/pico_stdio_usb/reset_interface.c.obj
                0x10003fc4                usbd_app_driver_get_cb
 .text.tud_cdc_line_coding_cb
                0x10003fd0       0x28 CMakeFiles/focuser.dir/C_/Users/kd5sn/OneDrive/Documents/Development/pico/pico-sdk/src/rp2_common/pico_stdio_usb/reset_interface.c.obj
                0x10003fd0                tud_cdc_line_coding_cb
 .text.stdio_usb_in_chars
                0x10003ff8       0x70 CMakeFiles/focuser.dir/C_/Users/kd5sn/OneDrive/Documents/Development/pico/pico-sdk/src/rp2_common/pico_stdio_usb/stdio_usb.c.obj
                0x10003ff8                stdio_usb_in_chars
 .text.low_priority_worker_irq
                0x10004068       0x20 CMakeFiles/focuser.dir/C_/Users/kd5sn/OneDrive/Documents/Development/pico/pico-sdk/src/rp2_common/pico_stdio_usb/stdio_usb.c.obj
 .text.stdio_usb_out_chars
                0x10004088       0xd4 CMakeFiles/focuser.dir/C_/Users/kd5sn/OneDrive/Documents/Development/pico/pico-sdk/src/rp2_common/pico_stdio_usb/stdio_usb.c.obj
 .text.timer_task
                0x1000415c       0x10 CMakeFiles/focuser.dir/C_/Users/kd5sn/OneDrive/Documents/Development/pico/pico-sdk/src/rp2_common/pico_stdio_usb/stdio_usb.c.obj
 .text.stdio_usb_init
                0x1000416c       0xb8 CMakeFiles/focuser.dir/C_/Users/kd5sn/OneDrive/Documents/Development/pico/pico-sdk/src/rp2_common/pico_stdio_usb/stdio_usb.c.obj
                0x1000416c                stdio_usb_init
 .text.tud_descriptor_device_cb
                0x10004224        0x8 CMakeFiles/focuser.dir/C_/Users/kd5sn/OneDrive/Documents/Development/pico/pico-sdk/src/rp2_common/pico_stdio_usb/stdio_usb_descriptors.c.obj
                0x10004224                tud_descriptor_device_cb
 .text.tud_descriptor_configuration_cb
                0x1000422c        0x8 CMakeFiles/focuser.dir/C_/Users/kd5sn/OneDrive/Documents/Development/pico/pico-sdk/src/rp2_common/pico_stdio_usb/stdio_usb_descriptors.c.obj
                0x1000422c                tud_descriptor_configuration_cb
 .text.tud_descriptor_string_cb
                0x10004234       0x6c CMakeFiles/focuser.dir/C_/Users/kd5sn/OneDrive/Documents/Development/pico/pico-sdk/src/rp2_common/pico_stdio_usb/stdio_usb_descriptors.c.obj
                0x10004234                tud_descriptor_string_cb
 .text.hw_endpoint_get_by_addr
                0x100042a0       0x18 CMakeFiles/focuser.dir/C_/Users/kd5sn/OneDrive/Documents/Development/pico/pico-sdk/lib/tinyusb/src/portable/raspberrypi/rp2040/dcd_rp2040.c.obj
 .text.reset_ep0_pid
                0x100042b8       0x28 CMakeFiles/focuser.dir/C_/Users/kd5sn/OneDrive/Documents/Development/pico/pico-sdk/lib/tinyusb/src/portable/raspberrypi/rp2040/dcd_rp2040.c.obj
 .text._hw_endpoint_alloc
                0x100042e0       0x70 CMakeFiles/focuser.dir/C_/Users/kd5sn/OneDrive/Documents/Development/pico/pico-sdk/lib/tinyusb/src/portable/raspberrypi/rp2040/dcd_rp2040.c.obj
 .text.hw_endpoint_init
                0x10004350       0x88 CMakeFiles/focuser.dir/C_/Users/kd5sn/OneDrive/Documents/Development/pico/pico-sdk/lib/tinyusb/src/portable/raspberrypi/rp2040/dcd_rp2040.c.obj
 .text.reset_non_control_endpoints
                0x100043d8       0x40 CMakeFiles/focuser.dir/C_/Users/kd5sn/OneDrive/Documents/Development/pico/pico-sdk/lib/tinyusb/src/portable/raspberrypi/rp2040/dcd_rp2040.c.obj
 .text.hw_handle_buff_status
                0x10004418       0x8c CMakeFiles/focuser.dir/C_/Users/kd5sn/OneDrive/Documents/Development/pico/pico-sdk/lib/tinyusb/src/portable/raspberrypi/rp2040/dcd_rp2040.c.obj
 .text.dcd_rp2040_irq
                0x100044a4       0xc0 CMakeFiles/focuser.dir/C_/Users/kd5sn/OneDrive/Documents/Development/pico/pico-sdk/lib/tinyusb/src/portable/raspberrypi/rp2040/dcd_rp2040.c.obj
 .text.hw_endpoint_xfer
                0x10004564       0x14 CMakeFiles/focuser.dir/C_/Users/kd5sn/OneDrive/Documents/Development/pico/pico-sdk/lib/tinyusb/src/portable/raspberrypi/rp2040/dcd_rp2040.c.obj
 .text.dcd_int_enable
                0x10004578       0x2c CMakeFiles/focuser.dir/C_/Users/kd5sn/OneDrive/Documents/Development/pico/pico-sdk/lib/tinyusb/src/portable/raspberrypi/rp2040/dcd_rp2040.c.obj
                0x10004578                dcd_int_enable
 .text.dcd_set_address
                0x100045a4       0x2c CMakeFiles/focuser.dir/C_/Users/kd5sn/OneDrive/Documents/Development/pico/pico-sdk/lib/tinyusb/src/portable/raspberrypi/rp2040/dcd_rp2040.c.obj
                0x100045a4                dcd_set_address
 .text.dcd_connect
                0x100045d0       0x10 CMakeFiles/focuser.dir/C_/Users/kd5sn/OneDrive/Documents/Development/pico/pico-sdk/lib/tinyusb/src/portable/raspberrypi/rp2040/dcd_rp2040.c.obj
                0x100045d0                dcd_connect
 .text.dcd_init
                0x100045e0       0x7c CMakeFiles/focuser.dir/C_/Users/kd5sn/OneDrive/Documents/Development/pico/pico-sdk/lib/tinyusb/src/portable/raspberrypi/rp2040/dcd_rp2040.c.obj
                0x100045e0                dcd_init
 .text.dcd_edpt0_status_complete
                0x1000465c       0x1c CMakeFiles/focuser.dir/C_/Users/kd5sn/OneDrive/Documents/Development/pico/pico-sdk/lib/tinyusb/src/portable/raspberrypi/rp2040/dcd_rp2040.c.obj
                0x1000465c                dcd_edpt0_status_complete
 .text.dcd_edpt_open
                0x10004678       0x40 CMakeFiles/focuser.dir/C_/Users/kd5sn/OneDrive/Documents/Development/pico/pico-sdk/lib/tinyusb/src/portable/raspberrypi/rp2040/dcd_rp2040.c.obj
                0x10004678                dcd_edpt_open
 .text.dcd_edpt_close_all
                0x100046b8        0x8 CMakeFiles/focuser.dir/C_/Users/kd5sn/OneDrive/Documents/Development/pico/pico-sdk/lib/tinyusb/src/portable/raspberrypi/rp2040/dcd_rp2040.c.obj
                0x100046b8                dcd_edpt_close_all
 .text.dcd_edpt_xfer
                0x100046c0       0x30 CMakeFiles/focuser.dir/C_/Users/kd5sn/OneDrive/Documents/Development/pico/pico-sdk/lib/tinyusb/src/portable/raspberrypi/rp2040/dcd_rp2040.c.obj
                0x100046c0                dcd_edpt_xfer
 .text.dcd_edpt_stall
                0x100046f0       0x2c CMakeFiles/focuser.dir/C_/Users/kd5sn/OneDrive/Documents/Development/pico/pico-sdk/lib/tinyusb/src/portable/raspberrypi/rp2040/dcd_rp2040.c.obj
                0x100046f0                dcd_edpt_stall
 .text.dcd_edpt_clear_stall
                0x1000471c       0x20 CMakeFiles/focuser.dir/C_/Users/kd5sn/OneDrive/Documents/Development/pico/pico-sdk/lib/tinyusb/src/portable/raspberrypi/rp2040/dcd_rp2040.c.obj
                0x1000471c                dcd_edpt_clear_stall
 .text.prepare_ep_buffer
                0x1000473c       0x70 CMakeFiles/focuser.dir/C_/Users/kd5sn/OneDrive/Documents/Development/pico/pico-sdk/lib/tinyusb/src/portable/raspberrypi/rp2040/rp2040_usb.c.obj
 .text.sync_ep_buffer
                0x100047ac       0x7c CMakeFiles/focuser.dir/C_/Users/kd5sn/OneDrive/Documents/Development/pico/pico-sdk/lib/tinyusb/src/portable/raspberrypi/rp2040/rp2040_usb.c.obj
 .text._hw_endpoint_xfer_sync
                0x10004828       0x28 CMakeFiles/focuser.dir/C_/Users/kd5sn/OneDrive/Documents/Development/pico/pico-sdk/lib/tinyusb/src/portable/raspberrypi/rp2040/rp2040_usb.c.obj
 .text.rp2040_usb_init
                0x10004850       0x4c CMakeFiles/focuser.dir/C_/Users/kd5sn/OneDrive/Documents/Development/pico/pico-sdk/lib/tinyusb/src/portable/raspberrypi/rp2040/rp2040_usb.c.obj
                0x10004850                rp2040_usb_init
 .text.hw_endpoint_reset_transfer
                0x1000489c        0xc CMakeFiles/focuser.dir/C_/Users/kd5sn/OneDrive/Documents/Development/pico/pico-sdk/lib/tinyusb/src/portable/raspberrypi/rp2040/rp2040_usb.c.obj
                0x1000489c                hw_endpoint_reset_transfer
 .text._hw_endpoint_buffer_control_update32
                0x100048a8       0x58 CMakeFiles/focuser.dir/C_/Users/kd5sn/OneDrive/Documents/Development/pico/pico-sdk/lib/tinyusb/src/portable/raspberrypi/rp2040/rp2040_usb.c.obj
                0x100048a8                _hw_endpoint_buffer_control_update32
 .text._hw_endpoint_start_next_buffer
                0x10004900       0x74 CMakeFiles/focuser.dir/C_/Users/kd5sn/OneDrive/Documents/Development/pico/pico-sdk/lib/tinyusb/src/portable/raspberrypi/rp2040/rp2040_usb.c.obj
 .text.hw_endpoint_xfer_start
                0x10004974       0x48 CMakeFiles/focuser.dir/C_/Users/kd5sn/OneDrive/Documents/Development/pico/pico-sdk/lib/tinyusb/src/portable/raspberrypi/rp2040/rp2040_usb.c.obj
                0x10004974                hw_endpoint_xfer_start
 .text.hw_endpoint_xfer_continue
                0x100049bc       0x38 CMakeFiles/focuser.dir/C_/Users/kd5sn/OneDrive/Documents/Development/pico/pico-sdk/lib/tinyusb/src/portable/raspberrypi/rp2040/rp2040_usb.c.obj
                0x100049bc                hw_endpoint_xfer_continue
 .text.configuration_reset
                0x100049f4       0x84 CMakeFiles/focuser.dir/C_/Users/kd5sn/OneDrive/Documents/Development/pico/pico-sdk/lib/tinyusb/src/device/usbd.c.obj
 .text.usbd_reset
                0x10004a78        0xc CMakeFiles/focuser.dir/C_/Users/kd5sn/OneDrive/Documents/Development/pico/pico-sdk/lib/tinyusb/src/device/usbd.c.obj
 .text.invoke_class_control
                0x10004a84       0x1a CMakeFiles/focuser.dir/C_/Users/kd5sn/OneDrive/Documents/Development/pico/pico-sdk/lib/tinyusb/src/device/usbd.c.obj
 *fill*         0x10004a9e        0x2 
 .text.process_set_config
                0x10004aa0      0x1b0 CMakeFiles/focuser.dir/C_/Users/kd5sn/OneDrive/Documents/Development/pico/pico-sdk/lib/tinyusb/src/device/usbd.c.obj
 .text.process_get_descriptor
                0x10004c50       0xec CMakeFiles/focuser.dir/C_/Users/kd5sn/OneDrive/Documents/Development/pico/pico-sdk/lib/tinyusb/src/device/usbd.c.obj
 .text.tud_mounted
                0x10004d3c       0x10 CMakeFiles/focuser.dir/C_/Users/kd5sn/OneDrive/Documents/Development/pico/pico-sdk/lib/tinyusb/src/device/usbd.c.obj
                0x10004d3c                tud_mounted
 .text.tud_suspended
                0x10004d4c       0x10 CMakeFiles/focuser.dir/C_/Users/kd5sn/OneDrive/Documents/Development/pico/pico-sdk/lib/tinyusb/src/device/usbd.c.obj
                0x10004d4c                tud_suspended
 .text.tud_inited
                0x10004d5c        0xc CMakeFiles/focuser.dir/C_/Users/kd5sn/OneDrive/Documents/Development/pico/pico-sdk/lib/tinyusb/src/device/usbd.c.obj
                0x10004d5c                tud_inited
 .text.tud_init
                0x10004d68       0xcc CMakeFiles/focuser.dir/C_/Users/kd5sn/OneDrive/Documents/Development/pico/pico-sdk/lib/tinyusb/src/device/usbd.c.obj
                0x10004d68                tud_init
 .text.dcd_event_handler
                0x10004e34      0x1e0 CMakeFiles/focuser.dir/C_/Users/kd5sn/OneDrive/Documents/Development/pico/pico-sdk/lib/tinyusb/src/device/usbd.c.obj
                0x10004e34                dcd_event_handler
 .text.dcd_event_bus_signal
                0x10005014       0x26 CMakeFiles/focuser.dir/C_/Users/kd5sn/OneDrive/Documents/Development/pico/pico-sdk/lib/tinyusb/src/device/usbd.c.obj
                0x10005014                dcd_event_bus_signal
 .text.dcd_event_bus_reset
                0x1000503a       0x2a CMakeFiles/focuser.dir/C_/Users/kd5sn/OneDrive/Documents/Development/pico/pico-sdk/lib/tinyusb/src/device/usbd.c.obj
                0x1000503a                dcd_event_bus_reset
 .text.dcd_event_setup_received
                0x10005064       0x34 CMakeFiles/focuser.dir/C_/Users/kd5sn/OneDrive/Documents/Development/pico/pico-sdk/lib/tinyusb/src/device/usbd.c.obj
                0x10005064                dcd_event_setup_received
 .text.dcd_event_xfer_complete
                0x10005098       0x44 CMakeFiles/focuser.dir/C_/Users/kd5sn/OneDrive/Documents/Development/pico/pico-sdk/lib/tinyusb/src/device/usbd.c.obj
                0x10005098                dcd_event_xfer_complete
 .text.usbd_edpt_open
                0x100050dc       0x58 CMakeFiles/focuser.dir/C_/Users/kd5sn/OneDrive/Documents/Development/pico/pico-sdk/lib/tinyusb/src/device/usbd.c.obj
                0x100050dc                usbd_edpt_open
 .text.usbd_open_edpt_pair
                0x10005134       0x8c CMakeFiles/focuser.dir/C_/Users/kd5sn/OneDrive/Documents/Development/pico/pico-sdk/lib/tinyusb/src/device/usbd.c.obj
                0x10005134                usbd_open_edpt_pair
 .text.usbd_edpt_claim
                0x100051c0       0x8c CMakeFiles/focuser.dir/C_/Users/kd5sn/OneDrive/Documents/Development/pico/pico-sdk/lib/tinyusb/src/device/usbd.c.obj
                0x100051c0                usbd_edpt_claim
 .text.usbd_edpt_release
                0x1000524c       0x68 CMakeFiles/focuser.dir/C_/Users/kd5sn/OneDrive/Documents/Development/pico/pico-sdk/lib/tinyusb/src/device/usbd.c.obj
                0x1000524c                usbd_edpt_release
 .text.usbd_edpt_xfer
                0x100052b4       0x80 CMakeFiles/focuser.dir/C_/Users/kd5sn/OneDrive/Documents/Development/pico/pico-sdk/lib/tinyusb/src/device/usbd.c.obj
                0x100052b4                usbd_edpt_xfer
 .text.usbd_edpt_stall
                0x10005334       0x40 CMakeFiles/focuser.dir/C_/Users/kd5sn/OneDrive/Documents/Development/pico/pico-sdk/lib/tinyusb/src/device/usbd.c.obj
                0x10005334                usbd_edpt_stall
 .text.usbd_edpt_clear_stall
                0x10005374       0x40 CMakeFiles/focuser.dir/C_/Users/kd5sn/OneDrive/Documents/Development/pico/pico-sdk/lib/tinyusb/src/device/usbd.c.obj
                0x10005374                usbd_edpt_clear_stall
 .text.usbd_edpt_stalled
                0x100053b4       0x1c CMakeFiles/focuser.dir/C_/Users/kd5sn/OneDrive/Documents/Development/pico/pico-sdk/lib/tinyusb/src/device/usbd.c.obj
                0x100053b4                usbd_edpt_stalled
 .text.process_control_request
                0x100053d0      0x3b8 CMakeFiles/focuser.dir/C_/Users/kd5sn/OneDrive/Documents/Development/pico/pico-sdk/lib/tinyusb/src/device/usbd.c.obj
 .text.tud_task
                0x10005788      0x218 CMakeFiles/focuser.dir/C_/Users/kd5sn/OneDrive/Documents/Development/pico/pico-sdk/lib/tinyusb/src/device/usbd.c.obj
                0x10005788                tud_task
 .text._data_stage_xact
                0x100059a0       0x58 CMakeFiles/focuser.dir/C_/Users/kd5sn/OneDrive/Documents/Development/pico/pico-sdk/lib/tinyusb/src/device/usbd_control.c.obj
 .text.tud_control_status
                0x100059f8       0x38 CMakeFiles/focuser.dir/C_/Users/kd5sn/OneDrive/Documents/Development/pico/pico-sdk/lib/tinyusb/src/device/usbd_control.c.obj
                0x100059f8                tud_control_status
 .text.tud_control_xfer
                0x10005a30       0xa8 CMakeFiles/focuser.dir/C_/Users/kd5sn/OneDrive/Documents/Development/pico/pico-sdk/lib/tinyusb/src/device/usbd_control.c.obj
                0x10005a30                tud_control_xfer
 .text.usbd_control_reset
                0x10005ad8       0x14 CMakeFiles/focuser.dir/C_/Users/kd5sn/OneDrive/Documents/Development/pico/pico-sdk/lib/tinyusb/src/device/usbd_control.c.obj
                0x10005ad8                usbd_control_reset
 .text.usbd_control_set_complete_callback
                0x10005aec        0xc CMakeFiles/focuser.dir/C_/Users/kd5sn/OneDrive/Documents/Development/pico/pico-sdk/lib/tinyusb/src/device/usbd_control.c.obj
                0x10005aec                usbd_control_set_complete_callback
 .text.usbd_control_set_request
                0x10005af8       0x1c CMakeFiles/focuser.dir/C_/Users/kd5sn/OneDrive/Documents/Development/pico/pico-sdk/lib/tinyusb/src/device/usbd_control.c.obj
                0x10005af8                usbd_control_set_request
 .text.usbd_control_xfer_cb
                0x10005b14       0xfc CMakeFiles/focuser.dir/C_/Users/kd5sn/OneDrive/Documents/Development/pico/pico-sdk/lib/tinyusb/src/device/usbd_control.c.obj
                0x10005b14                usbd_control_xfer_cb
 .text._prep_out_transaction
                0x10005c10       0x46 CMakeFiles/focuser.dir/C_/Users/kd5sn/OneDrive/Documents/Development/pico/pico-sdk/lib/tinyusb/src/class/cdc/cdc_device.c.obj
 *fill*         0x10005c56        0x2 
 .text.tud_cdc_n_connected
                0x10005c58       0x44 CMakeFiles/focuser.dir/C_/Users/kd5sn/OneDrive/Documents/Development/pico/pico-sdk/lib/tinyusb/src/class/cdc/cdc_device.c.obj
                0x10005c58                tud_cdc_n_connected
 .text.tud_cdc_n_available
                0x10005c9c       0x18 CMakeFiles/focuser.dir/C_/Users/kd5sn/OneDrive/Documents/Development/pico/pico-sdk/lib/tinyusb/src/class/cdc/cdc_device.c.obj
                0x10005c9c                tud_cdc_n_available
 .text.tud_cdc_n_read
                0x10005cb4       0x28 CMakeFiles/focuser.dir/C_/Users/kd5sn/OneDrive/Documents/Development/pico/pico-sdk/lib/tinyusb/src/class/cdc/cdc_device.c.obj
                0x10005cb4                tud_cdc_n_read
 .text.tud_cdc_n_write_flush
                0x10005cdc       0xcc CMakeFiles/focuser.dir/C_/Users/kd5sn/OneDrive/Documents/Development/pico/pico-sdk/lib/tinyusb/src/class/cdc/cdc_device.c.obj
                0x10005cdc                tud_cdc_n_write_flush
 .text.tud_cdc_n_write
                0x10005da8       0x38 CMakeFiles/focuser.dir/C_/Users/kd5sn/OneDrive/Documents/Development/pico/pico-sdk/lib/tinyusb/src/class/cdc/cdc_device.c.obj
                0x10005da8                tud_cdc_n_write
 .text.tud_cdc_n_write_available
                0x10005de0       0x1c CMakeFiles/focuser.dir/C_/Users/kd5sn/OneDrive/Documents/Development/pico/pico-sdk/lib/tinyusb/src/class/cdc/cdc_device.c.obj
                0x10005de0                tud_cdc_n_write_available
 .text.cdcd_init
                0x10005dfc       0xbc CMakeFiles/focuser.dir/C_/Users/kd5sn/OneDrive/Documents/Development/pico/pico-sdk/lib/tinyusb/src/class/cdc/cdc_device.c.obj
                0x10005dfc                cdcd_init
 .text.cdcd_reset
                0x10005eb8       0x44 CMakeFiles/focuser.dir/C_/Users/kd5sn/OneDrive/Documents/Development/pico/pico-sdk/lib/tinyusb/src/class/cdc/cdc_device.c.obj
                0x10005eb8                cdcd_reset
 .text.cdcd_open
                0x10005efc       0xf8 CMakeFiles/focuser.dir/C_/Users/kd5sn/OneDrive/Documents/Development/pico/pico-sdk/lib/tinyusb/src/class/cdc/cdc_device.c.obj
                0x10005efc                cdcd_open
 .text.cdcd_control_xfer_cb
                0x10005ff4      0x134 CMakeFiles/focuser.dir/C_/Users/kd5sn/OneDrive/Documents/Development/pico/pico-sdk/lib/tinyusb/src/class/cdc/cdc_device.c.obj
                0x10005ff4                cdcd_control_xfer_cb
 .text.cdcd_xfer_cb
                0x10006128      0x144 CMakeFiles/focuser.dir/C_/Users/kd5sn/OneDrive/Documents/Development/pico/pico-sdk/lib/tinyusb/src/class/cdc/cdc_device.c.obj
                0x10006128                cdcd_xfer_cb
 .text.tusb_init
                0x1000626c       0x24 CMakeFiles/focuser.dir/C_/Users/kd5sn/OneDrive/Documents/Development/pico/pico-sdk/lib/tinyusb/src/tusb.c.obj
                0x1000626c                tusb_init
 .text.tusb_inited
                0x10006290        0xe CMakeFiles/focuser.dir/C_/Users/kd5sn/OneDrive/Documents/Development/pico/pico-sdk/lib/tinyusb/src/tusb.c.obj
                0x10006290                tusb_inited
 *fill*         0x1000629e        0x2 
 .text.tu_edpt_validate
                0x100062a0       0xa8 CMakeFiles/focuser.dir/C_/Users/kd5sn/OneDrive/Documents/Development/pico/pico-sdk/lib/tinyusb/src/tusb.c.obj
                0x100062a0                tu_edpt_validate
 .text.tu_edpt_bind_driver
                0x10006348       0x2a CMakeFiles/focuser.dir/C_/Users/kd5sn/OneDrive/Documents/Development/pico/pico-sdk/lib/tinyusb/src/tusb.c.obj
                0x10006348                tu_edpt_bind_driver
 .text.advance_pointer
                0x10006372       0x18 CMakeFiles/focuser.dir/C_/Users/kd5sn/OneDrive/Documents/Development/pico/pico-sdk/lib/tinyusb/src/common/tusb_fifo.c.obj
 .text.backward_pointer
                0x1000638a       0x1e CMakeFiles/focuser.dir/C_/Users/kd5sn/OneDrive/Documents/Development/pico/pico-sdk/lib/tinyusb/src/common/tusb_fifo.c.obj
 .text.get_relative_pointer
                0x100063a8       0x10 CMakeFiles/focuser.dir/C_/Users/kd5sn/OneDrive/Documents/Development/pico/pico-sdk/lib/tinyusb/src/common/tusb_fifo.c.obj
 .text._tu_fifo_peek
                0x100063b8       0x50 CMakeFiles/focuser.dir/C_/Users/kd5sn/OneDrive/Documents/Development/pico/pico-sdk/lib/tinyusb/src/common/tusb_fifo.c.obj
 .text._ff_pull_const_addr
                0x10006408       0x4c CMakeFiles/focuser.dir/C_/Users/kd5sn/OneDrive/Documents/Development/pico/pico-sdk/lib/tinyusb/src/common/tusb_fifo.c.obj
 .text._ff_pull_n
                0x10006454      0x10c CMakeFiles/focuser.dir/C_/Users/kd5sn/OneDrive/Documents/Development/pico/pico-sdk/lib/tinyusb/src/common/tusb_fifo.c.obj
 .text._tu_fifo_peek_n
                0x10006560       0x5e CMakeFiles/focuser.dir/C_/Users/kd5sn/OneDrive/Documents/Development/pico/pico-sdk/lib/tinyusb/src/common/tusb_fifo.c.obj
 .text._tu_fifo_read_n
                0x100065be       0x4e CMakeFiles/focuser.dir/C_/Users/kd5sn/OneDrive/Documents/Development/pico/pico-sdk/lib/tinyusb/src/common/tusb_fifo.c.obj
 .text._ff_push_const_addr
                0x1000660c       0x40 CMakeFiles/focuser.dir/C_/Users/kd5sn/OneDrive/Documents/Development/pico/pico-sdk/lib/tinyusb/src/common/tusb_fifo.c.obj
 .text._ff_push_n
                0x1000664c      0x108 CMakeFiles/focuser.dir/C_/Users/kd5sn/OneDrive/Documents/Development/pico/pico-sdk/lib/tinyusb/src/common/tusb_fifo.c.obj
 .text._tu_fifo_write_n
                0x10006754       0x9e CMakeFiles/focuser.dir/C_/Users/kd5sn/OneDrive/Documents/Development/pico/pico-sdk/lib/tinyusb/src/common/tusb_fifo.c.obj
 .text.tu_fifo_config
                0x100067f2       0x72 CMakeFiles/focuser.dir/C_/Users/kd5sn/OneDrive/Documents/Development/pico/pico-sdk/lib/tinyusb/src/common/tusb_fifo.c.obj
                0x100067f2                tu_fifo_config
 .text.tu_fifo_count
                0x10006864       0x26 CMakeFiles/focuser.dir/C_/Users/kd5sn/OneDrive/Documents/Development/pico/pico-sdk/lib/tinyusb/src/common/tusb_fifo.c.obj
                0x10006864                tu_fifo_count
 .text.tu_fifo_empty
                0x1000688a       0x10 CMakeFiles/focuser.dir/C_/Users/kd5sn/OneDrive/Documents/Development/pico/pico-sdk/lib/tinyusb/src/common/tusb_fifo.c.obj
                0x1000688a                tu_fifo_empty
 .text.tu_fifo_remaining
                0x1000689a       0x20 CMakeFiles/focuser.dir/C_/Users/kd5sn/OneDrive/Documents/Development/pico/pico-sdk/lib/tinyusb/src/common/tusb_fifo.c.obj
                0x1000689a                tu_fifo_remaining
 .text.tu_fifo_read
                0x100068ba       0x42 CMakeFiles/focuser.dir/C_/Users/kd5sn/OneDrive/Documents/Development/pico/pico-sdk/lib/tinyusb/src/common/tusb_fifo.c.obj
                0x100068ba                tu_fifo_read
 .text.tu_fifo_read_n
                0x100068fc        0xa CMakeFiles/focuser.dir/C_/Users/kd5sn/OneDrive/Documents/Development/pico/pico-sdk/lib/tinyusb/src/common/tusb_fifo.c.obj
                0x100068fc                tu_fifo_read_n
 .text.tu_fifo_write
                0x10006906       0x6c CMakeFiles/focuser.dir/C_/Users/kd5sn/OneDrive/Documents/Development/pico/pico-sdk/lib/tinyusb/src/common/tusb_fifo.c.obj
                0x10006906                tu_fifo_write
 .text.tu_fifo_write_n
                0x10006972        0xa CMakeFiles/focuser.dir/C_/Users/kd5sn/OneDrive/Documents/Development/pico/pico-sdk/lib/tinyusb/src/common/tusb_fifo.c.obj
                0x10006972                tu_fifo_write_n
 .text.tu_fifo_clear
                0x1000697c       0x4c CMakeFiles/focuser.dir/C_/Users/kd5sn/OneDrive/Documents/Development/pico/pico-sdk/lib/tinyusb/src/common/tusb_fifo.c.obj
                0x1000697c                tu_fifo_clear
 .text.tu_fifo_set_overwritable
                0x100069c8       0x3c CMakeFiles/focuser.dir/C_/Users/kd5sn/OneDrive/Documents/Development/pico/pico-sdk/lib/tinyusb/src/common/tusb_fifo.c.obj
                0x100069c8                tu_fifo_set_overwritable
 .text._retrieve_unique_id_on_boot
                0x10006a04       0x10 CMakeFiles/focuser.dir/C_/Users/kd5sn/OneDrive/Documents/Development/pico/pico-sdk/src/rp2_common/pico_unique_id/unique_id.c.obj
 .text.pico_get_unique_board_id_string
                0x10006a14       0x60 CMakeFiles/focuser.dir/C_/Users/kd5sn/OneDrive/Documents/Development/pico/pico-sdk/src/rp2_common/pico_unique_id/unique_id.c.obj
                0x10006a14                pico_get_unique_board_id_string
 .text.flash_get_unique_id
                0x10006a74       0x46 CMakeFiles/focuser.dir/C_/Users/kd5sn/OneDrive/Documents/Development/pico/pico-sdk/src/rp2_common/hardware_flash/flash.c.obj
                0x10006a74                flash_get_unique_id
 .text.i2c_write_blocking_internal
                0x10006aba      0x140 CMakeFiles/focuser.dir/C_/Users/kd5sn/OneDrive/Documents/Development/pico/pico-sdk/src/rp2_common/hardware_i2c/i2c.c.obj
 *fill*         0x10006bfa        0x2 
 .text.i2c_set_baudrate
                0x10006bfc       0xf0 CMakeFiles/focuser.dir/C_/Users/kd5sn/OneDrive/Documents/Development/pico/pico-sdk/src/rp2_common/hardware_i2c/i2c.c.obj
                0x10006bfc                i2c_set_baudrate
 .text.i2c_init
                0x10006cec       0x58 CMakeFiles/focuser.dir/C_/Users/kd5sn/OneDrive/Documents/Development/pico/pico-sdk/src/rp2_common/hardware_i2c/i2c.c.obj
                0x10006cec                i2c_init
 .text.i2c_write_blocking
                0x10006d44       0x18 CMakeFiles/focuser.dir/C_/Users/kd5sn/OneDrive/Documents/Development/pico/pico-sdk/src/rp2_common/hardware_i2c/i2c.c.obj
                0x10006d44                i2c_write_blocking
 .text._ZN12pico_ssd13067SSD13068setPixelEssNS_9WriteModeE
                0x10006d5c       0x9c pico-ssd1306\libpico_ssd1306.a(ssd1306.cpp.obj)
                0x10006d5c                pico_ssd1306::SSD1306::setPixel(short, short, pico_ssd1306::WriteMode)
 .text._ZN12pico_ssd13067SSD13065clearEv
                0x10006df8        0xa pico-ssd1306\libpico_ssd1306.a(ssd1306.cpp.obj)
                0x10006df8                pico_ssd1306::SSD1306::clear()
 .text._ZN12pico_ssd13067SSD13063cmdEh
                0x10006e02       0x1e pico-ssd1306\libpico_ssd1306.a(ssd1306.cpp.obj)
                0x10006e02                pico_ssd1306::SSD1306::cmd(unsigned char)
 .text._ZN12pico_ssd13067SSD130610sendBufferEv
                0x10006e20       0x74 pico-ssd1306\libpico_ssd1306.a(ssd1306.cpp.obj)
                0x10006e20                pico_ssd1306::SSD1306::sendBuffer()
 .text._ZN12pico_ssd13067SSD1306C2EP8i2c_insttNS_4SizeE
                0x10006e94       0x74 pico-ssd1306\libpico_ssd1306.a(ssd1306.cpp.obj)
                0x10006e94                pico_ssd1306::SSD1306::SSD1306(i2c_inst*, unsigned short, pico_ssd1306::Size)
                0x10006e94                pico_ssd1306::SSD1306::SSD1306(i2c_inst*, unsigned short, pico_ssd1306::Size)
 .text._ZN12pico_ssd13067SSD130614setOrientationEb
                0x10006f08       0x28 pico-ssd1306\libpico_ssd1306.a(ssd1306.cpp.obj)
                0x10006f08                pico_ssd1306::SSD1306::setOrientation(bool)
 .text._ZN12pico_ssd13067SSD130611setContrastEh
                0x10006f30       0x16 pico-ssd1306\libpico_ssd1306.a(ssd1306.cpp.obj)
                0x10006f30                pico_ssd1306::SSD1306::setContrast(unsigned char)
 .text._ZN11FrameBufferC2Ev
                0x10006f46       0x12 pico-ssd1306\libpico_ssd1306.a(FrameBuffer.cpp.obj)
                0x10006f46                FrameBuffer::FrameBuffer()
                0x10006f46                FrameBuffer::FrameBuffer()
 .text._ZN11FrameBuffer6byteOREih
                0x10006f58       0x12 pico-ssd1306\libpico_ssd1306.a(FrameBuffer.cpp.obj)
                0x10006f58                FrameBuffer::byteOR(int, unsigned char)
 .text._ZN11FrameBuffer7byteANDEih
                0x10006f6a       0x12 pico-ssd1306\libpico_ssd1306.a(FrameBuffer.cpp.obj)
                0x10006f6a                FrameBuffer::byteAND(int, unsigned char)
 .text._ZN11FrameBuffer7byteXOREih
                0x10006f7c       0x12 pico-ssd1306\libpico_ssd1306.a(FrameBuffer.cpp.obj)
                0x10006f7c                FrameBuffer::byteXOR(int, unsigned char)
 .text._ZN11FrameBuffer5clearEv
                0x10006f8e       0x10 pico-ssd1306\libpico_ssd1306.a(FrameBuffer.cpp.obj)
                0x10006f8e                FrameBuffer::clear()
 .text._ZN11FrameBuffer3getEv
                0x10006f9e        0x4 pico-ssd1306\libpico_ssd1306.a(FrameBuffer.cpp.obj)
                0x10006f9e                FrameBuffer::get()
 .text._ZN12pico_ssd13068drawCharEPNS_7SSD1306EPKhchhNS_9WriteModeENS_8RotationE
                0x10006fa2       0xc0 pico-ssd1306\textRenderer\libssd1306_textRenderer.a(TextRenderer.cpp.obj)
                0x10006fa2                pico_ssd1306::drawChar(pico_ssd1306::SSD1306*, unsigned char const*, char, unsigned char, unsigned char, pico_ssd1306::WriteMode, pico_ssd1306::Rotation)
 .text._ZN12pico_ssd13068drawTextEPNS_7SSD1306EPKhPKchhNS_9WriteModeENS_8RotationE
                0x10007062       0x82 pico-ssd1306\textRenderer\libssd1306_textRenderer.a(TextRenderer.cpp.obj)
                0x10007062                pico_ssd1306::drawText(pico_ssd1306::SSD1306*, unsigned char const*, char const*, unsigned char, unsigned char, pico_ssd1306::WriteMode, pico_ssd1306::Rotation)
 .text.malloc   0x100070e4       0x14 c:/progra~2/gnuarm~1/102021~1.10/bin/../lib/gcc/arm-none-eabi/10.3.1/../../../../arm-none-eabi/lib/thumb/v6-m/nofp\libg.a(lib_a-malloc.o)
                0x100070e4                malloc
 .text._malloc_r
                0x100070f8      0x584 c:/progra~2/gnuarm~1/102021~1.10/bin/../lib/gcc/arm-none-eabi/10.3.1/../../../../arm-none-eabi/lib/thumb/v6-m/nofp\libg.a(lib_a-mallocr.o)
                0x100070f8                _malloc_r
 .text.__malloc_lock
                0x1000767c       0x10 c:/progra~2/gnuarm~1/102021~1.10/bin/../lib/gcc/arm-none-eabi/10.3.1/../../../../arm-none-eabi/lib/thumb/v6-m/nofp\libg.a(lib_a-mlock.o)
                0x1000767c                __malloc_lock
 .text.__malloc_unlock
                0x1000768c       0x10 c:/progra~2/gnuarm~1/102021~1.10/bin/../lib/gcc/arm-none-eabi/10.3.1/../../../../arm-none-eabi/lib/thumb/v6-m/nofp\libg.a(lib_a-mlock.o)
                0x1000768c                __malloc_unlock
 .text._sbrk_r  0x1000769c       0x24 c:/progra~2/gnuarm~1/102021~1.10/bin/../lib/gcc/arm-none-eabi/10.3.1/../../../../arm-none-eabi/lib/thumb/v6-m/nofp\libg.a(lib_a-sbrkr.o)
                0x1000769c                _sbrk_r
 .text.strlen   0x100076c0       0x5c c:/progra~2/gnuarm~1/102021~1.10/bin/../lib/gcc/arm-none-eabi/10.3.1/../../../../arm-none-eabi/lib/thumb/v6-m/nofp\libg.a(lib_a-strlen-stub.o)
                0x100076c0                strlen
 .text._malloc_trim_r
                0x1000771c       0x9c c:/progra~2/gnuarm~1/102021~1.10/bin/../lib/gcc/arm-none-eabi/10.3.1/../../../../arm-none-eabi/lib/thumb/v6-m/nofp\libg.a(lib_a-freer.o)
                0x1000771c                _malloc_trim_r
 .text._free_r  0x100077b8      0x1c4 c:/progra~2/gnuarm~1/102021~1.10/bin/../lib/gcc/arm-none-eabi/10.3.1/../../../../arm-none-eabi/lib/thumb/v6-m/nofp\libg.a(lib_a-freer.o)
                0x100077b8                _free_r
 .text.__retarget_lock_acquire_recursive
                0x1000797c        0x4 c:/progra~2/gnuarm~1/102021~1.10/bin/../lib/gcc/arm-none-eabi/10.3.1/../../../../arm-none-eabi/lib/thumb/v6-m/nofp\libg.a(lib_a-lock.o)
                0x1000797c                __retarget_lock_acquire_recursive
 .text.__retarget_lock_release_recursive
                0x10007980        0x4 c:/progra~2/gnuarm~1/102021~1.10/bin/../lib/gcc/arm-none-eabi/10.3.1/../../../../arm-none-eabi/lib/thumb/v6-m/nofp\libg.a(lib_a-lock.o)
                0x10007980                __retarget_lock_release_recursive
 *(.fini)
 .fini          0x10007984        0x4 c:/progra~2/gnuarm~1/102021~1.10/bin/../lib/gcc/arm-none-eabi/10.3.1/thumb/v6-m/nofp/crti.o
                0x10007984                _fini
 .fini.__stub   0x10007988       0x70 linker stubs
 *crtbegin.o(.ctors)
 *crtbegin?.o(.ctors)
 *(EXCLUDE_FILE(*crtend.o *crtend?.o) .ctors)
 *(SORT_BY_NAME(.ctors.*))
 *(.ctors)
 *crtbegin.o(.dtors)
 *crtbegin?.o(.dtors)
 *(EXCLUDE_FILE(*crtend.o *crtend?.o) .dtors)
 *(SORT_BY_NAME(.dtors.*))
 *(.dtors)
 *(.eh_frame*)
 .eh_frame      0x100079f8        0x0 c:/progra~2/gnuarm~1/102021~1.10/bin/../lib/gcc/arm-none-eabi/10.3.1/thumb/v6-m/nofp/crtbegin.o
                0x100079f8                . = ALIGN (0x4)

.glue_7         0x100079f8        0x0
 .glue_7        0x100079f8        0x0 linker stubs

.glue_7t        0x100079f8        0x0
 .glue_7t       0x100079f8        0x0 linker stubs

.vfp11_veneer   0x100079f8        0x0
 .vfp11_veneer  0x100079f8        0x0 linker stubs

.v4_bx          0x100079f8        0x0
 .v4_bx         0x100079f8        0x0 linker stubs

.iplt           0x100079f8        0x0
 .iplt          0x100079f8        0x0 c:/progra~2/gnuarm~1/102021~1.10/bin/../lib/gcc/arm-none-eabi/10.3.1/thumb/v6-m/nofp/crtbegin.o

.rodata         0x100079f8     0x1ad8
 *(EXCLUDE_FILE(*libm.a: *libc.a:*lib_a-mem*.o *libgcc.a:) .rodata*)
 .rodata.main.str1.4
                0x100079f8       0x39 CMakeFiles/focuser.dir/focuser.cpp.obj
 *fill*         0x10007a31        0x3 
 .rodata._ZL8font_5x8
                0x10007a34      0x1dd CMakeFiles/focuser.dir/focuser.cpp.obj
 *fill*         0x10007c11        0x3 
 .rodata.spin_lock_claim_unused.str1.4
                0x10007c14       0x1b CMakeFiles/focuser.dir/C_/Users/kd5sn/OneDrive/Documents/Development/pico/pico-sdk/src/rp2_common/hardware_sync/sync.c.obj
 *fill*         0x10007c2f        0x1 
 .rodata.repeating_timer_callback.str1.4
                0x10007c30       0x6c CMakeFiles/focuser.dir/C_/Users/kd5sn/OneDrive/Documents/Development/pico/pico-sdk/src/common/pico_time/time.c.obj
 .rodata.alarm_pool_dump_key.str1.4
                0x10007c9c       0x33 CMakeFiles/focuser.dir/C_/Users/kd5sn/OneDrive/Documents/Development/pico/pico-sdk/src/common/pico_time/time.c.obj
 *fill*         0x10007ccf        0x1 
 .rodata.ph_add_child_node.str1.4
                0x10007cd0       0xb6 CMakeFiles/focuser.dir/C_/Users/kd5sn/OneDrive/Documents/Development/pico/pico-sdk/src/common/pico_time/time.c.obj
 *fill*         0x10007d86        0x2 
 .rodata.add_alarm_under_lock.str1.4
                0x10007d88       0x28 CMakeFiles/focuser.dir/C_/Users/kd5sn/OneDrive/Documents/Development/pico/pico-sdk/src/common/pico_time/time.c.obj
                                 0x2b (size before relaxing)
 .rodata.alarm_pool_alarm_callback.str1.4
                0x10007db0      0x106 CMakeFiles/focuser.dir/C_/Users/kd5sn/OneDrive/Documents/Development/pico/pico-sdk/src/common/pico_time/time.c.obj
 *fill*         0x10007eb6        0x2 
 .rodata.alarm_pool_get_default.str1.4
                0x10007eb8       0x21 CMakeFiles/focuser.dir/C_/Users/kd5sn/OneDrive/Documents/Development/pico/pico-sdk/src/common/pico_time/time.c.obj
 *fill*         0x10007ed9        0x3 
 .rodata.alarm_pool_cancel_alarm.str1.4
                0x10007edc       0x27 CMakeFiles/focuser.dir/C_/Users/kd5sn/OneDrive/Documents/Development/pico/pico-sdk/src/common/pico_time/time.c.obj
 *fill*         0x10007f03        0x1 
 .rodata.sleep_until.str1.4
                0x10007f04       0x4d CMakeFiles/focuser.dir/C_/Users/kd5sn/OneDrive/Documents/Development/pico/pico-sdk/src/common/pico_time/time.c.obj
 *fill*         0x10007f51        0x3 
 .rodata.__func__.1
                0x10007f54       0x18 CMakeFiles/focuser.dir/C_/Users/kd5sn/OneDrive/Documents/Development/pico/pico-sdk/src/common/pico_time/time.c.obj
 .rodata.__func__.10
                0x10007f6c       0x15 CMakeFiles/focuser.dir/C_/Users/kd5sn/OneDrive/Documents/Development/pico/pico-sdk/src/common/pico_time/time.c.obj
 *fill*         0x10007f81        0x3 
 .rodata.__func__.11
                0x10007f84       0x1a CMakeFiles/focuser.dir/C_/Users/kd5sn/OneDrive/Documents/Development/pico/pico-sdk/src/common/pico_time/time.c.obj
 *fill*         0x10007f9e        0x2 
 .rodata.__func__.12
                0x10007fa0        0xa CMakeFiles/focuser.dir/C_/Users/kd5sn/OneDrive/Documents/Development/pico/pico-sdk/src/common/pico_time/time.c.obj
 *fill*         0x10007faa        0x2 
 .rodata.__func__.3
                0x10007fac       0x17 CMakeFiles/focuser.dir/C_/Users/kd5sn/OneDrive/Documents/Development/pico/pico-sdk/src/common/pico_time/time.c.obj
 *fill*         0x10007fc3        0x1 
 .rodata.__func__.4
                0x10007fc4       0x12 CMakeFiles/focuser.dir/C_/Users/kd5sn/OneDrive/Documents/Development/pico/pico-sdk/src/common/pico_time/time.c.obj
 *fill*         0x10007fd6        0x2 
 .rodata.__func__.5
                0x10007fd8        0xd CMakeFiles/focuser.dir/C_/Users/kd5sn/OneDrive/Documents/Development/pico/pico-sdk/src/common/pico_time/time.c.obj
 *fill*         0x10007fe5        0x3 
 .rodata.__func__.6
                0x10007fe8       0x12 CMakeFiles/focuser.dir/C_/Users/kd5sn/OneDrive/Documents/Development/pico/pico-sdk/src/common/pico_time/time.c.obj
 *fill*         0x10007ffa        0x2 
 .rodata.__func__.7
                0x10007ffc        0xf CMakeFiles/focuser.dir/C_/Users/kd5sn/OneDrive/Documents/Development/pico/pico-sdk/src/common/pico_time/time.c.obj
 *fill*         0x1000800b        0x1 
 .rodata.__func__.8
                0x1000800c        0xc CMakeFiles/focuser.dir/C_/Users/kd5sn/OneDrive/Documents/Development/pico/pico-sdk/src/common/pico_time/time.c.obj
 .rodata.__func__.9
                0x10008018       0x15 CMakeFiles/focuser.dir/C_/Users/kd5sn/OneDrive/Documents/Development/pico/pico-sdk/src/common/pico_time/time.c.obj
 *fill*         0x1000802d        0x3 
 .rodata.hardware_alarm_claim.str1.4
                0x10008030       0x22 CMakeFiles/focuser.dir/C_/Users/kd5sn/OneDrive/Documents/Development/pico/pico-sdk/src/rp2_common/hardware_timer/timer.c.obj
 *fill*         0x10008052        0x2 
 .rodata.hardware_alarm_set_target.str1.4
                0x10008054       0x86 CMakeFiles/focuser.dir/C_/Users/kd5sn/OneDrive/Documents/Development/pico/pico-sdk/src/rp2_common/hardware_timer/timer.c.obj
 *fill*         0x100080da        0x2 
 .rodata.__func__.0
                0x100080dc       0x1a CMakeFiles/focuser.dir/C_/Users/kd5sn/OneDrive/Documents/Development/pico/pico-sdk/src/rp2_common/hardware_timer/timer.c.obj
 *fill*         0x100080f6        0x2 
 .rodata.str1.4
                0x100080f8       0xad CMakeFiles/focuser.dir/C_/Users/kd5sn/OneDrive/Documents/Development/pico/pico-sdk/src/common/pico_sync/mutex.c.obj
                                0x131 (size before relaxing)
 *fill*         0x100081a5        0x3 
 .rodata.__func__.1
                0x100081a8        0xb CMakeFiles/focuser.dir/C_/Users/kd5sn/OneDrive/Documents/Development/pico/pico-sdk/src/common/pico_sync/mutex.c.obj
 *fill*         0x100081b3        0x1 
 .rodata.__func__.3
                0x100081b4       0x18 CMakeFiles/focuser.dir/C_/Users/kd5sn/OneDrive/Documents/Development/pico/pico-sdk/src/common/pico_sync/mutex.c.obj
 .rodata.__func__.4
                0x100081cc       0x15 CMakeFiles/focuser.dir/C_/Users/kd5sn/OneDrive/Documents/Development/pico/pico-sdk/src/common/pico_sync/mutex.c.obj
 .rodata.ph_add_child_node.str1.4
                0x100081e1       0xb6 CMakeFiles/focuser.dir/C_/Users/kd5sn/OneDrive/Documents/Development/pico/pico-sdk/src/common/pico_util/pheap.c.obj
 *fill*         0x100081e1        0x3 
 .rodata.ph_remove_any_head.str1.4
                0x100081e4       0xb0 CMakeFiles/focuser.dir/C_/Users/kd5sn/OneDrive/Documents/Development/pico/pico-sdk/src/common/pico_util/pheap.c.obj
 .rodata.ph_remove_and_free_node.str1.4
                0x10008294       0x26 CMakeFiles/focuser.dir/C_/Users/kd5sn/OneDrive/Documents/Development/pico/pico-sdk/src/common/pico_util/pheap.c.obj
 *fill*         0x100082ba        0x2 
 .rodata.__func__.0
                0x100082bc       0x18 CMakeFiles/focuser.dir/C_/Users/kd5sn/OneDrive/Documents/Development/pico/pico-sdk/src/common/pico_util/pheap.c.obj
 .rodata.__func__.1
                0x100082d4       0x13 CMakeFiles/focuser.dir/C_/Users/kd5sn/OneDrive/Documents/Development/pico/pico-sdk/src/common/pico_util/pheap.c.obj
 *fill*         0x100082e7        0x1 
 .rodata.__func__.2
                0x100082e8       0x12 CMakeFiles/focuser.dir/C_/Users/kd5sn/OneDrive/Documents/Development/pico/pico-sdk/src/common/pico_util/pheap.c.obj
 *fill*         0x100082fa        0x2 
 .rodata.__func__.3
                0x100082fc        0xc CMakeFiles/focuser.dir/C_/Users/kd5sn/OneDrive/Documents/Development/pico/pico-sdk/src/common/pico_util/pheap.c.obj
 .rodata.__assert_func.str1.4
                0x10008308       0x3f CMakeFiles/focuser.dir/C_/Users/kd5sn/OneDrive/Documents/Development/pico/pico-sdk/src/rp2_common/pico_runtime/runtime.c.obj
                                 0x43 (size before relaxing)
 *fill*         0x10008347        0x1 
 .rodata.runtime_init.str1.4
                0x10008348       0x82 CMakeFiles/focuser.dir/C_/Users/kd5sn/OneDrive/Documents/Development/pico/pico-sdk/src/rp2_common/pico_runtime/runtime.c.obj
 *fill*         0x100083ca        0x2 
 .rodata.panic.str1.4
                0x100083cc       0x12 CMakeFiles/focuser.dir/C_/Users/kd5sn/OneDrive/Documents/Development/pico/pico-sdk/src/rp2_common/pico_runtime/runtime.c.obj
 *fill*         0x100083de        0x2 
 .rodata.__func__.1
                0x100083e0        0xd CMakeFiles/focuser.dir/C_/Users/kd5sn/OneDrive/Documents/Development/pico/pico-sdk/src/rp2_common/pico_runtime/runtime.c.obj
 *fill*         0x100083ed        0x3 
 .rodata.clock_configure.str1.4
                0x100083f0       0x78 CMakeFiles/focuser.dir/C_/Users/kd5sn/OneDrive/Documents/Development/pico/pico-sdk/src/rp2_common/hardware_clocks/clocks.c.obj
 .rodata.__func__.1
                0x10008468       0x10 CMakeFiles/focuser.dir/C_/Users/kd5sn/OneDrive/Documents/Development/pico/pico-sdk/src/rp2_common/hardware_clocks/clocks.c.obj
 .rodata.make_branch.str1.4
                0x10008478       0x8e CMakeFiles/focuser.dir/C_/Users/kd5sn/OneDrive/Documents/Development/pico/pico-sdk/src/rp2_common/hardware_irq/irq.c.obj
 *fill*         0x10008506        0x2 
 .rodata.insert_branch_and_link.str1.4
                0x10008508       0x10 CMakeFiles/focuser.dir/C_/Users/kd5sn/OneDrive/Documents/Development/pico/pico-sdk/src/rp2_common/hardware_irq/irq.c.obj
 .rodata.irq_set_exclusive_handler.str1.4
                0x10008518       0x36 CMakeFiles/focuser.dir/C_/Users/kd5sn/OneDrive/Documents/Development/pico/pico-sdk/src/rp2_common/hardware_irq/irq.c.obj
 *fill*         0x1000854e        0x2 
 .rodata.irq_add_shared_handler.str1.4
                0x10008550       0xd9 CMakeFiles/focuser.dir/C_/Users/kd5sn/OneDrive/Documents/Development/pico/pico-sdk/src/rp2_common/hardware_irq/irq.c.obj
 *fill*         0x10008629        0x3 
 .rodata.irq_remove_handler.str1.4
                0x1000862c       0x2a CMakeFiles/focuser.dir/C_/Users/kd5sn/OneDrive/Documents/Development/pico/pico-sdk/src/rp2_common/hardware_irq/irq.c.obj
 *fill*         0x10008656        0x2 
 .rodata.irq_add_tail_to_free_list.str1.4
                0x10008658       0x32 CMakeFiles/focuser.dir/C_/Users/kd5sn/OneDrive/Documents/Development/pico/pico-sdk/src/rp2_common/hardware_irq/irq.c.obj
                                 0x3a (size before relaxing)
 *fill*         0x1000868a        0x2 
 .rodata.__func__.0
                0x1000868c       0x1a CMakeFiles/focuser.dir/C_/Users/kd5sn/OneDrive/Documents/Development/pico/pico-sdk/src/rp2_common/hardware_irq/irq.c.obj
 *fill*         0x100086a6        0x2 
 .rodata.__func__.1
                0x100086a8       0x17 CMakeFiles/focuser.dir/C_/Users/kd5sn/OneDrive/Documents/Development/pico/pico-sdk/src/rp2_common/hardware_irq/irq.c.obj
 *fill*         0x100086bf        0x1 
 .rodata.__func__.2
                0x100086c0       0x13 CMakeFiles/focuser.dir/C_/Users/kd5sn/OneDrive/Documents/Development/pico/pico-sdk/src/rp2_common/hardware_irq/irq.c.obj
 *fill*         0x100086d3        0x1 
 .rodata.__func__.3
                0x100086d4        0xc CMakeFiles/focuser.dir/C_/Users/kd5sn/OneDrive/Documents/Development/pico/pico-sdk/src/rp2_common/hardware_irq/irq.c.obj
 .rodata.__func__.4
                0x100086e0        0xf CMakeFiles/focuser.dir/C_/Users/kd5sn/OneDrive/Documents/Development/pico/pico-sdk/src/rp2_common/hardware_irq/irq.c.obj
 *fill*         0x100086ef        0x1 
 .rodata.__func__.6
                0x100086f0       0x1a CMakeFiles/focuser.dir/C_/Users/kd5sn/OneDrive/Documents/Development/pico/pico-sdk/src/rp2_common/hardware_irq/irq.c.obj
 *fill*         0x1000870a        0x2 
 .rodata.pll_init.str1.4
                0x1000870c       0xfb CMakeFiles/focuser.dir/C_/Users/kd5sn/OneDrive/Documents/Development/pico/pico-sdk/src/rp2_common/hardware_pll/pll.c.obj
 *fill*         0x10008807        0x1 
 .rodata.__func__.0
                0x10008808        0x9 CMakeFiles/focuser.dir/C_/Users/kd5sn/OneDrive/Documents/Development/pico/pico-sdk/src/rp2_common/hardware_pll/pll.c.obj
 *fill*         0x10008811        0x3 
 .rodata._ftoa.str1.4
                0x10008814       0x15 CMakeFiles/focuser.dir/C_/Users/kd5sn/OneDrive/Documents/Development/pico/pico-sdk/src/rp2_common/pico_printf/printf.c.obj
 *fill*         0x10008829        0x3 
 .rodata._vsnprintf
                0x1000882c      0x1e0 CMakeFiles/focuser.dir/C_/Users/kd5sn/OneDrive/Documents/Development/pico/pico-sdk/src/rp2_common/pico_printf/printf.c.obj
 *fill*         0x10008a0c        0x4 
 .rodata.pow10.0
                0x10008a10       0x50 CMakeFiles/focuser.dir/C_/Users/kd5sn/OneDrive/Documents/Development/pico/pico-sdk/src/rp2_common/pico_printf/printf.c.obj
 .rodata.missing_double_func_shim.str1.4
                0x10008a60       0x18 CMakeFiles/focuser.dir/C_/Users/kd5sn/OneDrive/Documents/Development/pico/pico-sdk/src/rp2_common/pico_double/double_init_rom.c.obj
 .rodata.__aeabi_double_init.str1.4
                0x10008a78       0xc9 CMakeFiles/focuser.dir/C_/Users/kd5sn/OneDrive/Documents/Development/pico/pico-sdk/src/rp2_common/pico_double/double_init_rom.c.obj
 *fill*         0x10008b41        0x3 
 .rodata.__func__.0
                0x10008b44       0x14 CMakeFiles/focuser.dir/C_/Users/kd5sn/OneDrive/Documents/Development/pico/pico-sdk/src/rp2_common/pico_double/double_init_rom.c.obj
 .rodata.missing_float_func_shim.str1.4
                0x10008b58        0x1 CMakeFiles/focuser.dir/C_/Users/kd5sn/OneDrive/Documents/Development/pico/pico-sdk/src/rp2_common/pico_float/float_init_rom.c.obj
 .rodata.__aeabi_float_init.str1.4
                0x10008b58       0x9b CMakeFiles/focuser.dir/C_/Users/kd5sn/OneDrive/Documents/Development/pico/pico-sdk/src/rp2_common/pico_float/float_init_rom.c.obj
 *fill*         0x10008bf3        0x1 
 .rodata.__func__.0
                0x10008bf4       0x13 CMakeFiles/focuser.dir/C_/Users/kd5sn/OneDrive/Documents/Development/pico/pico-sdk/src/rp2_common/pico_float/float_init_rom.c.obj
 *fill*         0x10008c07        0x1 
 .rodata.__wrap_malloc.str1.4
                0x10008c08        0xe CMakeFiles/focuser.dir/C_/Users/kd5sn/OneDrive/Documents/Development/pico/pico-sdk/src/rp2_common/pico_malloc/pico_malloc.c.obj
 *fill*         0x10008c16        0x2 
 .rodata.str1.4
                0x10008c18       0x48 CMakeFiles/focuser.dir/C_/Users/kd5sn/OneDrive/Documents/Development/pico/pico-sdk/src/rp2_common/pico_standard_link/binary_info.c.obj
 .rodata.__bi_44
                0x10008c60        0xc CMakeFiles/focuser.dir/C_/Users/kd5sn/OneDrive/Documents/Development/pico/pico-sdk/src/rp2_common/pico_standard_link/binary_info.c.obj
 .rodata.__bi_75
                0x10008c6c        0xc CMakeFiles/focuser.dir/C_/Users/kd5sn/OneDrive/Documents/Development/pico/pico-sdk/src/rp2_common/pico_standard_link/binary_info.c.obj
 .rodata.__bi_81
                0x10008c78        0xc CMakeFiles/focuser.dir/C_/Users/kd5sn/OneDrive/Documents/Development/pico/pico-sdk/src/rp2_common/pico_standard_link/binary_info.c.obj
 .rodata.crlf_str.3
                0x10008c84        0x2 CMakeFiles/focuser.dir/C_/Users/kd5sn/OneDrive/Documents/Development/pico/pico-sdk/src/rp2_common/pico_stdio/stdio.c.obj
 *fill*         0x10008c86        0x2 
 .rodata._resetd_driver
                0x10008c88       0x18 CMakeFiles/focuser.dir/C_/Users/kd5sn/OneDrive/Documents/Development/pico/pico-sdk/src/rp2_common/pico_stdio_usb/reset_interface.c.obj
 .rodata.stdio_usb_init.str1.4
                0x10008ca0       0x82 CMakeFiles/focuser.dir/C_/Users/kd5sn/OneDrive/Documents/Development/pico/pico-sdk/src/rp2_common/pico_stdio_usb/stdio_usb.c.obj
 .rodata.str1.4
                0x10008ca0       0x13 CMakeFiles/focuser.dir/C_/Users/kd5sn/OneDrive/Documents/Development/pico/pico-sdk/src/rp2_common/pico_stdio_usb/stdio_usb.c.obj
 *fill*         0x10008cb3        0x1 
 .rodata.__bi_93.1
                0x10008cb4        0xc CMakeFiles/focuser.dir/C_/Users/kd5sn/OneDrive/Documents/Development/pico/pico-sdk/src/rp2_common/pico_stdio_usb/stdio_usb.c.obj
 .rodata.__func__.0
                0x10008cc0       0x15 CMakeFiles/focuser.dir/C_/Users/kd5sn/OneDrive/Documents/Development/pico/pico-sdk/src/rp2_common/pico_stdio_usb/stdio_usb.c.obj
 *fill*         0x10008cd5        0x3 
 .rodata.str1.4
                0x10008cd8       0x2a CMakeFiles/focuser.dir/C_/Users/kd5sn/OneDrive/Documents/Development/pico/pico-sdk/src/rp2_common/pico_stdio_usb/stdio_usb_descriptors.c.obj
 *fill*         0x10008d02        0x2 
 .rodata.usbd_desc_cfg
                0x10008d04       0x54 CMakeFiles/focuser.dir/C_/Users/kd5sn/OneDrive/Documents/Development/pico/pico-sdk/src/rp2_common/pico_stdio_usb/stdio_usb_descriptors.c.obj
 .rodata.usbd_desc_device
                0x10008d58       0x12 CMakeFiles/focuser.dir/C_/Users/kd5sn/OneDrive/Documents/Development/pico/pico-sdk/src/rp2_common/pico_stdio_usb/stdio_usb_descriptors.c.obj
 *fill*         0x10008d6a        0x2 
 .rodata.usbd_desc_str
                0x10008d6c       0x18 CMakeFiles/focuser.dir/C_/Users/kd5sn/OneDrive/Documents/Development/pico/pico-sdk/src/rp2_common/pico_stdio_usb/stdio_usb_descriptors.c.obj
 .rodata._hw_endpoint_alloc.str1.4
                0x10008d84       0xd9 CMakeFiles/focuser.dir/C_/Users/kd5sn/OneDrive/Documents/Development/pico/pico-sdk/lib/tinyusb/src/portable/raspberrypi/rp2040/dcd_rp2040.c.obj
 *fill*         0x10008e5d        0x3 
 .rodata.dcd_rp2040_irq.str1.4
                0x10008e60       0x14 CMakeFiles/focuser.dir/C_/Users/kd5sn/OneDrive/Documents/Development/pico/pico-sdk/lib/tinyusb/src/portable/raspberrypi/rp2040/dcd_rp2040.c.obj
 .rodata.dcd_int_enable.str1.4
                0x10008e74        0xc CMakeFiles/focuser.dir/C_/Users/kd5sn/OneDrive/Documents/Development/pico/pico-sdk/lib/tinyusb/src/portable/raspberrypi/rp2040/dcd_rp2040.c.obj
 .rodata.__func__.0
                0x10008e80        0xe CMakeFiles/focuser.dir/C_/Users/kd5sn/OneDrive/Documents/Development/pico/pico-sdk/lib/tinyusb/src/portable/raspberrypi/rp2040/dcd_rp2040.c.obj
 *fill*         0x10008e8e        0x2 
 .rodata.__func__.1
                0x10008e90        0xe CMakeFiles/focuser.dir/C_/Users/kd5sn/OneDrive/Documents/Development/pico/pico-sdk/lib/tinyusb/src/portable/raspberrypi/rp2040/dcd_rp2040.c.obj
 *fill*         0x10008e9e        0x2 
 .rodata.__func__.3
                0x10008ea0       0x10 CMakeFiles/focuser.dir/C_/Users/kd5sn/OneDrive/Documents/Development/pico/pico-sdk/lib/tinyusb/src/portable/raspberrypi/rp2040/dcd_rp2040.c.obj
 .rodata.__func__.5
                0x10008eb0        0xf CMakeFiles/focuser.dir/C_/Users/kd5sn/OneDrive/Documents/Development/pico/pico-sdk/lib/tinyusb/src/portable/raspberrypi/rp2040/dcd_rp2040.c.obj
 *fill*         0x10008ebf        0x1 
 .rodata.__func__.6
                0x10008ec0       0x13 CMakeFiles/focuser.dir/C_/Users/kd5sn/OneDrive/Documents/Development/pico/pico-sdk/lib/tinyusb/src/portable/raspberrypi/rp2040/dcd_rp2040.c.obj
 *fill*         0x10008ed3        0x1 
 .rodata.__func__.7
                0x10008ed4        0x9 CMakeFiles/focuser.dir/C_/Users/kd5sn/OneDrive/Documents/Development/pico/pico-sdk/lib/tinyusb/src/portable/raspberrypi/rp2040/dcd_rp2040.c.obj
 *fill*         0x10008edd        0x3 
 .rodata.sync_ep_buffer.str1.4
                0x10008ee0       0xb5 CMakeFiles/focuser.dir/C_/Users/kd5sn/OneDrive/Documents/Development/pico/pico-sdk/lib/tinyusb/src/portable/raspberrypi/rp2040/rp2040_usb.c.obj
 *fill*         0x10008f95        0x3 
 .rodata._hw_endpoint_buffer_control_update32.str1.4
                0x10008f98       0x1f CMakeFiles/focuser.dir/C_/Users/kd5sn/OneDrive/Documents/Development/pico/pico-sdk/lib/tinyusb/src/portable/raspberrypi/rp2040/rp2040_usb.c.obj
 *fill*         0x10008fb7        0x1 
 .rodata.hw_endpoint_xfer_start.str1.4
                0x10008fb8       0x38 CMakeFiles/focuser.dir/C_/Users/kd5sn/OneDrive/Documents/Development/pico/pico-sdk/lib/tinyusb/src/portable/raspberrypi/rp2040/rp2040_usb.c.obj
 .rodata.hw_endpoint_xfer_continue.str1.4
                0x10008ff0       0x29 CMakeFiles/focuser.dir/C_/Users/kd5sn/OneDrive/Documents/Development/pico/pico-sdk/lib/tinyusb/src/portable/raspberrypi/rp2040/rp2040_usb.c.obj
 *fill*         0x10009019        0x3 
 .rodata.str1.4
                0x1000901c        0x7 CMakeFiles/focuser.dir/C_/Users/kd5sn/OneDrive/Documents/Development/pico/pico-sdk/lib/tinyusb/src/portable/raspberrypi/rp2040/rp2040_usb.c.obj
 *fill*         0x10009023        0x1 
 .rodata.__func__.0
                0x10009024        0xf CMakeFiles/focuser.dir/C_/Users/kd5sn/OneDrive/Documents/Development/pico/pico-sdk/lib/tinyusb/src/portable/raspberrypi/rp2040/rp2040_usb.c.obj
 *fill*         0x10009033        0x1 
 .rodata.process_set_config.str1.4
                0x10009034       0x17 CMakeFiles/focuser.dir/C_/Users/kd5sn/OneDrive/Documents/Development/pico/pico-sdk/lib/tinyusb/src/device/usbd.c.obj
 *fill*         0x1000904b        0x1 
 .rodata.process_get_descriptor
                0x1000904c       0x40 CMakeFiles/focuser.dir/C_/Users/kd5sn/OneDrive/Documents/Development/pico/pico-sdk/lib/tinyusb/src/device/usbd.c.obj
 .rodata.process_control_request
                0x1000908c       0x28 CMakeFiles/focuser.dir/C_/Users/kd5sn/OneDrive/Documents/Development/pico/pico-sdk/lib/tinyusb/src/device/usbd.c.obj
 .rodata.tud_task
                0x100090b4       0x24 CMakeFiles/focuser.dir/C_/Users/kd5sn/OneDrive/Documents/Development/pico/pico-sdk/lib/tinyusb/src/device/usbd.c.obj
 .rodata.__func__.2
                0x100090d8        0xf CMakeFiles/focuser.dir/C_/Users/kd5sn/OneDrive/Documents/Development/pico/pico-sdk/lib/tinyusb/src/device/usbd.c.obj
 *fill*         0x100090e7        0x1 
 .rodata.__func__.3
                0x100090e8        0xf CMakeFiles/focuser.dir/C_/Users/kd5sn/OneDrive/Documents/Development/pico/pico-sdk/lib/tinyusb/src/device/usbd.c.obj
 *fill*         0x100090f7        0x1 
 .rodata.__func__.4
                0x100090f8       0x14 CMakeFiles/focuser.dir/C_/Users/kd5sn/OneDrive/Documents/Development/pico/pico-sdk/lib/tinyusb/src/device/usbd.c.obj
 .rodata.__func__.5
                0x1000910c       0x10 CMakeFiles/focuser.dir/C_/Users/kd5sn/OneDrive/Documents/Development/pico/pico-sdk/lib/tinyusb/src/device/usbd.c.obj
 .rodata.__func__.6
                0x1000911c       0x17 CMakeFiles/focuser.dir/C_/Users/kd5sn/OneDrive/Documents/Development/pico/pico-sdk/lib/tinyusb/src/device/usbd.c.obj
 *fill*         0x10009133        0x1 
 .rodata.__func__.7
                0x10009134       0x13 CMakeFiles/focuser.dir/C_/Users/kd5sn/OneDrive/Documents/Development/pico/pico-sdk/lib/tinyusb/src/device/usbd.c.obj
 *fill*         0x10009147        0x1 
 .rodata.__func__.8